<!doctype html public "-//w3c//dtd html 4.0 transitional//en">
<html><head>
<title>Static Call Graph - [.\Objects\NSUC1602_Eval.axf]</title></head>
<body><HR>
<H1>Static Call Graph for image .\Objects\NSUC1602_Eval.axf</H1><HR>
<BR><P>#&#060CALLGRAPH&#062# ARM Linker, 5060750: Last Updated: Mon Jan 05 11:29:37 2026
<BR><P>
<H3>Maximum Stack Usage =        192 bytes + Unknown(Cycles, Untraceable Function Pointers)</H3><H3>
Call chain for Maximum Stack Depth:</H3>
EPWM_IRQHandler &rArr; QPR_FXP_TestLite_Step &rArr; QPR_FXP_TestLite_ReinitIfNeeded &rArr; qprFxpInit &rArr; qpr_update_coefs_q15 &rArr; sincos_q15 &rArr; MM_ThetaTransferTrigonoLut
<P>
<H3>
Mutually Recursive functions
</H3> <LI><a href="#[3f]">HardFaultHandler</a>&nbsp;&nbsp;&nbsp;&rArr;&nbsp;&nbsp;&nbsp;<a href="#[3f]">HardFaultHandler</a><BR>
 <LI><a href="#[1c]">DWDG_IRQHandler</a>&nbsp;&nbsp;&nbsp;&rArr;&nbsp;&nbsp;&nbsp;<a href="#[1c]">DWDG_IRQHandler</a><BR>
 <LI><a href="#[71]">ErrorHandler</a>&nbsp;&nbsp;&nbsp;&rArr;&nbsp;&nbsp;&nbsp;<a href="#[71]">ErrorHandler</a><BR>
</UL>
<P>
<H3>
Function Pointers
</H3><UL>
 <LI><a href="#[15]">ADC_IRQHandler</a> from nvsns_foc.o(i.ADC_IRQHandler) referenced from startup_nsuc1602.o(RESET)
 <LI><a href="#[9]">BusFault_Handler</a> from startup_nsuc1602.o(.text) referenced from startup_nsuc1602.o(RESET)
 <LI><a href="#[1f]">CHP_IRQHandler</a> from fault_handler.o(i.CHP_IRQHandler) referenced from startup_nsuc1602.o(RESET)
 <LI><a href="#[1c]">DWDG_IRQHandler</a> from startup_nsuc1602.o(.text) referenced from startup_nsuc1602.o(RESET)
 <LI><a href="#[c]">DebugMon_Handler</a> from startup_nsuc1602.o(.text) referenced from startup_nsuc1602.o(RESET)
 <LI><a href="#[13]">EPWM_IRQHandler</a> from nvsns_foc.o(i.EPWM_IRQHandler) referenced from startup_nsuc1602.o(RESET)
 <LI><a href="#[18]">FLASH_IRQHandler</a> from handler.o(i.FLASH_IRQHandler) referenced from startup_nsuc1602.o(RESET)
 <LI><a href="#[16]">GDU_IRQHandler</a> from fault_handler.o(i.GDU_IRQHandler) referenced from startup_nsuc1602.o(RESET)
 <LI><a href="#[f]">GPIO_IRQHandler</a> from startup_nsuc1602.o(.text) referenced from startup_nsuc1602.o(RESET)
 <LI><a href="#[7]">HardFault_Handler</a> from startup_nsuc1602.o(.text) referenced from startup_nsuc1602.o(RESET)
 <LI><a href="#[1a]">LINPORT_IRQHandler</a> from lin_identification_and_configuration.o(i.LINPORT_IRQHandler) referenced from startup_nsuc1602.o(RESET)
 <LI><a href="#[12]">LINUART_IRQHandler</a> from lin_init.o(i.LINUART_IRQHandler) referenced from startup_nsuc1602.o(RESET)
 <LI><a href="#[30]">LIN_AssignFrameIDRange</a> from lin_identification_and_configuration.o(i.LIN_AssignFrameIDRange) referenced from lin_identification_and_configuration.o(.constdata)
 <LI><a href="#[2a]">LIN_AssignNAD</a> from lin_identification_and_configuration.o(i.LIN_AssignNAD) referenced from lin_identification_and_configuration.o(.constdata)
 <LI><a href="#[2c]">LIN_ConditionalChangeNAD</a> from lin_identification_and_configuration.o(i.LIN_ConditionalChangeNAD) referenced from lin_identification_and_configuration.o(.constdata)
 <LI><a href="#[2d]">LIN_EnterProgramSession</a> from lin_identification_and_configuration.o(i.LIN_EnterProgramSession) referenced from lin_identification_and_configuration.o(.constdata)
 <LI><a href="#[2b]">LIN_ReadByIdentifier</a> from lin_identification_and_configuration.o(i.LIN_ReadByIdentifier) referenced from lin_identification_and_configuration.o(.constdata)
 <LI><a href="#[2e]">LIN_SNPD</a> from lin_identification_and_configuration.o(i.LIN_SNPD) referenced from lin_identification_and_configuration.o(.constdata)
 <LI><a href="#[2f]">LIN_SaveConfiguration</a> from lin_identification_and_configuration.o(i.LIN_SaveConfiguration) referenced from lin_identification_and_configuration.o(.constdata)
 <LI><a href="#[8]">MemManage_Handler</a> from startup_nsuc1602.o(.text) referenced from startup_nsuc1602.o(RESET)
 <LI><a href="#[6]">NMI_Handler</a> from startup_nsuc1602.o(.text) referenced from startup_nsuc1602.o(RESET)
 <LI><a href="#[1e]">PMU_IRQHandler</a> from fault_handler.o(i.PMU_IRQHandler) referenced from startup_nsuc1602.o(RESET)
 <LI><a href="#[19]">PWMIO_IRQHandler</a> from pwm_appl.o(i.PWMIO_IRQHandler) referenced from startup_nsuc1602.o(RESET)
 <LI><a href="#[d]">PendSV_Handler</a> from startup_nsuc1602.o(.text) referenced from startup_nsuc1602.o(RESET)
 <LI><a href="#[1b]">RFI_IRQHandler</a> from startup_nsuc1602.o(.text) referenced from startup_nsuc1602.o(RESET)
 <LI><a href="#[31]">Reset_Handler</a> from startup_nsuc1602.o(.text) referenced from startup_nsuc1602.o(RESET)
 <LI><a href="#[17]">SPI_IRQHandler</a> from startup_nsuc1602.o(.text) referenced from startup_nsuc1602.o(RESET)
 <LI><a href="#[b]">SVC_Handler</a> from startup_nsuc1602.o(.text) referenced from startup_nsuc1602.o(RESET)
 <LI><a href="#[27]">StateAlign</a> from nvsns_foc.o(i.StateAlign) referenced 2 times from state_machine.o(.constdata)
 <LI><a href="#[26]">StateCalib</a> from nvsns_foc.o(i.StateCalib) referenced 2 times from state_machine.o(.constdata)
 <LI><a href="#[23]">StateFault</a> from nvsns_foc.o(i.StateFault) referenced 81 times from state_machine.o(.constdata)
 <LI><a href="#[24]">StateInit</a> from nvsns_foc.o(i.StateInit) referenced 6 times from state_machine.o(.constdata)
 <LI><a href="#[25]">StateReady</a> from nvsns_foc.o(i.StateReady) referenced 3 times from state_machine.o(.constdata)
 <LI><a href="#[29]">StateReset</a> from nvsns_foc.o(i.StateReset) referenced 2 times from state_machine.o(.constdata)
 <LI><a href="#[28]">StateRun</a> from nvsns_foc.o(i.StateRun) referenced 2 times from state_machine.o(.constdata)
 <LI><a href="#[e]">SysTick_Handler</a> from startup_nsuc1602.o(.text) referenced from startup_nsuc1602.o(RESET)
 <LI><a href="#[21]">SystemInit</a> from system.o(i.SystemInit) referenced from startup_nsuc1602.o(.text)
 <LI><a href="#[10]">TIM0_IRQHandler</a> from startup_nsuc1602.o(.text) referenced from startup_nsuc1602.o(RESET)
 <LI><a href="#[11]">TIM1_IRQHandler</a> from startup_nsuc1602.o(.text) referenced from startup_nsuc1602.o(RESET)
 <LI><a href="#[4]">Task1000msProcess</a> from main.o(i.Task1000msProcess) referenced 2 times from main.o(.data)
 <LI><a href="#[3]">Task100msProcess</a> from main.o(i.Task100msProcess) referenced 2 times from main.o(.data)
 <LI><a href="#[1]">Task10msCanE2promProcess</a> from main.o(i.Task10msCanE2promProcess) referenced 2 times from main.o(.data)
 <LI><a href="#[2]">Task10msProcess</a> from main.o(i.Task10msProcess) referenced 2 times from main.o(.data)
 <LI><a href="#[0]">Task1msProcess</a> from main.o(i.Task1msProcess) referenced 2 times from main.o(.data)
 <LI><a href="#[14]">UART1_IRQHandler</a> from startup_nsuc1602.o(.text) referenced from startup_nsuc1602.o(RESET)
 <LI><a href="#[a]">UsageFault_Handler</a> from startup_nsuc1602.o(.text) referenced from startup_nsuc1602.o(RESET)
 <LI><a href="#[1d]">WWDG_IRQHandler</a> from startup_nsuc1602.o(.text) referenced from startup_nsuc1602.o(RESET)
 <LI><a href="#[22]">__main</a> from entry.o(.ARM.Collect$$$$00000000) referenced from startup_nsuc1602.o(.text)
 <LI><a href="#[20]">main</a> from main.o(i.main) referenced from entry9a.o(.ARM.Collect$$$$0000000B)
</UL>
<P>
<H3>
Global Symbols
</H3>
<P><STRONG><a name="[22]"></a>__main</STRONG> (Thumb, 0 bytes, Stack size unknown bytes, entry.o(.ARM.Collect$$$$00000000))
<BR>[Address Reference Count : 1]<UL><LI> startup_nsuc1602.o(.text)
</UL>
<P><STRONG><a name="[ee]"></a>_main_stk</STRONG> (Thumb, 0 bytes, Stack size unknown bytes, entry2.o(.ARM.Collect$$$$00000001))

<P><STRONG><a name="[32]"></a>_main_scatterload</STRONG> (Thumb, 0 bytes, Stack size unknown bytes, entry5.o(.ARM.Collect$$$$00000004))
<BR><BR>[Calls]<UL><LI><a href="#[33]">&gt;&gt;</a>&nbsp;&nbsp;&nbsp;__scatterload
</UL>

<P><STRONG><a name="[59]"></a>__main_after_scatterload</STRONG> (Thumb, 0 bytes, Stack size unknown bytes, entry5.o(.ARM.Collect$$$$00000004))
<BR><BR>[Called By]<UL><LI><a href="#[33]">&gt;&gt;</a>&nbsp;&nbsp;&nbsp;__scatterload
</UL>

<P><STRONG><a name="[ef]"></a>_main_clock</STRONG> (Thumb, 0 bytes, Stack size unknown bytes, entry7b.o(.ARM.Collect$$$$00000008))

<P><STRONG><a name="[f0]"></a>_main_cpp_init</STRONG> (Thumb, 0 bytes, Stack size unknown bytes, entry8b.o(.ARM.Collect$$$$0000000A))

<P><STRONG><a name="[f1]"></a>_main_init</STRONG> (Thumb, 0 bytes, Stack size unknown bytes, entry9a.o(.ARM.Collect$$$$0000000B))

<P><STRONG><a name="[f2]"></a>__rt_final_cpp</STRONG> (Thumb, 0 bytes, Stack size unknown bytes, entry10a.o(.ARM.Collect$$$$0000000D))

<P><STRONG><a name="[f3]"></a>__rt_final_exit</STRONG> (Thumb, 0 bytes, Stack size unknown bytes, entry11a.o(.ARM.Collect$$$$0000000F))

<P><STRONG><a name="[39]"></a>GCF_CtrlPIrAW_F16</STRONG> (Thumb, 142 bytes, Stack size 0 bytes, gcf_lib.o(.emb_text))
<BR><BR>[Called By]<UL><LI><a href="#[36]">&gt;&gt;</a>&nbsp;&nbsp;&nbsp;AMC_PMSMBemfObsvrDQ_F16
<LI><a href="#[78]">&gt;&gt;</a>&nbsp;&nbsp;&nbsp;FocFastLoop
<LI><a href="#[3d]">&gt;&gt;</a>&nbsp;&nbsp;&nbsp;AMC_TrackObsrv_F16
</UL>

<P><STRONG><a name="[f4]"></a>GCF_CtrlPIpAW_F16</STRONG> (Thumb, 246 bytes, Stack size 0 bytes, gcf_lib.o(.emb_text), UNUSED)

<P><STRONG><a name="[5a]"></a>GCF_IntegratorTR_F16</STRONG> (Thumb, 36 bytes, Stack size 0 bytes, gcf_lib.o(.emb_text))
<BR><BR>[Called By]<UL><LI><a href="#[3d]">&gt;&gt;</a>&nbsp;&nbsp;&nbsp;AMC_TrackObsrv_F16
</UL>

<P><STRONG><a name="[5b]"></a>GCF_LpFilterMA_F16</STRONG> (Thumb, 58 bytes, Stack size 0 bytes, gcf_lib.o(.emb_text))
<BR><BR>[Called By]<UL><LI><a href="#[13]">&gt;&gt;</a>&nbsp;&nbsp;&nbsp;EPWM_IRQHandler
<LI><a href="#[3d]">&gt;&gt;</a>&nbsp;&nbsp;&nbsp;AMC_TrackObsrv_F16
</UL>

<P><STRONG><a name="[7f]"></a>GMC_Svm</STRONG> (Thumb, 198 bytes, Stack size 0 bytes, gmc_lib.o(.emb_text))
<BR><BR>[Called By]<UL><LI><a href="#[78]">&gt;&gt;</a>&nbsp;&nbsp;&nbsp;FocFastLoop
</UL>

<P><STRONG><a name="[79]"></a>GMC_ClarkeF16</STRONG> (Thumb, 38 bytes, Stack size 0 bytes, gmc_lib.o(.emb_text))
<BR><BR>[Called By]<UL><LI><a href="#[78]">&gt;&gt;</a>&nbsp;&nbsp;&nbsp;FocFastLoop
</UL>

<P><STRONG><a name="[38]"></a>GMC_ParkeF16</STRONG> (Thumb, 128 bytes, Stack size 0 bytes, gmc_lib.o(.emb_text))
<BR><BR>[Called By]<UL><LI><a href="#[36]">&gt;&gt;</a>&nbsp;&nbsp;&nbsp;AMC_PMSMBemfObsvrDQ_F16
<LI><a href="#[78]">&gt;&gt;</a>&nbsp;&nbsp;&nbsp;FocFastLoop
</UL>

<P><STRONG><a name="[7c]"></a>GMC_InvParkF16</STRONG> (Thumb, 76 bytes, Stack size 0 bytes, gmc_lib.o(.emb_text))
<BR><BR>[Called By]<UL><LI><a href="#[78]">&gt;&gt;</a>&nbsp;&nbsp;&nbsp;FocFastLoop
</UL>

<P><STRONG><a name="[7d]"></a>GMC_DcBusCompF16</STRONG> (Thumb, 106 bytes, Stack size 0 bytes, gmc_lib.o(.emb_text))
<BR><BR>[Called By]<UL><LI><a href="#[78]">&gt;&gt;</a>&nbsp;&nbsp;&nbsp;FocFastLoop
</UL>

<P><STRONG><a name="[34]"></a>MM_SatDivF16</STRONG> (Thumb, 72 bytes, Stack size 0 bytes, mm_lib.o(.emb_text))
<BR><BR>[Calls]<UL><LI><a href="#[35]">&gt;&gt;</a>&nbsp;&nbsp;&nbsp;MM_DivF16
</UL>
<BR>[Called By]<UL><LI><a href="#[80]">&gt;&gt;</a>&nbsp;&nbsp;&nbsp;FocSlowLoop
<LI><a href="#[eb]">&gt;&gt;</a>&nbsp;&nbsp;&nbsp;qpr_update_coefs_q15
</UL>

<P><STRONG><a name="[35]"></a>MM_DivF16</STRONG> (Thumb, 38 bytes, Stack size 0 bytes, mm_lib.o(.emb_text))
<BR><BR>[Called By]<UL><LI><a href="#[34]">&gt;&gt;</a>&nbsp;&nbsp;&nbsp;MM_SatDivF16
</UL>

<P><STRONG><a name="[36]"></a>AMC_PMSMBemfObsvrDQ_F16</STRONG> (Thumb, 442 bytes, Stack size 0 bytes, amc_lib.o(.emb_text))
<BR><BR>[Stack]<UL><LI>Max Depth = 24<LI>Call Chain = AMC_PMSMBemfObsvrDQ_F16 &rArr; AMC_TrackObsrv_F16
</UL>
<BR>[Calls]<UL><LI><a href="#[37]">&gt;&gt;</a>&nbsp;&nbsp;&nbsp;MM_ThetaTransferTrigonoLut
<LI><a href="#[38]">&gt;&gt;</a>&nbsp;&nbsp;&nbsp;GMC_ParkeF16
<LI><a href="#[39]">&gt;&gt;</a>&nbsp;&nbsp;&nbsp;GCF_CtrlPIrAW_F16
<LI><a href="#[3c]">&gt;&gt;</a>&nbsp;&nbsp;&nbsp;MM_QuartAtanF16
<LI><a href="#[3d]">&gt;&gt;</a>&nbsp;&nbsp;&nbsp;AMC_TrackObsrv_F16
<LI><a href="#[3b]">&gt;&gt;</a>&nbsp;&nbsp;&nbsp;__aeabi_lasr
<LI><a href="#[3a]">&gt;&gt;</a>&nbsp;&nbsp;&nbsp;__aeabi_llsl
</UL>
<BR>[Called By]<UL><LI><a href="#[28]">&gt;&gt;</a>&nbsp;&nbsp;&nbsp;StateRun
</UL>

<P><STRONG><a name="[31]"></a>Reset_Handler</STRONG> (Thumb, 8 bytes, Stack size 0 bytes, startup_nsuc1602.o(.text))

<P><STRONG><a name="[6]"></a>NMI_Handler</STRONG> (Thumb, 8 bytes, Stack size 0 bytes, startup_nsuc1602.o(.text))
<BR><BR>[Calls]<UL><LI><a href="#[3e]">&gt;&gt;</a>&nbsp;&nbsp;&nbsp;NMIHandler
</UL>
<BR>[Address Reference Count : 1]<UL><LI> startup_nsuc1602.o(RESET)
</UL>
<P><STRONG><a name="[7]"></a>HardFault_Handler</STRONG> (Thumb, 8 bytes, Stack size 0 bytes, startup_nsuc1602.o(.text))
<BR><BR>[Calls]<UL><LI><a href="#[3f]">&gt;&gt;</a>&nbsp;&nbsp;&nbsp;HardFaultHandler
</UL>
<BR>[Address Reference Count : 1]<UL><LI> startup_nsuc1602.o(RESET)
</UL>
<P><STRONG><a name="[8]"></a>MemManage_Handler</STRONG> (Thumb, 8 bytes, Stack size 0 bytes, startup_nsuc1602.o(.text))
<BR><BR>[Calls]<UL><LI><a href="#[40]">&gt;&gt;</a>&nbsp;&nbsp;&nbsp;MemManageHandler
</UL>
<BR>[Address Reference Count : 1]<UL><LI> startup_nsuc1602.o(RESET)
</UL>
<P><STRONG><a name="[9]"></a>BusFault_Handler</STRONG> (Thumb, 8 bytes, Stack size 0 bytes, startup_nsuc1602.o(.text))
<BR><BR>[Calls]<UL><LI><a href="#[41]">&gt;&gt;</a>&nbsp;&nbsp;&nbsp;BusFaultHandler
</UL>
<BR>[Address Reference Count : 1]<UL><LI> startup_nsuc1602.o(RESET)
</UL>
<P><STRONG><a name="[a]"></a>UsageFault_Handler</STRONG> (Thumb, 8 bytes, Stack size 0 bytes, startup_nsuc1602.o(.text))
<BR><BR>[Calls]<UL><LI><a href="#[42]">&gt;&gt;</a>&nbsp;&nbsp;&nbsp;UsageFaultHandler
</UL>
<BR>[Address Reference Count : 1]<UL><LI> startup_nsuc1602.o(RESET)
</UL>
<P><STRONG><a name="[b]"></a>SVC_Handler</STRONG> (Thumb, 8 bytes, Stack size 0 bytes, startup_nsuc1602.o(.text))
<BR><BR>[Calls]<UL><LI><a href="#[43]">&gt;&gt;</a>&nbsp;&nbsp;&nbsp;SVCHandler
</UL>
<BR>[Address Reference Count : 1]<UL><LI> startup_nsuc1602.o(RESET)
</UL>
<P><STRONG><a name="[c]"></a>DebugMon_Handler</STRONG> (Thumb, 8 bytes, Stack size 0 bytes, startup_nsuc1602.o(.text))
<BR><BR>[Calls]<UL><LI><a href="#[44]">&gt;&gt;</a>&nbsp;&nbsp;&nbsp;DebugMonHandler
</UL>
<BR>[Address Reference Count : 1]<UL><LI> startup_nsuc1602.o(RESET)
</UL>
<P><STRONG><a name="[d]"></a>PendSV_Handler</STRONG> (Thumb, 8 bytes, Stack size 0 bytes, startup_nsuc1602.o(.text))
<BR><BR>[Calls]<UL><LI><a href="#[45]">&gt;&gt;</a>&nbsp;&nbsp;&nbsp;PendSVHandler
</UL>
<BR>[Address Reference Count : 1]<UL><LI> startup_nsuc1602.o(RESET)
</UL>
<P><STRONG><a name="[e]"></a>SysTick_Handler</STRONG> (Thumb, 8 bytes, Stack size 0 bytes, startup_nsuc1602.o(.text))
<BR><BR>[Calls]<UL><LI><a href="#[46]">&gt;&gt;</a>&nbsp;&nbsp;&nbsp;SysTickHandler
</UL>
<BR>[Address Reference Count : 1]<UL><LI> startup_nsuc1602.o(RESET)
</UL>
<P><STRONG><a name="[1c]"></a>DWDG_IRQHandler</STRONG> (Thumb, 0 bytes, Stack size 0 bytes, startup_nsuc1602.o(.text))
<BR><BR>[Calls]<UL><LI><a href="#[1c]">&gt;&gt;</a>&nbsp;&nbsp;&nbsp;DWDG_IRQHandler
</UL>
<BR>[Called By]<UL><LI><a href="#[1c]">&gt;&gt;</a>&nbsp;&nbsp;&nbsp;DWDG_IRQHandler
</UL>
<BR>[Address Reference Count : 1]<UL><LI> startup_nsuc1602.o(RESET)
</UL>
<P><STRONG><a name="[f]"></a>GPIO_IRQHandler</STRONG> (Thumb, 0 bytes, Stack size 0 bytes, startup_nsuc1602.o(.text))
<BR>[Address Reference Count : 1]<UL><LI> startup_nsuc1602.o(RESET)
</UL>
<P><STRONG><a name="[1b]"></a>RFI_IRQHandler</STRONG> (Thumb, 0 bytes, Stack size 0 bytes, startup_nsuc1602.o(.text))
<BR>[Address Reference Count : 1]<UL><LI> startup_nsuc1602.o(RESET)
</UL>
<P><STRONG><a name="[17]"></a>SPI_IRQHandler</STRONG> (Thumb, 0 bytes, Stack size 0 bytes, startup_nsuc1602.o(.text))
<BR>[Address Reference Count : 1]<UL><LI> startup_nsuc1602.o(RESET)
</UL>
<P><STRONG><a name="[10]"></a>TIM0_IRQHandler</STRONG> (Thumb, 0 bytes, Stack size 0 bytes, startup_nsuc1602.o(.text))
<BR>[Address Reference Count : 1]<UL><LI> startup_nsuc1602.o(RESET)
</UL>
<P><STRONG><a name="[11]"></a>TIM1_IRQHandler</STRONG> (Thumb, 0 bytes, Stack size 0 bytes, startup_nsuc1602.o(.text))
<BR>[Address Reference Count : 1]<UL><LI> startup_nsuc1602.o(RESET)
</UL>
<P><STRONG><a name="[14]"></a>UART1_IRQHandler</STRONG> (Thumb, 0 bytes, Stack size 0 bytes, startup_nsuc1602.o(.text))
<BR>[Address Reference Count : 1]<UL><LI> startup_nsuc1602.o(RESET)
</UL>
<P><STRONG><a name="[1d]"></a>WWDG_IRQHandler</STRONG> (Thumb, 0 bytes, Stack size 0 bytes, startup_nsuc1602.o(.text))
<BR>[Address Reference Count : 1]<UL><LI> startup_nsuc1602.o(RESET)
</UL>
<P><STRONG><a name="[47]"></a>__aeabi_uldivmod</STRONG> (Thumb, 98 bytes, Stack size 40 bytes, uldiv.o(.text))
<BR><BR>[Stack]<UL><LI>Max Depth = 40<LI>Call Chain = __aeabi_uldivmod
</UL>
<BR>[Calls]<UL><LI><a href="#[48]">&gt;&gt;</a>&nbsp;&nbsp;&nbsp;__aeabi_llsr
<LI><a href="#[3a]">&gt;&gt;</a>&nbsp;&nbsp;&nbsp;__aeabi_llsl
</UL>
<BR>[Called By]<UL><LI><a href="#[ca]">&gt;&gt;</a>&nbsp;&nbsp;&nbsp;QPR_FXP_TestLite_ReinitIfNeeded
</UL>

<P><STRONG><a name="[3a]"></a>__aeabi_llsl</STRONG> (Thumb, 30 bytes, Stack size 0 bytes, llshl.o(.text))
<BR><BR>[Called By]<UL><LI><a href="#[36]">&gt;&gt;</a>&nbsp;&nbsp;&nbsp;AMC_PMSMBemfObsvrDQ_F16
<LI><a href="#[4f]">&gt;&gt;</a>&nbsp;&nbsp;&nbsp;_double_epilogue
<LI><a href="#[47]">&gt;&gt;</a>&nbsp;&nbsp;&nbsp;__aeabi_uldivmod
<LI><a href="#[4e]">&gt;&gt;</a>&nbsp;&nbsp;&nbsp;__aeabi_dadd
</UL>

<P><STRONG><a name="[f5]"></a>_ll_shift_l</STRONG> (Thumb, 0 bytes, Stack size 0 bytes, llshl.o(.text), UNUSED)

<P><STRONG><a name="[3b]"></a>__aeabi_lasr</STRONG> (Thumb, 36 bytes, Stack size 0 bytes, llsshr.o(.text))
<BR><BR>[Called By]<UL><LI><a href="#[36]">&gt;&gt;</a>&nbsp;&nbsp;&nbsp;AMC_PMSMBemfObsvrDQ_F16
<LI><a href="#[4e]">&gt;&gt;</a>&nbsp;&nbsp;&nbsp;__aeabi_dadd
</UL>

<P><STRONG><a name="[f6]"></a>_ll_sshift_r</STRONG> (Thumb, 0 bytes, Stack size 0 bytes, llsshr.o(.text), UNUSED)

<P><STRONG><a name="[aa]"></a>__aeabi_memcpy</STRONG> (Thumb, 36 bytes, Stack size 0 bytes, memcpya.o(.text))
<BR><BR>[Called By]<UL><LI><a href="#[a4]">&gt;&gt;</a>&nbsp;&nbsp;&nbsp;NotifyRxTxStatus
<LI><a href="#[a9]">&gt;&gt;</a>&nbsp;&nbsp;&nbsp;LINUART_TransmitDataByFIFO
</UL>

<P><STRONG><a name="[99]"></a>__aeabi_memcpy4</STRONG> (Thumb, 0 bytes, Stack size 0 bytes, memcpya.o(.text))
<BR><BR>[Called By]<UL><LI><a href="#[92]">&gt;&gt;</a>&nbsp;&nbsp;&nbsp;InitFocParas
</UL>

<P><STRONG><a name="[f7]"></a>__aeabi_memcpy8</STRONG> (Thumb, 0 bytes, Stack size 0 bytes, memcpya.o(.text), UNUSED)

<P><STRONG><a name="[4a]"></a>__aeabi_memset</STRONG> (Thumb, 14 bytes, Stack size 0 bytes, memseta.o(.text))
<BR><BR>[Called By]<UL><LI><a href="#[af]">&gt;&gt;</a>&nbsp;&nbsp;&nbsp;SetRequestEnterBootloader
<LI><a href="#[b0]">&gt;&gt;</a>&nbsp;&nbsp;&nbsp;LIN_NodeConfigAndIndentifByDiagnosticFrame
<LI><a href="#[4b]">&gt;&gt;</a>&nbsp;&nbsp;&nbsp;_memset$wrapper
<LI><a href="#[49]">&gt;&gt;</a>&nbsp;&nbsp;&nbsp;__aeabi_memclr
</UL>

<P><STRONG><a name="[f8]"></a>__aeabi_memset4</STRONG> (Thumb, 0 bytes, Stack size 0 bytes, memseta.o(.text), UNUSED)

<P><STRONG><a name="[f9]"></a>__aeabi_memset8</STRONG> (Thumb, 0 bytes, Stack size 0 bytes, memseta.o(.text), UNUSED)

<P><STRONG><a name="[49]"></a>__aeabi_memclr</STRONG> (Thumb, 4 bytes, Stack size 0 bytes, memseta.o(.text), UNUSED)
<BR><BR>[Calls]<UL><LI><a href="#[4a]">&gt;&gt;</a>&nbsp;&nbsp;&nbsp;__aeabi_memset
</UL>

<P><STRONG><a name="[fa]"></a>__aeabi_memclr4</STRONG> (Thumb, 0 bytes, Stack size 0 bytes, memseta.o(.text), UNUSED)

<P><STRONG><a name="[fb]"></a>__aeabi_memclr8</STRONG> (Thumb, 0 bytes, Stack size 0 bytes, memseta.o(.text), UNUSED)

<P><STRONG><a name="[4b]"></a>_memset$wrapper</STRONG> (Thumb, 18 bytes, Stack size 8 bytes, memseta.o(.text), UNUSED)
<BR><BR>[Calls]<UL><LI><a href="#[4a]">&gt;&gt;</a>&nbsp;&nbsp;&nbsp;__aeabi_memset
</UL>

<P><STRONG><a name="[86]"></a>__aeabi_fmul</STRONG> (Thumb, 100 bytes, Stack size 8 bytes, fmul.o(.text))
<BR><BR>[Stack]<UL><LI>Max Depth = 8<LI>Call Chain = __aeabi_fmul
</UL>
<BR>[Called By]<UL><LI><a href="#[8f]">&gt;&gt;</a>&nbsp;&nbsp;&nbsp;IQ_LPFilterSetCutoffHz
<LI><a href="#[85]">&gt;&gt;</a>&nbsp;&nbsp;&nbsp;HFI_CalculateInductanceValues
</UL>

<P><STRONG><a name="[4c]"></a>__aeabi_fdiv</STRONG> (Thumb, 124 bytes, Stack size 8 bytes, fdiv.o(.text))
<BR><BR>[Stack]<UL><LI>Max Depth = 8<LI>Call Chain = __aeabi_fdiv
</UL>
<BR>[Calls]<UL><LI><a href="#[4d]">&gt;&gt;</a>&nbsp;&nbsp;&nbsp;_float_round
</UL>
<BR>[Called By]<UL><LI><a href="#[8f]">&gt;&gt;</a>&nbsp;&nbsp;&nbsp;IQ_LPFilterSetCutoffHz
<LI><a href="#[85]">&gt;&gt;</a>&nbsp;&nbsp;&nbsp;HFI_CalculateInductanceValues
</UL>

<P><STRONG><a name="[90]"></a>__ARM_scalbnf</STRONG> (Thumb, 24 bytes, Stack size 0 bytes, fscalb.o(.text))
<BR><BR>[Called By]<UL><LI><a href="#[8f]">&gt;&gt;</a>&nbsp;&nbsp;&nbsp;IQ_LPFilterSetCutoffHz
</UL>

<P><STRONG><a name="[fc]"></a>scalbnf</STRONG> (Thumb, 0 bytes, Stack size 0 bytes, fscalb.o(.text), UNUSED)

<P><STRONG><a name="[4e]"></a>__aeabi_dadd</STRONG> (Thumb, 322 bytes, Stack size 48 bytes, dadd.o(.text))
<BR><BR>[Stack]<UL><LI>Max Depth = 88<LI>Call Chain = __aeabi_dadd &rArr; _double_epilogue &rArr; _double_round
</UL>
<BR>[Calls]<UL><LI><a href="#[50]">&gt;&gt;</a>&nbsp;&nbsp;&nbsp;_double_round
<LI><a href="#[4f]">&gt;&gt;</a>&nbsp;&nbsp;&nbsp;_double_epilogue
<LI><a href="#[3b]">&gt;&gt;</a>&nbsp;&nbsp;&nbsp;__aeabi_lasr
<LI><a href="#[3a]">&gt;&gt;</a>&nbsp;&nbsp;&nbsp;__aeabi_llsl
</UL>
<BR>[Called By]<UL><LI><a href="#[8c]">&gt;&gt;</a>&nbsp;&nbsp;&nbsp;IQ_LPFilterParaCalc
<LI><a href="#[52]">&gt;&gt;</a>&nbsp;&nbsp;&nbsp;__aeabi_drsub
<LI><a href="#[51]">&gt;&gt;</a>&nbsp;&nbsp;&nbsp;__aeabi_dsub
</UL>

<P><STRONG><a name="[51]"></a>__aeabi_dsub</STRONG> (Thumb, 6 bytes, Stack size 0 bytes, dadd.o(.text), UNUSED)
<BR><BR>[Calls]<UL><LI><a href="#[4e]">&gt;&gt;</a>&nbsp;&nbsp;&nbsp;__aeabi_dadd
</UL>

<P><STRONG><a name="[52]"></a>__aeabi_drsub</STRONG> (Thumb, 6 bytes, Stack size 0 bytes, dadd.o(.text), UNUSED)
<BR><BR>[Calls]<UL><LI><a href="#[4e]">&gt;&gt;</a>&nbsp;&nbsp;&nbsp;__aeabi_dadd
</UL>

<P><STRONG><a name="[53]"></a>__aeabi_dmul</STRONG> (Thumb, 228 bytes, Stack size 48 bytes, dmul.o(.text))
<BR><BR>[Stack]<UL><LI>Max Depth = 88<LI>Call Chain = __aeabi_dmul &rArr; _double_epilogue &rArr; _double_round
</UL>
<BR>[Calls]<UL><LI><a href="#[4f]">&gt;&gt;</a>&nbsp;&nbsp;&nbsp;_double_epilogue
</UL>
<BR>[Called By]<UL><LI><a href="#[9f]">&gt;&gt;</a>&nbsp;&nbsp;&nbsp;InitFreqToAngleIncrement
<LI><a href="#[85]">&gt;&gt;</a>&nbsp;&nbsp;&nbsp;HFI_CalculateInductanceValues
</UL>

<P><STRONG><a name="[54]"></a>__aeabi_ddiv</STRONG> (Thumb, 222 bytes, Stack size 32 bytes, ddiv.o(.text))
<BR><BR>[Stack]<UL><LI>Max Depth = 40<LI>Call Chain = __aeabi_ddiv &rArr; _double_round
</UL>
<BR>[Calls]<UL><LI><a href="#[50]">&gt;&gt;</a>&nbsp;&nbsp;&nbsp;_double_round
</UL>
<BR>[Called By]<UL><LI><a href="#[9f]">&gt;&gt;</a>&nbsp;&nbsp;&nbsp;InitFreqToAngleIncrement
<LI><a href="#[8c]">&gt;&gt;</a>&nbsp;&nbsp;&nbsp;IQ_LPFilterParaCalc
</UL>

<P><STRONG><a name="[88]"></a>__ARM_scalbn</STRONG> (Thumb, 46 bytes, Stack size 16 bytes, dscalb.o(.text))
<BR><BR>[Stack]<UL><LI>Max Depth = 16<LI>Call Chain = __ARM_scalbn
</UL>
<BR>[Called By]<UL><LI><a href="#[8c]">&gt;&gt;</a>&nbsp;&nbsp;&nbsp;IQ_LPFilterParaCalc
<LI><a href="#[85]">&gt;&gt;</a>&nbsp;&nbsp;&nbsp;HFI_CalculateInductanceValues
</UL>

<P><STRONG><a name="[fd]"></a>scalbn</STRONG> (Thumb, 0 bytes, Stack size 16 bytes, dscalb.o(.text), UNUSED)

<P><STRONG><a name="[55]"></a>__aeabi_i2f</STRONG> (Thumb, 18 bytes, Stack size 0 bytes, fflti.o(.text))
<BR><BR>[Stack]<UL><LI>Max Depth = 4<LI>Call Chain = __aeabi_i2f &rArr; _float_epilogue
</UL>
<BR>[Calls]<UL><LI><a href="#[56]">&gt;&gt;</a>&nbsp;&nbsp;&nbsp;_float_epilogue
</UL>
<BR>[Called By]<UL><LI><a href="#[85]">&gt;&gt;</a>&nbsp;&nbsp;&nbsp;HFI_CalculateInductanceValues
</UL>

<P><STRONG><a name="[a0]"></a>__aeabi_f2iz</STRONG> (Thumb, 50 bytes, Stack size 0 bytes, ffixi.o(.text))
<BR><BR>[Called By]<UL><LI><a href="#[9f]">&gt;&gt;</a>&nbsp;&nbsp;&nbsp;InitFreqToAngleIncrement
<LI><a href="#[dd]">&gt;&gt;</a>&nbsp;&nbsp;&nbsp;UpdateLinATCPStatus
</UL>

<P><STRONG><a name="[c0]"></a>__aeabi_f2uiz</STRONG> (Thumb, 40 bytes, Stack size 0 bytes, ffixui.o(.text))
<BR><BR>[Called By]<UL><LI><a href="#[bf]">&gt;&gt;</a>&nbsp;&nbsp;&nbsp;MotorStateCtrl
</UL>

<P><STRONG><a name="[57]"></a>__aeabi_d2iz</STRONG> (Thumb, 62 bytes, Stack size 16 bytes, dfixi.o(.text))
<BR><BR>[Stack]<UL><LI>Max Depth = 16<LI>Call Chain = __aeabi_d2iz
</UL>
<BR>[Calls]<UL><LI><a href="#[48]">&gt;&gt;</a>&nbsp;&nbsp;&nbsp;__aeabi_llsr
</UL>
<BR>[Called By]<UL><LI><a href="#[8c]">&gt;&gt;</a>&nbsp;&nbsp;&nbsp;IQ_LPFilterParaCalc
</UL>

<P><STRONG><a name="[87]"></a>__aeabi_f2d</STRONG> (Thumb, 38 bytes, Stack size 0 bytes, f2d.o(.text))
<BR><BR>[Called By]<UL><LI><a href="#[9f]">&gt;&gt;</a>&nbsp;&nbsp;&nbsp;InitFreqToAngleIncrement
<LI><a href="#[8c]">&gt;&gt;</a>&nbsp;&nbsp;&nbsp;IQ_LPFilterParaCalc
<LI><a href="#[85]">&gt;&gt;</a>&nbsp;&nbsp;&nbsp;HFI_CalculateInductanceValues
</UL>

<P><STRONG><a name="[fe]"></a>__aeabi_cdcmpeq</STRONG> (Thumb, 0 bytes, Stack size 0 bytes, cdcmple.o(.text), UNUSED)

<P><STRONG><a name="[8d]"></a>__aeabi_cdcmple</STRONG> (Thumb, 48 bytes, Stack size 0 bytes, cdcmple.o(.text))
<BR><BR>[Called By]<UL><LI><a href="#[8c]">&gt;&gt;</a>&nbsp;&nbsp;&nbsp;IQ_LPFilterParaCalc
</UL>

<P><STRONG><a name="[8e]"></a>__aeabi_cdrcmple</STRONG> (Thumb, 48 bytes, Stack size 0 bytes, cdrcmple.o(.text))
<BR><BR>[Called By]<UL><LI><a href="#[8c]">&gt;&gt;</a>&nbsp;&nbsp;&nbsp;IQ_LPFilterParaCalc
</UL>

<P><STRONG><a name="[58]"></a>__aeabi_d2f</STRONG> (Thumb, 56 bytes, Stack size 8 bytes, d2f.o(.text))
<BR><BR>[Stack]<UL><LI>Max Depth = 8<LI>Call Chain = __aeabi_d2f
</UL>
<BR>[Calls]<UL><LI><a href="#[4d]">&gt;&gt;</a>&nbsp;&nbsp;&nbsp;_float_round
</UL>
<BR>[Called By]<UL><LI><a href="#[9f]">&gt;&gt;</a>&nbsp;&nbsp;&nbsp;InitFreqToAngleIncrement
<LI><a href="#[85]">&gt;&gt;</a>&nbsp;&nbsp;&nbsp;HFI_CalculateInductanceValues
</UL>

<P><STRONG><a name="[ff]"></a>__aeabi_cfcmpeq</STRONG> (Thumb, 0 bytes, Stack size 0 bytes, cfcmple.o(.text), UNUSED)

<P><STRONG><a name="[91]"></a>__aeabi_cfcmple</STRONG> (Thumb, 20 bytes, Stack size 0 bytes, cfcmple.o(.text))
<BR><BR>[Called By]<UL><LI><a href="#[8f]">&gt;&gt;</a>&nbsp;&nbsp;&nbsp;IQ_LPFilterSetCutoffHz
</UL>

<P><STRONG><a name="[48]"></a>__aeabi_llsr</STRONG> (Thumb, 32 bytes, Stack size 0 bytes, llushr.o(.text))
<BR><BR>[Called By]<UL><LI><a href="#[57]">&gt;&gt;</a>&nbsp;&nbsp;&nbsp;__aeabi_d2iz
<LI><a href="#[4f]">&gt;&gt;</a>&nbsp;&nbsp;&nbsp;_double_epilogue
<LI><a href="#[47]">&gt;&gt;</a>&nbsp;&nbsp;&nbsp;__aeabi_uldivmod
</UL>

<P><STRONG><a name="[100]"></a>_ll_ushift_r</STRONG> (Thumb, 0 bytes, Stack size 0 bytes, llushr.o(.text), UNUSED)

<P><STRONG><a name="[101]"></a>__I$use$fp</STRONG> (Thumb, 0 bytes, Stack size 0 bytes, iusefp.o(.text), UNUSED)

<P><STRONG><a name="[4d]"></a>_float_round</STRONG> (Thumb, 18 bytes, Stack size 0 bytes, fepilogue.o(.text))
<BR><BR>[Called By]<UL><LI><a href="#[58]">&gt;&gt;</a>&nbsp;&nbsp;&nbsp;__aeabi_d2f
<LI><a href="#[4c]">&gt;&gt;</a>&nbsp;&nbsp;&nbsp;__aeabi_fdiv
</UL>

<P><STRONG><a name="[56]"></a>_float_epilogue</STRONG> (Thumb, 92 bytes, Stack size 4 bytes, fepilogue.o(.text))
<BR><BR>[Stack]<UL><LI>Max Depth = 4<LI>Call Chain = _float_epilogue
</UL>
<BR>[Called By]<UL><LI><a href="#[55]">&gt;&gt;</a>&nbsp;&nbsp;&nbsp;__aeabi_i2f
</UL>

<P><STRONG><a name="[50]"></a>_double_round</STRONG> (Thumb, 30 bytes, Stack size 8 bytes, depilogue.o(.text))
<BR><BR>[Stack]<UL><LI>Max Depth = 8<LI>Call Chain = _double_round
</UL>
<BR>[Called By]<UL><LI><a href="#[54]">&gt;&gt;</a>&nbsp;&nbsp;&nbsp;__aeabi_ddiv
<LI><a href="#[4f]">&gt;&gt;</a>&nbsp;&nbsp;&nbsp;_double_epilogue
<LI><a href="#[4e]">&gt;&gt;</a>&nbsp;&nbsp;&nbsp;__aeabi_dadd
</UL>

<P><STRONG><a name="[4f]"></a>_double_epilogue</STRONG> (Thumb, 156 bytes, Stack size 32 bytes, depilogue.o(.text))
<BR><BR>[Stack]<UL><LI>Max Depth = 40<LI>Call Chain = _double_epilogue &rArr; _double_round
</UL>
<BR>[Calls]<UL><LI><a href="#[48]">&gt;&gt;</a>&nbsp;&nbsp;&nbsp;__aeabi_llsr
<LI><a href="#[50]">&gt;&gt;</a>&nbsp;&nbsp;&nbsp;_double_round
<LI><a href="#[3a]">&gt;&gt;</a>&nbsp;&nbsp;&nbsp;__aeabi_llsl
</UL>
<BR>[Called By]<UL><LI><a href="#[4e]">&gt;&gt;</a>&nbsp;&nbsp;&nbsp;__aeabi_dadd
<LI><a href="#[53]">&gt;&gt;</a>&nbsp;&nbsp;&nbsp;__aeabi_dmul
</UL>

<P><STRONG><a name="[33]"></a>__scatterload</STRONG> (Thumb, 28 bytes, Stack size 0 bytes, init.o(.text))
<BR><BR>[Calls]<UL><LI><a href="#[59]">&gt;&gt;</a>&nbsp;&nbsp;&nbsp;__main_after_scatterload
</UL>
<BR>[Called By]<UL><LI><a href="#[32]">&gt;&gt;</a>&nbsp;&nbsp;&nbsp;_main_scatterload
</UL>

<P><STRONG><a name="[102]"></a>__scatterload_rt2</STRONG> (Thumb, 0 bytes, Stack size 0 bytes, init.o(.text), UNUSED)

<P><STRONG><a name="[103]"></a>__decompress</STRONG> (Thumb, 0 bytes, Stack size unknown bytes, __dczerorl.o(.text), UNUSED)

<P><STRONG><a name="[104]"></a>__decompress0</STRONG> (Thumb, 58 bytes, Stack size unknown bytes, __dczerorl.o(.text), UNUSED)

<P><STRONG><a name="[15]"></a>ADC_IRQHandler</STRONG> (Thumb, 14 bytes, Stack size 0 bytes, nvsns_foc.o(i.ADC_IRQHandler))
<BR>[Address Reference Count : 1]<UL><LI> startup_nsuc1602.o(RESET)
</UL>
<P><STRONG><a name="[96]"></a>AMC_FWInit_F16</STRONG> (Thumb, 48 bytes, Stack size 16 bytes, mtr_adv_init.o(i.AMC_FWInit_F16))
<BR><BR>[Stack]<UL><LI>Max Depth = 16<LI>Call Chain = AMC_FWInit_F16
</UL>
<BR>[Called By]<UL><LI><a href="#[92]">&gt;&gt;</a>&nbsp;&nbsp;&nbsp;InitFocParas
</UL>

<P><STRONG><a name="[93]"></a>AMC_InitObsrv_F16</STRONG> (Thumb, 28 bytes, Stack size 0 bytes, amc_lib.o(i.AMC_InitObsrv_F16))
<BR><BR>[Called By]<UL><LI><a href="#[92]">&gt;&gt;</a>&nbsp;&nbsp;&nbsp;InitFocParas
</UL>

<P><STRONG><a name="[3d]"></a>AMC_TrackObsrv_F16</STRONG> (Thumb, 50 bytes, Stack size 24 bytes, amc_lib.o(i.AMC_TrackObsrv_F16))
<BR><BR>[Stack]<UL><LI>Max Depth = 24<LI>Call Chain = AMC_TrackObsrv_F16
</UL>
<BR>[Calls]<UL><LI><a href="#[5b]">&gt;&gt;</a>&nbsp;&nbsp;&nbsp;GCF_LpFilterMA_F16
<LI><a href="#[39]">&gt;&gt;</a>&nbsp;&nbsp;&nbsp;GCF_CtrlPIrAW_F16
<LI><a href="#[5a]">&gt;&gt;</a>&nbsp;&nbsp;&nbsp;GCF_IntegratorTR_F16
</UL>
<BR>[Called By]<UL><LI><a href="#[36]">&gt;&gt;</a>&nbsp;&nbsp;&nbsp;AMC_PMSMBemfObsvrDQ_F16
</UL>

<P><STRONG><a name="[5c]"></a>AlarmCheck10msTask</STRONG> (Thumb, 14 bytes, Stack size 4 bytes, fault_diagnose.o(i.AlarmCheck10msTask))
<BR><BR>[Stack]<UL><LI>Max Depth = 16<LI>Call Chain = AlarmCheck10msTask &rArr; CheckHardwareShortCircuit
</UL>
<BR>[Calls]<UL><LI><a href="#[5e]">&gt;&gt;</a>&nbsp;&nbsp;&nbsp;CheckHardwareShortCircuit
<LI><a href="#[5d]">&gt;&gt;</a>&nbsp;&nbsp;&nbsp;CheckHardwareOcp
</UL>
<BR>[Called By]<UL><LI><a href="#[2]">&gt;&gt;</a>&nbsp;&nbsp;&nbsp;Task10msProcess
</UL>

<P><STRONG><a name="[da]"></a>AlarmCheck1msTask</STRONG> (Thumb, 2 bytes, Stack size 0 bytes, fault_diagnose.o(i.AlarmCheck1msTask))
<BR><BR>[Called By]<UL><LI><a href="#[0]">&gt;&gt;</a>&nbsp;&nbsp;&nbsp;Task1msProcess
</UL>

<P><STRONG><a name="[d8]"></a>AutomaticMode</STRONG> (Thumb, 138 bytes, Stack size 20 bytes, nvsns_foc.o(i.AutomaticMode))
<BR><BR>[Stack]<UL><LI>Max Depth = 20<LI>Call Chain = AutomaticMode
</UL>
<BR>[Called By]<UL><LI><a href="#[28]">&gt;&gt;</a>&nbsp;&nbsp;&nbsp;StateRun
</UL>

<P><STRONG><a name="[d0]"></a>BSM_GetBSMNodeStatus</STRONG> (Thumb, 6 bytes, Stack size 0 bytes, lin_identification_and_configuration.o(i.BSM_GetBSMNodeStatus))
<BR><BR>[Called By]<UL><LI><a href="#[c5]">&gt;&gt;</a>&nbsp;&nbsp;&nbsp;SetLINResponseError
</UL>

<P><STRONG><a name="[cf]"></a>BSM_ResetInFrameEnd</STRONG> (Thumb, 32 bytes, Stack size 0 bytes, lin_identification_and_configuration.o(i.BSM_ResetInFrameEnd))
<BR><BR>[Called By]<UL><LI><a href="#[a3]">&gt;&gt;</a>&nbsp;&nbsp;&nbsp;ResetProtocolState
</UL>

<P><STRONG><a name="[d4]"></a>BrakeOutput</STRONG> (Thumb, 38 bytes, Stack size 0 bytes, nvsns_foc.o(i.BrakeOutput))
<BR><BR>[Called By]<UL><LI><a href="#[27]">&gt;&gt;</a>&nbsp;&nbsp;&nbsp;StateAlign
</UL>

<P><STRONG><a name="[41]"></a>BusFaultHandler</STRONG> (Thumb, 2 bytes, Stack size 0 bytes, handler.o(i.BusFaultHandler))
<BR><BR>[Called By]<UL><LI><a href="#[9]">&gt;&gt;</a>&nbsp;&nbsp;&nbsp;BusFault_Handler
</UL>

<P><STRONG><a name="[1f]"></a>CHP_IRQHandler</STRONG> (Thumb, 50 bytes, Stack size 0 bytes, fault_handler.o(i.CHP_IRQHandler))
<BR>[Address Reference Count : 1]<UL><LI> startup_nsuc1602.o(RESET)
</UL>
<P><STRONG><a name="[64]"></a>CalcIgbtTemp</STRONG> (Thumb, 36 bytes, Stack size 4 bytes, ntcdrive.o(i.CalcIgbtTemp))
<BR><BR>[Stack]<UL><LI>Max Depth = 24<LI>Call Chain = CalcIgbtTemp &rArr; CalcSensorTemp
</UL>
<BR>[Calls]<UL><LI><a href="#[65]">&gt;&gt;</a>&nbsp;&nbsp;&nbsp;CalcSensorTemp
</UL>
<BR>[Called By]<UL><LI><a href="#[4]">&gt;&gt;</a>&nbsp;&nbsp;&nbsp;Task1000msProcess
</UL>

<P><STRONG><a name="[66]"></a>CalcOpenLoop</STRONG> (Thumb, 20 bytes, Stack size 8 bytes, nvsns_foc.o(i.CalcOpenLoop))
<BR><BR>[Stack]<UL><LI>Max Depth = 16<LI>Call Chain = CalcOpenLoop &rArr; GCF_IntegratorTR_F16_AIWIN
</UL>
<BR>[Calls]<UL><LI><a href="#[67]">&gt;&gt;</a>&nbsp;&nbsp;&nbsp;GCF_IntegratorTR_F16_AIWIN
</UL>
<BR>[Called By]<UL><LI><a href="#[28]">&gt;&gt;</a>&nbsp;&nbsp;&nbsp;StateRun
</UL>

<P><STRONG><a name="[65]"></a>CalcSensorTemp</STRONG> (Thumb, 120 bytes, Stack size 20 bytes, ntcdrive.o(i.CalcSensorTemp))
<BR><BR>[Stack]<UL><LI>Max Depth = 20<LI>Call Chain = CalcSensorTemp
</UL>
<BR>[Called By]<UL><LI><a href="#[64]">&gt;&gt;</a>&nbsp;&nbsp;&nbsp;CalcIgbtTemp
</UL>

<P><STRONG><a name="[a8]"></a>CalculateCheckSum</STRONG> (Thumb, 64 bytes, Stack size 8 bytes, lin_init.o(i.CalculateCheckSum))
<BR><BR>[Stack]<UL><LI>Max Depth = 8<LI>Call Chain = CalculateCheckSum
</UL>
<BR>[Called By]<UL><LI><a href="#[a9]">&gt;&gt;</a>&nbsp;&nbsp;&nbsp;LINUART_TransmitDataByFIFO
<LI><a href="#[a7]">&gt;&gt;</a>&nbsp;&nbsp;&nbsp;LINUART_ReceiveDataByFIFO
</UL>

<P><STRONG><a name="[d7]"></a>ChangeAdcQ5ToBEMF</STRONG> (Thumb, 24 bytes, Stack size 0 bytes, nvsns_foc.o(i.ChangeAdcQ5ToBEMF))
<BR><BR>[Called By]<UL><LI><a href="#[26]">&gt;&gt;</a>&nbsp;&nbsp;&nbsp;StateCalib
</UL>

<P><STRONG><a name="[d6]"></a>ChangeAdcQ5ToIbus</STRONG> (Thumb, 24 bytes, Stack size 0 bytes, nvsns_foc.o(i.ChangeAdcQ5ToIbus))
<BR><BR>[Called By]<UL><LI><a href="#[27]">&gt;&gt;</a>&nbsp;&nbsp;&nbsp;StateAlign
</UL>

<P><STRONG><a name="[5d]"></a>CheckHardwareOcp</STRONG> (Thumb, 98 bytes, Stack size 12 bytes, fault_diagnose.o(i.CheckHardwareOcp))
<BR><BR>[Stack]<UL><LI>Max Depth = 12<LI>Call Chain = CheckHardwareOcp
</UL>
<BR>[Called By]<UL><LI><a href="#[5c]">&gt;&gt;</a>&nbsp;&nbsp;&nbsp;AlarmCheck10msTask
</UL>

<P><STRONG><a name="[5e]"></a>CheckHardwareShortCircuit</STRONG> (Thumb, 144 bytes, Stack size 12 bytes, fault_diagnose.o(i.CheckHardwareShortCircuit))
<BR><BR>[Stack]<UL><LI>Max Depth = 12<LI>Call Chain = CheckHardwareShortCircuit
</UL>
<BR>[Called By]<UL><LI><a href="#[5c]">&gt;&gt;</a>&nbsp;&nbsp;&nbsp;AlarmCheck10msTask
</UL>

<P><STRONG><a name="[dc]"></a>CheckSleepStatus</STRONG> (Thumb, 2 bytes, Stack size 0 bytes, sleep_control.o(i.CheckSleepStatus))
<BR><BR>[Called By]<UL><LI><a href="#[0]">&gt;&gt;</a>&nbsp;&nbsp;&nbsp;Task1msProcess
</UL>

<P><STRONG><a name="[9b]"></a>DQ_DualSpaceBlendReset</STRONG> (Thumb, 12 bytes, Stack size 0 bytes, dq_dual_space_switch.o(i.DQ_DualSpaceBlendReset))
<BR><BR>[Called By]<UL><LI><a href="#[92]">&gt;&gt;</a>&nbsp;&nbsp;&nbsp;InitFocParas
</UL>

<P><STRONG><a name="[a2]"></a>DQ_DualSpaceSetBlendStep</STRONG> (Thumb, 6 bytes, Stack size 0 bytes, dq_dual_space_switch.o(i.DQ_DualSpaceSetBlendStep))
<BR><BR>[Called By]<UL><LI><a href="#[a1]">&gt;&gt;</a>&nbsp;&nbsp;&nbsp;InitMotorConfig
</UL>

<P><STRONG><a name="[95]"></a>DeadTimeCompensationInit</STRONG> (Thumb, 28 bytes, Stack size 0 bytes, deadtime_comp.o(i.DeadTimeCompensationInit))
<BR><BR>[Called By]<UL><LI><a href="#[92]">&gt;&gt;</a>&nbsp;&nbsp;&nbsp;InitFocParas
</UL>

<P><STRONG><a name="[44]"></a>DebugMonHandler</STRONG> (Thumb, 2 bytes, Stack size 0 bytes, handler.o(i.DebugMonHandler))
<BR><BR>[Called By]<UL><LI><a href="#[c]">&gt;&gt;</a>&nbsp;&nbsp;&nbsp;DebugMon_Handler
</UL>

<P><STRONG><a name="[68]"></a>Derating_Apply</STRONG> (Thumb, 42 bytes, Stack size 16 bytes, derating_control.o(i.Derating_Apply))
<BR><BR>[Stack]<UL><LI>Max Depth = 16<LI>Call Chain = Derating_Apply
</UL>
<BR>[Calls]<UL><LI><a href="#[69]">&gt;&gt;</a>&nbsp;&nbsp;&nbsp;Derating_GetMaxAllowedRpm
<LI><a href="#[6a]">&gt;&gt;</a>&nbsp;&nbsp;&nbsp;Derating_ConvertRpmToFrac16
</UL>
<BR>[Called By]<UL><LI><a href="#[bf]">&gt;&gt;</a>&nbsp;&nbsp;&nbsp;MotorStateCtrl
</UL>

<P><STRONG><a name="[6a]"></a>Derating_ConvertRpmToFrac16</STRONG> (Thumb, 58 bytes, Stack size 0 bytes, derating_control.o(i.Derating_ConvertRpmToFrac16))
<BR><BR>[Called By]<UL><LI><a href="#[68]">&gt;&gt;</a>&nbsp;&nbsp;&nbsp;Derating_Apply
</UL>

<P><STRONG><a name="[69]"></a>Derating_GetMaxAllowedRpm</STRONG> (Thumb, 22 bytes, Stack size 0 bytes, derating_control.o(i.Derating_GetMaxAllowedRpm))
<BR><BR>[Called By]<UL><LI><a href="#[68]">&gt;&gt;</a>&nbsp;&nbsp;&nbsp;Derating_Apply
</UL>

<P><STRONG><a name="[e8]"></a>Derating_Init</STRONG> (Thumb, 50 bytes, Stack size 8 bytes, derating_control.o(i.Derating_Init))
<BR><BR>[Stack]<UL><LI>Max Depth = 8<LI>Call Chain = Derating_Init
</UL>
<BR>[Called By]<UL><LI><a href="#[20]">&gt;&gt;</a>&nbsp;&nbsp;&nbsp;main
</UL>

<P><STRONG><a name="[d2]"></a>DisableOutput</STRONG> (Thumb, 36 bytes, Stack size 0 bytes, nvsns_foc.o(i.DisableOutput))
<BR><BR>[Called By]<UL><LI><a href="#[29]">&gt;&gt;</a>&nbsp;&nbsp;&nbsp;StateReset
<LI><a href="#[24]">&gt;&gt;</a>&nbsp;&nbsp;&nbsp;StateInit
<LI><a href="#[23]">&gt;&gt;</a>&nbsp;&nbsp;&nbsp;StateFault
<LI><a href="#[26]">&gt;&gt;</a>&nbsp;&nbsp;&nbsp;StateCalib
<LI><a href="#[27]">&gt;&gt;</a>&nbsp;&nbsp;&nbsp;StateAlign
</UL>

<P><STRONG><a name="[13]"></a>EPWM_IRQHandler</STRONG> (Thumb, 466 bytes, Stack size 40 bytes, nvsns_foc.o(i.EPWM_IRQHandler))
<BR><BR>[Stack]<UL><LI>Max Depth = 192<LI>Call Chain = EPWM_IRQHandler &rArr; QPR_FXP_TestLite_Step &rArr; QPR_FXP_TestLite_ReinitIfNeeded &rArr; qprFxpInit &rArr; qpr_update_coefs_q15 &rArr; sincos_q15 &rArr; MM_ThetaTransferTrigonoLut
</UL>
<BR>[Calls]<UL><LI><a href="#[6e]">&gt;&gt;</a>&nbsp;&nbsp;&nbsp;getCurrentMaxMin
<LI><a href="#[6c]">&gt;&gt;</a>&nbsp;&nbsp;&nbsp;QPR_FXP_TestLite_Step
<LI><a href="#[5b]">&gt;&gt;</a>&nbsp;&nbsp;&nbsp;GCF_LpFilterMA_F16
<LI><a href="#[6f]">&gt;&gt;</a>&nbsp;&nbsp;&nbsp;SetPwmDutyAIWIN
<LI><a href="#[6d]">&gt;&gt;</a>&nbsp;&nbsp;&nbsp;saturate_16
<LI><a href="#[6b]">&gt;&gt;</a>&nbsp;&nbsp;&nbsp;Timer_Start
<LI><a href="#[70]">&gt;&gt;</a>&nbsp;&nbsp;&nbsp;Timer_GetFASTTime
</UL>
<BR>[Address Reference Count : 1]<UL><LI> startup_nsuc1602.o(RESET)
</UL>
<P><STRONG><a name="[d5]"></a>EnableOutput</STRONG> (Thumb, 38 bytes, Stack size 0 bytes, nvsns_foc.o(i.EnableOutput))
<BR><BR>[Called By]<UL><LI><a href="#[27]">&gt;&gt;</a>&nbsp;&nbsp;&nbsp;StateAlign
</UL>

<P><STRONG><a name="[b9]"></a>FAULT_Init</STRONG> (Thumb, 178 bytes, Stack size 0 bytes, fault_init.o(i.FAULT_Init))
<BR><BR>[Called By]<UL><LI><a href="#[b3]">&gt;&gt;</a>&nbsp;&nbsp;&nbsp;LinApplMain
</UL>

<P><STRONG><a name="[18]"></a>FLASH_IRQHandler</STRONG> (Thumb, 2 bytes, Stack size 0 bytes, handler.o(i.FLASH_IRQHandler))
<BR>[Address Reference Count : 1]<UL><LI> startup_nsuc1602.o(RESET)
</UL>
<P><STRONG><a name="[72]"></a>FOC_1MSTASK</STRONG> (Thumb, 44 bytes, Stack size 0 bytes, nvsns_foc.o(i.FOC_1MSTASK))
<BR><BR>[Stack]<UL><LI>Max Depth = 4<LI>Call Chain = FOC_1MSTASK &rArr; StateFault
</UL>
<BR>[Calls]<UL><LI><a href="#[23]">&gt;&gt;</a>&nbsp;&nbsp;&nbsp;StateFault
</UL>
<BR>[Called By]<UL><LI><a href="#[0]">&gt;&gt;</a>&nbsp;&nbsp;&nbsp;Task1msProcess
</UL>

<P><STRONG><a name="[73]"></a>FOC_AdcInit</STRONG> (Thumb, 372 bytes, Stack size 8 bytes, foc_init.o(i.FOC_AdcInit))
<BR><BR>[Stack]<UL><LI>Max Depth = 8<LI>Call Chain = FOC_AdcInit
</UL>
<BR>[Calls]<UL><LI><a href="#[75]">&gt;&gt;</a>&nbsp;&nbsp;&nbsp;NVIC_SetPriority
<LI><a href="#[74]">&gt;&gt;</a>&nbsp;&nbsp;&nbsp;NVIC_DisableIRQ
</UL>
<BR>[Called By]<UL><LI><a href="#[b3]">&gt;&gt;</a>&nbsp;&nbsp;&nbsp;LinApplMain
</UL>

<P><STRONG><a name="[76]"></a>FOC_EpwmInit</STRONG> (Thumb, 244 bytes, Stack size 8 bytes, foc_init.o(i.FOC_EpwmInit))
<BR><BR>[Stack]<UL><LI>Max Depth = 8<LI>Call Chain = FOC_EpwmInit
</UL>
<BR>[Calls]<UL><LI><a href="#[75]">&gt;&gt;</a>&nbsp;&nbsp;&nbsp;NVIC_SetPriority
<LI><a href="#[74]">&gt;&gt;</a>&nbsp;&nbsp;&nbsp;NVIC_DisableIRQ
</UL>
<BR>[Called By]<UL><LI><a href="#[b3]">&gt;&gt;</a>&nbsp;&nbsp;&nbsp;LinApplMain
</UL>

<P><STRONG><a name="[77]"></a>FOC_GduInit</STRONG> (Thumb, 528 bytes, Stack size 8 bytes, foc_init.o(i.FOC_GduInit))
<BR><BR>[Stack]<UL><LI>Max Depth = 8<LI>Call Chain = FOC_GduInit
</UL>
<BR>[Calls]<UL><LI><a href="#[75]">&gt;&gt;</a>&nbsp;&nbsp;&nbsp;NVIC_SetPriority
</UL>
<BR>[Called By]<UL><LI><a href="#[b3]">&gt;&gt;</a>&nbsp;&nbsp;&nbsp;LinApplMain
</UL>

<P><STRONG><a name="[d9]"></a>FeedDWDG</STRONG> (Thumb, 14 bytes, Stack size 0 bytes, lin_appl.o(i.FeedDWDG))
<BR><BR>[Called By]<UL><LI><a href="#[2]">&gt;&gt;</a>&nbsp;&nbsp;&nbsp;Task10msProcess
</UL>

<P><STRONG><a name="[67]"></a>GCF_IntegratorTR_F16_AIWIN</STRONG> (Thumb, 36 bytes, Stack size 8 bytes, transform.o(i.GCF_IntegratorTR_F16_AIWIN))
<BR><BR>[Stack]<UL><LI>Max Depth = 8<LI>Call Chain = GCF_IntegratorTR_F16_AIWIN
</UL>
<BR>[Called By]<UL><LI><a href="#[66]">&gt;&gt;</a>&nbsp;&nbsp;&nbsp;CalcOpenLoop
</UL>

<P><STRONG><a name="[82]"></a>GCF_PositionalPI_F16</STRONG> (Thumb, 248 bytes, Stack size 24 bytes, pi.o(i.GCF_PositionalPI_F16))
<BR><BR>[Stack]<UL><LI>Max Depth = 24<LI>Call Chain = GCF_PositionalPI_F16
</UL>
<BR>[Called By]<UL><LI><a href="#[80]">&gt;&gt;</a>&nbsp;&nbsp;&nbsp;FocSlowLoop
</UL>

<P><STRONG><a name="[81]"></a>GCF_Ramp_F16</STRONG> (Thumb, 40 bytes, Stack size 0 bytes, gcf_lib.o(i.GCF_Ramp_F16))
<BR><BR>[Called By]<UL><LI><a href="#[80]">&gt;&gt;</a>&nbsp;&nbsp;&nbsp;FocSlowLoop
</UL>

<P><STRONG><a name="[16]"></a>GDU_IRQHandler</STRONG> (Thumb, 44 bytes, Stack size 0 bytes, fault_handler.o(i.GDU_IRQHandler))
<BR>[Address Reference Count : 1]<UL><LI> startup_nsuc1602.o(RESET)
</UL>
<P><STRONG><a name="[83]"></a>GotoSleep</STRONG> (Thumb, 22 bytes, Stack size 0 bytes, lin_init.o(i.GotoSleep))
<BR><BR>[Calls]<UL><LI><a href="#[84]">&gt;&gt;</a>&nbsp;&nbsp;&nbsp;PrepareToWakeup
</UL>
<BR>[Called By]<UL><LI><a href="#[a4]">&gt;&gt;</a>&nbsp;&nbsp;&nbsp;NotifyRxTxStatus
</UL>

<P><STRONG><a name="[85]"></a>HFI_CalculateInductanceValues</STRONG> (Thumb, 138 bytes, Stack size 24 bytes, hfi_lib.o(i.HFI_CalculateInductanceValues))
<BR><BR>[Stack]<UL><LI>Max Depth = 112<LI>Call Chain = HFI_CalculateInductanceValues &rArr; __aeabi_dmul &rArr; _double_epilogue &rArr; _double_round
</UL>
<BR>[Calls]<UL><LI><a href="#[88]">&gt;&gt;</a>&nbsp;&nbsp;&nbsp;__ARM_scalbn
<LI><a href="#[55]">&gt;&gt;</a>&nbsp;&nbsp;&nbsp;__aeabi_i2f
<LI><a href="#[86]">&gt;&gt;</a>&nbsp;&nbsp;&nbsp;__aeabi_fmul
<LI><a href="#[87]">&gt;&gt;</a>&nbsp;&nbsp;&nbsp;__aeabi_f2d
<LI><a href="#[58]">&gt;&gt;</a>&nbsp;&nbsp;&nbsp;__aeabi_d2f
<LI><a href="#[4c]">&gt;&gt;</a>&nbsp;&nbsp;&nbsp;__aeabi_fdiv
<LI><a href="#[53]">&gt;&gt;</a>&nbsp;&nbsp;&nbsp;__aeabi_dmul
</UL>
<BR>[Called By]<UL><LI><a href="#[4]">&gt;&gt;</a>&nbsp;&nbsp;&nbsp;Task1000msProcess
</UL>

<P><STRONG><a name="[3f]"></a>HardFaultHandler</STRONG> (Thumb, 2 bytes, Stack size 0 bytes, handler.o(i.HardFaultHandler))
<BR><BR>[Calls]<UL><LI><a href="#[3f]">&gt;&gt;</a>&nbsp;&nbsp;&nbsp;HardFaultHandler
</UL>
<BR>[Called By]<UL><LI><a href="#[7]">&gt;&gt;</a>&nbsp;&nbsp;&nbsp;HardFault_Handler
<LI><a href="#[3f]">&gt;&gt;</a>&nbsp;&nbsp;&nbsp;HardFaultHandler
</UL>

<P><STRONG><a name="[89]"></a>IQ_HPFilterInit</STRONG> (Thumb, 18 bytes, Stack size 0 bytes, iq_filter.o(i.IQ_HPFilterInit))
<BR><BR>[Calls]<UL><LI><a href="#[8a]">&gt;&gt;</a>&nbsp;&nbsp;&nbsp;IQ_LPFilterInit
</UL>
<BR>[Called By]<UL><LI><a href="#[92]">&gt;&gt;</a>&nbsp;&nbsp;&nbsp;InitFocParas
</UL>

<P><STRONG><a name="[7a]"></a>IQ_LPFilterCalc</STRONG> (Thumb, 200 bytes, Stack size 16 bytes, iq_filter.o(i.IQ_LPFilterCalc))
<BR><BR>[Stack]<UL><LI>Max Depth = 16<LI>Call Chain = IQ_LPFilterCalc
</UL>
<BR>[Calls]<UL><LI><a href="#[8b]">&gt;&gt;</a>&nbsp;&nbsp;&nbsp;_IQadd
</UL>
<BR>[Called By]<UL><LI><a href="#[78]">&gt;&gt;</a>&nbsp;&nbsp;&nbsp;FocFastLoop
</UL>

<P><STRONG><a name="[8a]"></a>IQ_LPFilterInit</STRONG> (Thumb, 12 bytes, Stack size 0 bytes, iq_filter.o(i.IQ_LPFilterInit))
<BR><BR>[Called By]<UL><LI><a href="#[89]">&gt;&gt;</a>&nbsp;&nbsp;&nbsp;IQ_HPFilterInit
<LI><a href="#[92]">&gt;&gt;</a>&nbsp;&nbsp;&nbsp;InitFocParas
</UL>

<P><STRONG><a name="[8c]"></a>IQ_LPFilterParaCalc</STRONG> (Thumb, 172 bytes, Stack size 24 bytes, iq_filter.o(i.IQ_LPFilterParaCalc))
<BR><BR>[Stack]<UL><LI>Max Depth = 112<LI>Call Chain = IQ_LPFilterParaCalc &rArr; __aeabi_dadd &rArr; _double_epilogue &rArr; _double_round
</UL>
<BR>[Calls]<UL><LI><a href="#[57]">&gt;&gt;</a>&nbsp;&nbsp;&nbsp;__aeabi_d2iz
<LI><a href="#[8d]">&gt;&gt;</a>&nbsp;&nbsp;&nbsp;__aeabi_cdcmple
<LI><a href="#[88]">&gt;&gt;</a>&nbsp;&nbsp;&nbsp;__ARM_scalbn
<LI><a href="#[8e]">&gt;&gt;</a>&nbsp;&nbsp;&nbsp;__aeabi_cdrcmple
<LI><a href="#[87]">&gt;&gt;</a>&nbsp;&nbsp;&nbsp;__aeabi_f2d
<LI><a href="#[54]">&gt;&gt;</a>&nbsp;&nbsp;&nbsp;__aeabi_ddiv
<LI><a href="#[4e]">&gt;&gt;</a>&nbsp;&nbsp;&nbsp;__aeabi_dadd
</UL>
<BR>[Called By]<UL><LI><a href="#[8f]">&gt;&gt;</a>&nbsp;&nbsp;&nbsp;IQ_LPFilterSetCutoffHz
<LI><a href="#[92]">&gt;&gt;</a>&nbsp;&nbsp;&nbsp;InitFocParas
</UL>

<P><STRONG><a name="[8f]"></a>IQ_LPFilterSetCutoffHz</STRONG> (Thumb, 66 bytes, Stack size 16 bytes, iq_filter.o(i.IQ_LPFilterSetCutoffHz))
<BR><BR>[Stack]<UL><LI>Max Depth = 128<LI>Call Chain = IQ_LPFilterSetCutoffHz &rArr; IQ_LPFilterParaCalc &rArr; __aeabi_dadd &rArr; _double_epilogue &rArr; _double_round
</UL>
<BR>[Calls]<UL><LI><a href="#[8c]">&gt;&gt;</a>&nbsp;&nbsp;&nbsp;IQ_LPFilterParaCalc
<LI><a href="#[86]">&gt;&gt;</a>&nbsp;&nbsp;&nbsp;__aeabi_fmul
<LI><a href="#[91]">&gt;&gt;</a>&nbsp;&nbsp;&nbsp;__aeabi_cfcmple
<LI><a href="#[90]">&gt;&gt;</a>&nbsp;&nbsp;&nbsp;__ARM_scalbnf
<LI><a href="#[4c]">&gt;&gt;</a>&nbsp;&nbsp;&nbsp;__aeabi_fdiv
</UL>
<BR>[Called By]<UL><LI><a href="#[92]">&gt;&gt;</a>&nbsp;&nbsp;&nbsp;InitFocParas
</UL>

<P><STRONG><a name="[92]"></a>InitFocParas</STRONG> (Thumb, 1152 bytes, Stack size 48 bytes, nvsns_foc.o(i.InitFocParas))
<BR><BR>[Stack]<UL><LI>Max Depth = 176<LI>Call Chain = InitFocParas &rArr; IQ_LPFilterSetCutoffHz &rArr; IQ_LPFilterParaCalc &rArr; __aeabi_dadd &rArr; _double_epilogue &rArr; _double_round
</UL>
<BR>[Calls]<UL><LI><a href="#[97]">&gt;&gt;</a>&nbsp;&nbsp;&nbsp;stallDetectionInit
<LI><a href="#[9e]">&gt;&gt;</a>&nbsp;&nbsp;&nbsp;qprFxpSetWcByAlphamhz
<LI><a href="#[9d]">&gt;&gt;</a>&nbsp;&nbsp;&nbsp;qprFxpInit
<LI><a href="#[98]">&gt;&gt;</a>&nbsp;&nbsp;&nbsp;motorInitCalculations
<LI><a href="#[9a]">&gt;&gt;</a>&nbsp;&nbsp;&nbsp;PARAM_ID_Init
<LI><a href="#[9c]">&gt;&gt;</a>&nbsp;&nbsp;&nbsp;MulQ15_By_IntmHz
<LI><a href="#[8f]">&gt;&gt;</a>&nbsp;&nbsp;&nbsp;IQ_LPFilterSetCutoffHz
<LI><a href="#[8c]">&gt;&gt;</a>&nbsp;&nbsp;&nbsp;IQ_LPFilterParaCalc
<LI><a href="#[8a]">&gt;&gt;</a>&nbsp;&nbsp;&nbsp;IQ_LPFilterInit
<LI><a href="#[89]">&gt;&gt;</a>&nbsp;&nbsp;&nbsp;IQ_HPFilterInit
<LI><a href="#[95]">&gt;&gt;</a>&nbsp;&nbsp;&nbsp;DeadTimeCompensationInit
<LI><a href="#[9b]">&gt;&gt;</a>&nbsp;&nbsp;&nbsp;DQ_DualSpaceBlendReset
<LI><a href="#[93]">&gt;&gt;</a>&nbsp;&nbsp;&nbsp;AMC_InitObsrv_F16
<LI><a href="#[94]">&gt;&gt;</a>&nbsp;&nbsp;&nbsp;WM_Init
<LI><a href="#[96]">&gt;&gt;</a>&nbsp;&nbsp;&nbsp;AMC_FWInit_F16
<LI><a href="#[99]">&gt;&gt;</a>&nbsp;&nbsp;&nbsp;__aeabi_memcpy4
</UL>
<BR>[Called By]<UL><LI><a href="#[24]">&gt;&gt;</a>&nbsp;&nbsp;&nbsp;StateInit
</UL>

<P><STRONG><a name="[9f]"></a>InitFreqToAngleIncrement</STRONG> (Thumb, 50 bytes, Stack size 16 bytes, transform.o(i.InitFreqToAngleIncrement))
<BR><BR>[Stack]<UL><LI>Max Depth = 104<LI>Call Chain = InitFreqToAngleIncrement &rArr; __aeabi_dmul &rArr; _double_epilogue &rArr; _double_round
</UL>
<BR>[Calls]<UL><LI><a href="#[87]">&gt;&gt;</a>&nbsp;&nbsp;&nbsp;__aeabi_f2d
<LI><a href="#[54]">&gt;&gt;</a>&nbsp;&nbsp;&nbsp;__aeabi_ddiv
<LI><a href="#[58]">&gt;&gt;</a>&nbsp;&nbsp;&nbsp;__aeabi_d2f
<LI><a href="#[a0]">&gt;&gt;</a>&nbsp;&nbsp;&nbsp;__aeabi_f2iz
<LI><a href="#[53]">&gt;&gt;</a>&nbsp;&nbsp;&nbsp;__aeabi_dmul
</UL>
<BR>[Called By]<UL><LI><a href="#[a1]">&gt;&gt;</a>&nbsp;&nbsp;&nbsp;InitMotorConfig
</UL>

<P><STRONG><a name="[a1]"></a>InitMotorConfig</STRONG> (Thumb, 118 bytes, Stack size 24 bytes, nvsns_foc.o(i.InitMotorConfig))
<BR><BR>[Stack]<UL><LI>Max Depth = 128<LI>Call Chain = InitMotorConfig &rArr; InitFreqToAngleIncrement &rArr; __aeabi_dmul &rArr; _double_epilogue &rArr; _double_round
</UL>
<BR>[Calls]<UL><LI><a href="#[9f]">&gt;&gt;</a>&nbsp;&nbsp;&nbsp;InitFreqToAngleIncrement
<LI><a href="#[a2]">&gt;&gt;</a>&nbsp;&nbsp;&nbsp;DQ_DualSpaceSetBlendStep
</UL>
<BR>[Called By]<UL><LI><a href="#[20]">&gt;&gt;</a>&nbsp;&nbsp;&nbsp;main
</UL>

<P><STRONG><a name="[1a]"></a>LINPORT_IRQHandler</STRONG> (Thumb, 74 bytes, Stack size 8 bytes, lin_identification_and_configuration.o(i.LINPORT_IRQHandler))
<BR><BR>[Stack]<UL><LI>Max Depth = 48<LI>Call Chain = LINPORT_IRQHandler &rArr; BSM_BitEndCallback &rArr; BSM_Reset
</UL>
<BR>[Calls]<UL><LI><a href="#[61]">&gt;&gt;</a>&nbsp;&nbsp;&nbsp;BSM_Reset
<LI><a href="#[62]">&gt;&gt;</a>&nbsp;&nbsp;&nbsp;BSM_FeCallback
<LI><a href="#[5f]">&gt;&gt;</a>&nbsp;&nbsp;&nbsp;BSM_BitEndCallback
<LI><a href="#[a3]">&gt;&gt;</a>&nbsp;&nbsp;&nbsp;ResetProtocolState
</UL>
<BR>[Address Reference Count : 1]<UL><LI> startup_nsuc1602.o(RESET)
</UL>
<P><STRONG><a name="[e2]"></a>LINUART_Enable</STRONG> (Thumb, 12 bytes, Stack size 0 bytes, lin_init.o(i.LINUART_Enable))
<BR><BR>[Called By]<UL><LI><a href="#[bc]">&gt;&gt;</a>&nbsp;&nbsp;&nbsp;l_ifc_connect_MyLinIfc
</UL>

<P><STRONG><a name="[12]"></a>LINUART_IRQHandler</STRONG> (Thumb, 148 bytes, Stack size 24 bytes, lin_init.o(i.LINUART_IRQHandler))
<BR><BR>[Stack]<UL><LI>Max Depth = 64<LI>Call Chain = LINUART_IRQHandler &rArr; l_ifc_rx_MyLinIfc &rArr; NotifyRxTxStatus &rArr; LIN_NodeConfigAndIndentifByDiagnosticFrame
</UL>
<BR>[Calls]<UL><LI><a href="#[a6]">&gt;&gt;</a>&nbsp;&nbsp;&nbsp;l_ifc_rx_MyLinIfc
<LI><a href="#[a4]">&gt;&gt;</a>&nbsp;&nbsp;&nbsp;NotifyRxTxStatus
<LI><a href="#[a5]">&gt;&gt;</a>&nbsp;&nbsp;&nbsp;SetLINResponseErrorForUser
<LI><a href="#[a3]">&gt;&gt;</a>&nbsp;&nbsp;&nbsp;ResetProtocolState
</UL>
<BR>[Address Reference Count : 1]<UL><LI> startup_nsuc1602.o(RESET)
</UL>
<P><STRONG><a name="[e3]"></a>LINUART_Init</STRONG> (Thumb, 172 bytes, Stack size 0 bytes, lin_init.o(i.LINUART_Init))
<BR><BR>[Called By]<UL><LI><a href="#[bb]">&gt;&gt;</a>&nbsp;&nbsp;&nbsp;l_ifc_init_MyLinIfc
</UL>

<P><STRONG><a name="[a7]"></a>LINUART_ReceiveDataByFIFO</STRONG> (Thumb, 54 bytes, Stack size 16 bytes, lin_init.o(i.LINUART_ReceiveDataByFIFO))
<BR><BR>[Stack]<UL><LI>Max Depth = 24<LI>Call Chain = LINUART_ReceiveDataByFIFO &rArr; CalculateCheckSum
</UL>
<BR>[Calls]<UL><LI><a href="#[a8]">&gt;&gt;</a>&nbsp;&nbsp;&nbsp;CalculateCheckSum
</UL>
<BR>[Called By]<UL><LI><a href="#[a6]">&gt;&gt;</a>&nbsp;&nbsp;&nbsp;l_ifc_rx_MyLinIfc
</UL>

<P><STRONG><a name="[a9]"></a>LINUART_TransmitDataByFIFO</STRONG> (Thumb, 88 bytes, Stack size 16 bytes, lin_init.o(i.LINUART_TransmitDataByFIFO))
<BR><BR>[Stack]<UL><LI>Max Depth = 24<LI>Call Chain = LINUART_TransmitDataByFIFO &rArr; CalculateCheckSum
</UL>
<BR>[Calls]<UL><LI><a href="#[a8]">&gt;&gt;</a>&nbsp;&nbsp;&nbsp;CalculateCheckSum
<LI><a href="#[aa]">&gt;&gt;</a>&nbsp;&nbsp;&nbsp;__aeabi_memcpy
</UL>
<BR>[Called By]<UL><LI><a href="#[a6]">&gt;&gt;</a>&nbsp;&nbsp;&nbsp;l_ifc_rx_MyLinIfc
</UL>

<P><STRONG><a name="[e4]"></a>LIN_CheckPID</STRONG> (Thumb, 64 bytes, Stack size 0 bytes, lin_api.o(i.LIN_CheckPID))
<BR><BR>[Called By]<UL><LI><a href="#[a6]">&gt;&gt;</a>&nbsp;&nbsp;&nbsp;l_ifc_rx_MyLinIfc
</UL>

<P><STRONG><a name="[e6]"></a>LIN_ClearResponseFlagForDiagnosisFrame</STRONG> (Thumb, 8 bytes, Stack size 0 bytes, lin_identification_and_configuration.o(i.LIN_ClearResponseFlagForDiagnosisFrame))
<BR><BR>[Called By]<UL><LI><a href="#[a6]">&gt;&gt;</a>&nbsp;&nbsp;&nbsp;l_ifc_rx_MyLinIfc
</UL>

<P><STRONG><a name="[e5]"></a>LIN_GetResponseFlagForDiagnosisFrame</STRONG> (Thumb, 6 bytes, Stack size 0 bytes, lin_identification_and_configuration.o(i.LIN_GetResponseFlagForDiagnosisFrame))
<BR><BR>[Called By]<UL><LI><a href="#[a6]">&gt;&gt;</a>&nbsp;&nbsp;&nbsp;l_ifc_rx_MyLinIfc
</UL>

<P><STRONG><a name="[b0]"></a>LIN_NodeConfigAndIndentifByDiagnosticFrame</STRONG> (Thumb, 64 bytes, Stack size 16 bytes, lin_identification_and_configuration.o(i.LIN_NodeConfigAndIndentifByDiagnosticFrame))
<BR><BR>[Stack]<UL><LI>Max Depth = 16<LI>Call Chain = LIN_NodeConfigAndIndentifByDiagnosticFrame
</UL>
<BR>[Calls]<UL><LI><a href="#[4a]">&gt;&gt;</a>&nbsp;&nbsp;&nbsp;__aeabi_memset
</UL>
<BR>[Called By]<UL><LI><a href="#[a4]">&gt;&gt;</a>&nbsp;&nbsp;&nbsp;NotifyRxTxStatus
</UL>

<P><STRONG><a name="[b3]"></a>LinApplMain</STRONG> (Thumb, 304 bytes, Stack size 8 bytes, lin_appl.o(i.LinApplMain))
<BR><BR>[Stack]<UL><LI>Max Depth = 32<LI>Call Chain = LinApplMain &rArr; l_sys_init &rArr; ReadPIDFromNVR
</UL>
<BR>[Calls]<UL><LI><a href="#[bd]">&gt;&gt;</a>&nbsp;&nbsp;&nbsp;l_ver_trans_data_buffer
<LI><a href="#[ba]">&gt;&gt;</a>&nbsp;&nbsp;&nbsp;l_sys_init
<LI><a href="#[bb]">&gt;&gt;</a>&nbsp;&nbsp;&nbsp;l_ifc_init_MyLinIfc
<LI><a href="#[bc]">&gt;&gt;</a>&nbsp;&nbsp;&nbsp;l_ifc_connect_MyLinIfc
<LI><a href="#[b7]">&gt;&gt;</a>&nbsp;&nbsp;&nbsp;SysTick_Init
<LI><a href="#[77]">&gt;&gt;</a>&nbsp;&nbsp;&nbsp;FOC_GduInit
<LI><a href="#[76]">&gt;&gt;</a>&nbsp;&nbsp;&nbsp;FOC_EpwmInit
<LI><a href="#[73]">&gt;&gt;</a>&nbsp;&nbsp;&nbsp;FOC_AdcInit
<LI><a href="#[b9]">&gt;&gt;</a>&nbsp;&nbsp;&nbsp;FAULT_Init
<LI><a href="#[b6]">&gt;&gt;</a>&nbsp;&nbsp;&nbsp;PowerEnableReverse
<LI><a href="#[b4]">&gt;&gt;</a>&nbsp;&nbsp;&nbsp;PowerEnableGPIO_Init
<LI><a href="#[b5]">&gt;&gt;</a>&nbsp;&nbsp;&nbsp;PowerEnableForward
<LI><a href="#[be]">&gt;&gt;</a>&nbsp;&nbsp;&nbsp;InitWatchDog
<LI><a href="#[71]">&gt;&gt;</a>&nbsp;&nbsp;&nbsp;ErrorHandler
<LI><a href="#[b8]">&gt;&gt;</a>&nbsp;&nbsp;&nbsp;DebugGPIO_Init
</UL>
<BR>[Called By]<UL><LI><a href="#[20]">&gt;&gt;</a>&nbsp;&nbsp;&nbsp;main
</UL>

<P><STRONG><a name="[7e]"></a>MM_AtanXYF16</STRONG> (Thumb, 112 bytes, Stack size 8 bytes, mm_lib.o(i.MM_AtanXYF16))
<BR><BR>[Stack]<UL><LI>Max Depth = 8<LI>Call Chain = MM_AtanXYF16
</UL>
<BR>[Called By]<UL><LI><a href="#[d3]">&gt;&gt;</a>&nbsp;&nbsp;&nbsp;WM_WindDetection
<LI><a href="#[78]">&gt;&gt;</a>&nbsp;&nbsp;&nbsp;FocFastLoop
</UL>

<P><STRONG><a name="[3c]"></a>MM_QuartAtanF16</STRONG> (Thumb, 106 bytes, Stack size 12 bytes, mm_lib.o(i.MM_QuartAtanF16))
<BR><BR>[Stack]<UL><LI>Max Depth = 12<LI>Call Chain = MM_QuartAtanF16
</UL>
<BR>[Called By]<UL><LI><a href="#[36]">&gt;&gt;</a>&nbsp;&nbsp;&nbsp;AMC_PMSMBemfObsvrDQ_F16
</UL>

<P><STRONG><a name="[7b]"></a>MM_SqrtLut_F16</STRONG> (Thumb, 54 bytes, Stack size 0 bytes, mm_lib.o(i.MM_SqrtLut_F16))
<BR><BR>[Called By]<UL><LI><a href="#[80]">&gt;&gt;</a>&nbsp;&nbsp;&nbsp;FocSlowLoop
<LI><a href="#[78]">&gt;&gt;</a>&nbsp;&nbsp;&nbsp;FocFastLoop
</UL>

<P><STRONG><a name="[37]"></a>MM_ThetaTransferTrigonoLut</STRONG> (Thumb, 138 bytes, Stack size 8 bytes, mm_lib.o(i.MM_ThetaTransferTrigonoLut))
<BR><BR>[Stack]<UL><LI>Max Depth = 8<LI>Call Chain = MM_ThetaTransferTrigonoLut
</UL>
<BR>[Called By]<UL><LI><a href="#[36]">&gt;&gt;</a>&nbsp;&nbsp;&nbsp;AMC_PMSMBemfObsvrDQ_F16
<LI><a href="#[78]">&gt;&gt;</a>&nbsp;&nbsp;&nbsp;FocFastLoop
<LI><a href="#[ed]">&gt;&gt;</a>&nbsp;&nbsp;&nbsp;sincos_q15
<LI><a href="#[cb]">&gt;&gt;</a>&nbsp;&nbsp;&nbsp;qpr_sin_q15_local
</UL>

<P><STRONG><a name="[e9]"></a>MainTask</STRONG> (Thumb, 64 bytes, Stack size 24 bytes, main.o(i.MainTask))
<BR><BR>[Stack]<UL><LI>Max Depth = 24<LI>Call Chain = MainTask
</UL>
<BR>[Called By]<UL><LI><a href="#[20]">&gt;&gt;</a>&nbsp;&nbsp;&nbsp;main
</UL>

<P><STRONG><a name="[40]"></a>MemManageHandler</STRONG> (Thumb, 2 bytes, Stack size 0 bytes, handler.o(i.MemManageHandler))
<BR><BR>[Called By]<UL><LI><a href="#[8]">&gt;&gt;</a>&nbsp;&nbsp;&nbsp;MemManage_Handler
</UL>

<P><STRONG><a name="[bf]"></a>MotorStateCtrl</STRONG> (Thumb, 212 bytes, Stack size 24 bytes, motor_state_ctrl.o(i.MotorStateCtrl))
<BR><BR>[Stack]<UL><LI>Max Depth = 40<LI>Call Chain = MotorStateCtrl &rArr; Derating_Apply
</UL>
<BR>[Calls]<UL><LI><a href="#[68]">&gt;&gt;</a>&nbsp;&nbsp;&nbsp;Derating_Apply
<LI><a href="#[c0]">&gt;&gt;</a>&nbsp;&nbsp;&nbsp;__aeabi_f2uiz
<LI><a href="#[c1]">&gt;&gt;</a>&nbsp;&nbsp;&nbsp;PWMOUT_SetEnable
<LI><a href="#[c2]">&gt;&gt;</a>&nbsp;&nbsp;&nbsp;PWMOUT_Set
</UL>
<BR>[Called By]<UL><LI><a href="#[0]">&gt;&gt;</a>&nbsp;&nbsp;&nbsp;Task1msProcess
</UL>

<P><STRONG><a name="[9c]"></a>MulQ15_By_IntmHz</STRONG> (Thumb, 10 bytes, Stack size 0 bytes, qpr_fixed.o(i.MulQ15_By_IntmHz))
<BR><BR>[Called By]<UL><LI><a href="#[9e]">&gt;&gt;</a>&nbsp;&nbsp;&nbsp;qprFxpSetWcByAlphamhz
<LI><a href="#[92]">&gt;&gt;</a>&nbsp;&nbsp;&nbsp;InitFocParas
<LI><a href="#[ca]">&gt;&gt;</a>&nbsp;&nbsp;&nbsp;QPR_FXP_TestLite_ReinitIfNeeded
</UL>

<P><STRONG><a name="[3e]"></a>NMIHandler</STRONG> (Thumb, 2 bytes, Stack size 0 bytes, handler.o(i.NMIHandler))
<BR><BR>[Called By]<UL><LI><a href="#[6]">&gt;&gt;</a>&nbsp;&nbsp;&nbsp;NMI_Handler
</UL>

<P><STRONG><a name="[a4]"></a>NotifyRxTxStatus</STRONG> (Thumb, 254 bytes, Stack size 8 bytes, lin_api.o(i.NotifyRxTxStatus))
<BR><BR>[Stack]<UL><LI>Max Depth = 24<LI>Call Chain = NotifyRxTxStatus &rArr; LIN_NodeConfigAndIndentifByDiagnosticFrame
</UL>
<BR>[Calls]<UL><LI><a href="#[c4]">&gt;&gt;</a>&nbsp;&nbsp;&nbsp;l_flg_set_update_flags
<LI><a href="#[c3]">&gt;&gt;</a>&nbsp;&nbsp;&nbsp;ResetLINResponseErrorForUser
<LI><a href="#[83]">&gt;&gt;</a>&nbsp;&nbsp;&nbsp;GotoSleep
<LI><a href="#[a3]">&gt;&gt;</a>&nbsp;&nbsp;&nbsp;ResetProtocolState
<LI><a href="#[b0]">&gt;&gt;</a>&nbsp;&nbsp;&nbsp;LIN_NodeConfigAndIndentifByDiagnosticFrame
<LI><a href="#[c5]">&gt;&gt;</a>&nbsp;&nbsp;&nbsp;SetLINResponseError
<LI><a href="#[c6]">&gt;&gt;</a>&nbsp;&nbsp;&nbsp;BusIdleStartMeasurement
<LI><a href="#[aa]">&gt;&gt;</a>&nbsp;&nbsp;&nbsp;__aeabi_memcpy
</UL>
<BR>[Called By]<UL><LI><a href="#[a6]">&gt;&gt;</a>&nbsp;&nbsp;&nbsp;l_ifc_rx_MyLinIfc
<LI><a href="#[12]">&gt;&gt;</a>&nbsp;&nbsp;&nbsp;LINUART_IRQHandler
</UL>

<P><STRONG><a name="[9a]"></a>PARAM_ID_Init</STRONG> (Thumb, 96 bytes, Stack size 0 bytes, foclib_init.o(i.PARAM_ID_Init))
<BR><BR>[Called By]<UL><LI><a href="#[92]">&gt;&gt;</a>&nbsp;&nbsp;&nbsp;InitFocParas
</UL>

<P><STRONG><a name="[1e]"></a>PMU_IRQHandler</STRONG> (Thumb, 72 bytes, Stack size 0 bytes, fault_handler.o(i.PMU_IRQHandler))
<BR>[Address Reference Count : 1]<UL><LI> startup_nsuc1602.o(RESET)
</UL>
<P><STRONG><a name="[c8]"></a>PWMIO_CheckTimeout</STRONG> (Thumb, 52 bytes, Stack size 8 bytes, pwm_appl.o(i.PWMIO_CheckTimeout))
<BR><BR>[Stack]<UL><LI>Max Depth = 8<LI>Call Chain = PWMIO_CheckTimeout
</UL>
<BR>[Called By]<UL><LI><a href="#[c7]">&gt;&gt;</a>&nbsp;&nbsp;&nbsp;PWMIO_Task10ms
</UL>

<P><STRONG><a name="[c9]"></a>PWMIO_ConfirmDutyCycle</STRONG> (Thumb, 46 bytes, Stack size 8 bytes, pwm_appl.o(i.PWMIO_ConfirmDutyCycle))
<BR><BR>[Stack]<UL><LI>Max Depth = 8<LI>Call Chain = PWMIO_ConfirmDutyCycle
</UL>
<BR>[Called By]<UL><LI><a href="#[c7]">&gt;&gt;</a>&nbsp;&nbsp;&nbsp;PWMIO_Task10ms
</UL>

<P><STRONG><a name="[19]"></a>PWMIO_IRQHandler</STRONG> (Thumb, 158 bytes, Stack size 20 bytes, pwm_appl.o(i.PWMIO_IRQHandler))
<BR><BR>[Stack]<UL><LI>Max Depth = 20<LI>Call Chain = PWMIO_IRQHandler
</UL>
<BR>[Address Reference Count : 1]<UL><LI> startup_nsuc1602.o(RESET)
</UL>
<P><STRONG><a name="[c7]"></a>PWMIO_Task10ms</STRONG> (Thumb, 14 bytes, Stack size 4 bytes, pwm_appl.o(i.PWMIO_Task10ms))
<BR><BR>[Stack]<UL><LI>Max Depth = 12<LI>Call Chain = PWMIO_Task10ms &rArr; PWMIO_ConfirmDutyCycle
</UL>
<BR>[Calls]<UL><LI><a href="#[c9]">&gt;&gt;</a>&nbsp;&nbsp;&nbsp;PWMIO_ConfirmDutyCycle
<LI><a href="#[c8]">&gt;&gt;</a>&nbsp;&nbsp;&nbsp;PWMIO_CheckTimeout
</UL>
<BR>[Called By]<UL><LI><a href="#[2]">&gt;&gt;</a>&nbsp;&nbsp;&nbsp;Task10msProcess
</UL>

<P><STRONG><a name="[c2]"></a>PWMOUT_Set</STRONG> (Thumb, 50 bytes, Stack size 0 bytes, pwm_appl.o(i.PWMOUT_Set))
<BR><BR>[Called By]<UL><LI><a href="#[bf]">&gt;&gt;</a>&nbsp;&nbsp;&nbsp;MotorStateCtrl
</UL>

<P><STRONG><a name="[c1]"></a>PWMOUT_SetEnable</STRONG> (Thumb, 44 bytes, Stack size 0 bytes, pwm_appl.o(i.PWMOUT_SetEnable))
<BR><BR>[Called By]<UL><LI><a href="#[bf]">&gt;&gt;</a>&nbsp;&nbsp;&nbsp;MotorStateCtrl
</UL>

<P><STRONG><a name="[45]"></a>PendSVHandler</STRONG> (Thumb, 2 bytes, Stack size 0 bytes, handler.o(i.PendSVHandler))
<BR><BR>[Called By]<UL><LI><a href="#[d]">&gt;&gt;</a>&nbsp;&nbsp;&nbsp;PendSV_Handler
</UL>

<P><STRONG><a name="[b5]"></a>PowerEnableForward</STRONG> (Thumb, 20 bytes, Stack size 0 bytes, lin_appl.o(i.PowerEnableForward))
<BR><BR>[Called By]<UL><LI><a href="#[b3]">&gt;&gt;</a>&nbsp;&nbsp;&nbsp;LinApplMain
</UL>

<P><STRONG><a name="[b4]"></a>PowerEnableGPIO_Init</STRONG> (Thumb, 116 bytes, Stack size 0 bytes, lin_appl.o(i.PowerEnableGPIO_Init))
<BR><BR>[Called By]<UL><LI><a href="#[b3]">&gt;&gt;</a>&nbsp;&nbsp;&nbsp;LinApplMain
</UL>

<P><STRONG><a name="[b6]"></a>PowerEnableReverse</STRONG> (Thumb, 20 bytes, Stack size 0 bytes, lin_appl.o(i.PowerEnableReverse))
<BR><BR>[Called By]<UL><LI><a href="#[b3]">&gt;&gt;</a>&nbsp;&nbsp;&nbsp;LinApplMain
</UL>

<P><STRONG><a name="[84]"></a>PrepareToWakeup</STRONG> (Thumb, 2 bytes, Stack size 0 bytes, lin_init.o(i.PrepareToWakeup))
<BR><BR>[Called By]<UL><LI><a href="#[83]">&gt;&gt;</a>&nbsp;&nbsp;&nbsp;GotoSleep
<LI><a href="#[ba]">&gt;&gt;</a>&nbsp;&nbsp;&nbsp;l_sys_init
</UL>

<P><STRONG><a name="[6c]"></a>QPR_FXP_TestLite_Step</STRONG> (Thumb, 116 bytes, Stack size 16 bytes, qpr_fixed.o(i.QPR_FXP_TestLite_Step))
<BR><BR>[Stack]<UL><LI>Max Depth = 152<LI>Call Chain = QPR_FXP_TestLite_Step &rArr; QPR_FXP_TestLite_ReinitIfNeeded &rArr; qprFxpInit &rArr; qpr_update_coefs_q15 &rArr; sincos_q15 &rArr; MM_ThetaTransferTrigonoLut
</UL>
<BR>[Calls]<UL><LI><a href="#[cd]">&gt;&gt;</a>&nbsp;&nbsp;&nbsp;WrapAngleSumQ15
<LI><a href="#[cc]">&gt;&gt;</a>&nbsp;&nbsp;&nbsp;qprFxpUpdate
<LI><a href="#[cb]">&gt;&gt;</a>&nbsp;&nbsp;&nbsp;qpr_sin_q15_local
<LI><a href="#[ca]">&gt;&gt;</a>&nbsp;&nbsp;&nbsp;QPR_FXP_TestLite_ReinitIfNeeded
</UL>
<BR>[Called By]<UL><LI><a href="#[13]">&gt;&gt;</a>&nbsp;&nbsp;&nbsp;EPWM_IRQHandler
</UL>

<P><STRONG><a name="[b2]"></a>ReadNADFromNVR</STRONG> (Thumb, 26 bytes, Stack size 0 bytes, lin_nvr.o(i.ReadNADFromNVR))
<BR><BR>[Called By]<UL><LI><a href="#[2e]">&gt;&gt;</a>&nbsp;&nbsp;&nbsp;LIN_SNPD
<LI><a href="#[ba]">&gt;&gt;</a>&nbsp;&nbsp;&nbsp;l_sys_init
</UL>

<P><STRONG><a name="[e7]"></a>ReadPIDFromNVR</STRONG> (Thumb, 56 bytes, Stack size 16 bytes, lin_nvr.o(i.ReadPIDFromNVR))
<BR><BR>[Stack]<UL><LI>Max Depth = 16<LI>Call Chain = ReadPIDFromNVR
</UL>
<BR>[Called By]<UL><LI><a href="#[ba]">&gt;&gt;</a>&nbsp;&nbsp;&nbsp;l_sys_init
</UL>

<P><STRONG><a name="[c3]"></a>ResetLINResponseErrorForUser</STRONG> (Thumb, 36 bytes, Stack size 8 bytes, lin_init.o(i.ResetLINResponseErrorForUser))
<BR><BR>[Stack]<UL><LI>Max Depth = 8<LI>Call Chain = ResetLINResponseErrorForUser
</UL>
<BR>[Calls]<UL><LI><a href="#[ce]">&gt;&gt;</a>&nbsp;&nbsp;&nbsp;WriteResponseError
</UL>
<BR>[Called By]<UL><LI><a href="#[a4]">&gt;&gt;</a>&nbsp;&nbsp;&nbsp;NotifyRxTxStatus
</UL>

<P><STRONG><a name="[a3]"></a>ResetProtocolState</STRONG> (Thumb, 38 bytes, Stack size 8 bytes, lin_init.o(i.ResetProtocolState))
<BR><BR>[Stack]<UL><LI>Max Depth = 8<LI>Call Chain = ResetProtocolState
</UL>
<BR>[Calls]<UL><LI><a href="#[cf]">&gt;&gt;</a>&nbsp;&nbsp;&nbsp;BSM_ResetInFrameEnd
</UL>
<BR>[Called By]<UL><LI><a href="#[a4]">&gt;&gt;</a>&nbsp;&nbsp;&nbsp;NotifyRxTxStatus
<LI><a href="#[12]">&gt;&gt;</a>&nbsp;&nbsp;&nbsp;LINUART_IRQHandler
<LI><a href="#[1a]">&gt;&gt;</a>&nbsp;&nbsp;&nbsp;LINPORT_IRQHandler
</UL>

<P><STRONG><a name="[43]"></a>SVCHandler</STRONG> (Thumb, 2 bytes, Stack size 0 bytes, handler.o(i.SVCHandler))
<BR><BR>[Called By]<UL><LI><a href="#[b]">&gt;&gt;</a>&nbsp;&nbsp;&nbsp;SVC_Handler
</UL>

<P><STRONG><a name="[c5]"></a>SetLINResponseError</STRONG> (Thumb, 54 bytes, Stack size 8 bytes, lin_api.o(i.SetLINResponseError))
<BR><BR>[Stack]<UL><LI>Max Depth = 8<LI>Call Chain = SetLINResponseError
</UL>
<BR>[Calls]<UL><LI><a href="#[d0]">&gt;&gt;</a>&nbsp;&nbsp;&nbsp;BSM_GetBSMNodeStatus
</UL>
<BR>[Called By]<UL><LI><a href="#[a4]">&gt;&gt;</a>&nbsp;&nbsp;&nbsp;NotifyRxTxStatus
</UL>

<P><STRONG><a name="[a5]"></a>SetLINResponseErrorForUser</STRONG> (Thumb, 58 bytes, Stack size 0 bytes, lin_init.o(i.SetLINResponseErrorForUser))
<BR><BR>[Calls]<UL><LI><a href="#[ce]">&gt;&gt;</a>&nbsp;&nbsp;&nbsp;WriteResponseError
</UL>
<BR>[Called By]<UL><LI><a href="#[12]">&gt;&gt;</a>&nbsp;&nbsp;&nbsp;LINUART_IRQHandler
</UL>

<P><STRONG><a name="[6f]"></a>SetPwmDutyAIWIN</STRONG> (Thumb, 490 bytes, Stack size 20 bytes, nvsns_foc.o(i.SetPwmDutyAIWIN))
<BR><BR>[Stack]<UL><LI>Max Depth = 20<LI>Call Chain = SetPwmDutyAIWIN
</UL>
<BR>[Called By]<UL><LI><a href="#[13]">&gt;&gt;</a>&nbsp;&nbsp;&nbsp;EPWM_IRQHandler
</UL>

<P><STRONG><a name="[af]"></a>SetRequestEnterBootloader</STRONG> (Thumb, 78 bytes, Stack size 8 bytes, lin_nvr.o(i.SetRequestEnterBootloader))
<BR><BR>[Stack]<UL><LI>Max Depth = 8<LI>Call Chain = SetRequestEnterBootloader
</UL>
<BR>[Calls]<UL><LI><a href="#[4a]">&gt;&gt;</a>&nbsp;&nbsp;&nbsp;__aeabi_memset
</UL>
<BR>[Called By]<UL><LI><a href="#[2d]">&gt;&gt;</a>&nbsp;&nbsp;&nbsp;LIN_EnterProgramSession
</UL>

<P><STRONG><a name="[d1]"></a>SmartAlgnInit</STRONG> (Thumb, 14 bytes, Stack size 0 bytes, smart_align.o(i.SmartAlgnInit))
<BR><BR>[Called By]<UL><LI><a href="#[27]">&gt;&gt;</a>&nbsp;&nbsp;&nbsp;StateAlign
</UL>

<P><STRONG><a name="[27]"></a>StateAlign</STRONG> (Thumb, 328 bytes, Stack size 24 bytes, nvsns_foc.o(i.StateAlign))
<BR><BR>[Stack]<UL><LI>Max Depth = 64<LI>Call Chain = StateAlign &rArr; FocFastLoop &rArr; IQ_LPFilterCalc
</UL>
<BR>[Calls]<UL><LI><a href="#[d3]">&gt;&gt;</a>&nbsp;&nbsp;&nbsp;WM_WindDetection
<LI><a href="#[d1]">&gt;&gt;</a>&nbsp;&nbsp;&nbsp;SmartAlgnInit
<LI><a href="#[d5]">&gt;&gt;</a>&nbsp;&nbsp;&nbsp;EnableOutput
<LI><a href="#[d2]">&gt;&gt;</a>&nbsp;&nbsp;&nbsp;DisableOutput
<LI><a href="#[d6]">&gt;&gt;</a>&nbsp;&nbsp;&nbsp;ChangeAdcQ5ToIbus
<LI><a href="#[d4]">&gt;&gt;</a>&nbsp;&nbsp;&nbsp;BrakeOutput
<LI><a href="#[78]">&gt;&gt;</a>&nbsp;&nbsp;&nbsp;FocFastLoop
<LI><a href="#[94]">&gt;&gt;</a>&nbsp;&nbsp;&nbsp;WM_Init
</UL>
<BR>[Address Reference Count : 1]<UL><LI> state_machine.o(.constdata)
</UL>
<P><STRONG><a name="[26]"></a>StateCalib</STRONG> (Thumb, 130 bytes, Stack size 8 bytes, nvsns_foc.o(i.StateCalib))
<BR><BR>[Stack]<UL><LI>Max Depth = 8<LI>Call Chain = StateCalib
</UL>
<BR>[Calls]<UL><LI><a href="#[d2]">&gt;&gt;</a>&nbsp;&nbsp;&nbsp;DisableOutput
<LI><a href="#[d7]">&gt;&gt;</a>&nbsp;&nbsp;&nbsp;ChangeAdcQ5ToBEMF
</UL>
<BR>[Address Reference Count : 1]<UL><LI> state_machine.o(.constdata)
</UL>
<P><STRONG><a name="[23]"></a>StateFault</STRONG> (Thumb, 60 bytes, Stack size 4 bytes, nvsns_foc.o(i.StateFault))
<BR><BR>[Stack]<UL><LI>Max Depth = 4<LI>Call Chain = StateFault
</UL>
<BR>[Calls]<UL><LI><a href="#[d2]">&gt;&gt;</a>&nbsp;&nbsp;&nbsp;DisableOutput
</UL>
<BR>[Called By]<UL><LI><a href="#[72]">&gt;&gt;</a>&nbsp;&nbsp;&nbsp;FOC_1MSTASK
</UL>
<BR>[Address Reference Count : 1]<UL><LI> state_machine.o(.constdata)
</UL>
<P><STRONG><a name="[24]"></a>StateInit</STRONG> (Thumb, 82 bytes, Stack size 16 bytes, nvsns_foc.o(i.StateInit))
<BR><BR>[Stack]<UL><LI>Max Depth = 192<LI>Call Chain = StateInit &rArr; InitFocParas &rArr; IQ_LPFilterSetCutoffHz &rArr; IQ_LPFilterParaCalc &rArr; __aeabi_dadd &rArr; _double_epilogue &rArr; _double_round
</UL>
<BR>[Calls]<UL><LI><a href="#[92]">&gt;&gt;</a>&nbsp;&nbsp;&nbsp;InitFocParas
<LI><a href="#[d2]">&gt;&gt;</a>&nbsp;&nbsp;&nbsp;DisableOutput
</UL>
<BR>[Address Reference Count : 1]<UL><LI> state_machine.o(.constdata)
</UL>
<P><STRONG><a name="[25]"></a>StateReady</STRONG> (Thumb, 12 bytes, Stack size 0 bytes, nvsns_foc.o(i.StateReady))
<BR>[Address Reference Count : 1]<UL><LI> state_machine.o(.constdata)
</UL>
<P><STRONG><a name="[29]"></a>StateReset</STRONG> (Thumb, 22 bytes, Stack size 4 bytes, nvsns_foc.o(i.StateReset))
<BR><BR>[Stack]<UL><LI>Max Depth = 4<LI>Call Chain = StateReset
</UL>
<BR>[Calls]<UL><LI><a href="#[d2]">&gt;&gt;</a>&nbsp;&nbsp;&nbsp;DisableOutput
</UL>
<BR>[Address Reference Count : 1]<UL><LI> state_machine.o(.constdata)
</UL>
<P><STRONG><a name="[28]"></a>StateRun</STRONG> (Thumb, 304 bytes, Stack size 24 bytes, nvsns_foc.o(i.StateRun))
<BR><BR>[Stack]<UL><LI>Max Depth = 80<LI>Call Chain = StateRun &rArr; FocSlowLoop &rArr; GCF_PositionalPI_F16
</UL>
<BR>[Calls]<UL><LI><a href="#[36]">&gt;&gt;</a>&nbsp;&nbsp;&nbsp;AMC_PMSMBemfObsvrDQ_F16
<LI><a href="#[66]">&gt;&gt;</a>&nbsp;&nbsp;&nbsp;CalcOpenLoop
<LI><a href="#[d8]">&gt;&gt;</a>&nbsp;&nbsp;&nbsp;AutomaticMode
<LI><a href="#[80]">&gt;&gt;</a>&nbsp;&nbsp;&nbsp;FocSlowLoop
<LI><a href="#[78]">&gt;&gt;</a>&nbsp;&nbsp;&nbsp;FocFastLoop
</UL>
<BR>[Address Reference Count : 1]<UL><LI> state_machine.o(.constdata)
</UL>
<P><STRONG><a name="[46]"></a>SysTickHandler</STRONG> (Thumb, 24 bytes, Stack size 0 bytes, systick_isr.o(i.SysTickHandler))
<BR><BR>[Called By]<UL><LI><a href="#[e]">&gt;&gt;</a>&nbsp;&nbsp;&nbsp;SysTick_Handler
</UL>

<P><STRONG><a name="[b7]"></a>SysTick_Init</STRONG> (Thumb, 58 bytes, Stack size 0 bytes, systick.o(i.SysTick_Init))
<BR><BR>[Called By]<UL><LI><a href="#[b3]">&gt;&gt;</a>&nbsp;&nbsp;&nbsp;LinApplMain
</UL>

<P><STRONG><a name="[21]"></a>SystemInit</STRONG> (Thumb, 8 bytes, Stack size 0 bytes, system.o(i.SystemInit))
<BR>[Address Reference Count : 1]<UL><LI> startup_nsuc1602.o(.text)
</UL>
<P><STRONG><a name="[4]"></a>Task1000msProcess</STRONG> (Thumb, 44 bytes, Stack size 8 bytes, main.o(i.Task1000msProcess))
<BR><BR>[Stack]<UL><LI>Max Depth = 120<LI>Call Chain = Task1000msProcess &rArr; HFI_CalculateInductanceValues &rArr; __aeabi_dmul &rArr; _double_epilogue &rArr; _double_round
</UL>
<BR>[Calls]<UL><LI><a href="#[85]">&gt;&gt;</a>&nbsp;&nbsp;&nbsp;HFI_CalculateInductanceValues
<LI><a href="#[64]">&gt;&gt;</a>&nbsp;&nbsp;&nbsp;CalcIgbtTemp
</UL>
<BR>[Address Reference Count : 1]<UL><LI> main.o(.data)
</UL>
<P><STRONG><a name="[3]"></a>Task100msProcess</STRONG> (Thumb, 2 bytes, Stack size 0 bytes, main.o(i.Task100msProcess))
<BR>[Address Reference Count : 1]<UL><LI> main.o(.data)
</UL>
<P><STRONG><a name="[1]"></a>Task10msCanE2promProcess</STRONG> (Thumb, 2 bytes, Stack size 0 bytes, main.o(i.Task10msCanE2promProcess))
<BR>[Address Reference Count : 1]<UL><LI> main.o(.data)
</UL>
<P><STRONG><a name="[2]"></a>Task10msProcess</STRONG> (Thumb, 18 bytes, Stack size 8 bytes, main.o(i.Task10msProcess))
<BR><BR>[Stack]<UL><LI>Max Depth = 24<LI>Call Chain = Task10msProcess &rArr; AlarmCheck10msTask &rArr; CheckHardwareShortCircuit
</UL>
<BR>[Calls]<UL><LI><a href="#[c7]">&gt;&gt;</a>&nbsp;&nbsp;&nbsp;PWMIO_Task10ms
<LI><a href="#[d9]">&gt;&gt;</a>&nbsp;&nbsp;&nbsp;FeedDWDG
<LI><a href="#[5c]">&gt;&gt;</a>&nbsp;&nbsp;&nbsp;AlarmCheck10msTask
</UL>
<BR>[Address Reference Count : 1]<UL><LI> main.o(.data)
</UL>
<P><STRONG><a name="[0]"></a>Task1msProcess</STRONG> (Thumb, 44 bytes, Stack size 8 bytes, main.o(i.Task1msProcess))
<BR><BR>[Stack]<UL><LI>Max Depth = 48<LI>Call Chain = Task1msProcess &rArr; MotorStateCtrl &rArr; Derating_Apply
</UL>
<BR>[Calls]<UL><LI><a href="#[dd]">&gt;&gt;</a>&nbsp;&nbsp;&nbsp;UpdateLinATCPStatus
<LI><a href="#[de]">&gt;&gt;</a>&nbsp;&nbsp;&nbsp;UpdateLinATCPFault
<LI><a href="#[bf]">&gt;&gt;</a>&nbsp;&nbsp;&nbsp;MotorStateCtrl
<LI><a href="#[72]">&gt;&gt;</a>&nbsp;&nbsp;&nbsp;FOC_1MSTASK
<LI><a href="#[dc]">&gt;&gt;</a>&nbsp;&nbsp;&nbsp;CheckSleepStatus
<LI><a href="#[da]">&gt;&gt;</a>&nbsp;&nbsp;&nbsp;AlarmCheck1msTask
<LI><a href="#[db]">&gt;&gt;</a>&nbsp;&nbsp;&nbsp;confirmComType
</UL>
<BR>[Address Reference Count : 1]<UL><LI> main.o(.data)
</UL>
<P><STRONG><a name="[70]"></a>Timer_GetFASTTime</STRONG> (Thumb, 30 bytes, Stack size 0 bytes, systick.o(i.Timer_GetFASTTime))
<BR><BR>[Called By]<UL><LI><a href="#[13]">&gt;&gt;</a>&nbsp;&nbsp;&nbsp;EPWM_IRQHandler
</UL>

<P><STRONG><a name="[6b]"></a>Timer_Start</STRONG> (Thumb, 16 bytes, Stack size 0 bytes, systick.o(i.Timer_Start))
<BR><BR>[Called By]<UL><LI><a href="#[13]">&gt;&gt;</a>&nbsp;&nbsp;&nbsp;EPWM_IRQHandler
</UL>

<P><STRONG><a name="[de]"></a>UpdateLinATCPFault</STRONG> (Thumb, 18 bytes, Stack size 0 bytes, lin_appl.o(i.UpdateLinATCPFault))
<BR><BR>[Calls]<UL><LI><a href="#[df]">&gt;&gt;</a>&nbsp;&nbsp;&nbsp;l_fault_trans_data_buffer
</UL>
<BR>[Called By]<UL><LI><a href="#[0]">&gt;&gt;</a>&nbsp;&nbsp;&nbsp;Task1msProcess
</UL>

<P><STRONG><a name="[dd]"></a>UpdateLinATCPStatus</STRONG> (Thumb, 142 bytes, Stack size 24 bytes, lin_appl.o(i.UpdateLinATCPStatus))
<BR><BR>[Stack]<UL><LI>Max Depth = 24<LI>Call Chain = UpdateLinATCPStatus
</UL>
<BR>[Calls]<UL><LI><a href="#[e0]">&gt;&gt;</a>&nbsp;&nbsp;&nbsp;l_atcp_struct_trans_data_buffer
<LI><a href="#[a0]">&gt;&gt;</a>&nbsp;&nbsp;&nbsp;__aeabi_f2iz
</UL>
<BR>[Called By]<UL><LI><a href="#[0]">&gt;&gt;</a>&nbsp;&nbsp;&nbsp;Task1msProcess
</UL>

<P><STRONG><a name="[42]"></a>UsageFaultHandler</STRONG> (Thumb, 2 bytes, Stack size 0 bytes, handler.o(i.UsageFaultHandler))
<BR><BR>[Called By]<UL><LI><a href="#[a]">&gt;&gt;</a>&nbsp;&nbsp;&nbsp;UsageFault_Handler
</UL>

<P><STRONG><a name="[94]"></a>WM_Init</STRONG> (Thumb, 34 bytes, Stack size 0 bytes, mtr_adv_init.o(i.WM_Init))
<BR><BR>[Called By]<UL><LI><a href="#[27]">&gt;&gt;</a>&nbsp;&nbsp;&nbsp;StateAlign
<LI><a href="#[92]">&gt;&gt;</a>&nbsp;&nbsp;&nbsp;InitFocParas
</UL>

<P><STRONG><a name="[d3]"></a>WM_WindDetection</STRONG> (Thumb, 306 bytes, Stack size 16 bytes, windmilling.o(i.WM_WindDetection))
<BR><BR>[Stack]<UL><LI>Max Depth = 24<LI>Call Chain = WM_WindDetection &rArr; MM_AtanXYF16
</UL>
<BR>[Calls]<UL><LI><a href="#[7e]">&gt;&gt;</a>&nbsp;&nbsp;&nbsp;MM_AtanXYF16
</UL>
<BR>[Called By]<UL><LI><a href="#[27]">&gt;&gt;</a>&nbsp;&nbsp;&nbsp;StateAlign
</UL>

<P><STRONG><a name="[e1]"></a>WrapAngleQ15</STRONG> (Thumb, 30 bytes, Stack size 0 bytes, transform.o(i.WrapAngleQ15))
<BR><BR>[Called By]<UL><LI><a href="#[cd]">&gt;&gt;</a>&nbsp;&nbsp;&nbsp;WrapAngleSumQ15
</UL>

<P><STRONG><a name="[cd]"></a>WrapAngleSumQ15</STRONG> (Thumb, 8 bytes, Stack size 0 bytes, transform.o(i.WrapAngleSumQ15))
<BR><BR>[Calls]<UL><LI><a href="#[e1]">&gt;&gt;</a>&nbsp;&nbsp;&nbsp;WrapAngleQ15
</UL>
<BR>[Called By]<UL><LI><a href="#[6c]">&gt;&gt;</a>&nbsp;&nbsp;&nbsp;QPR_FXP_TestLite_Step
</UL>

<P><STRONG><a name="[105]"></a>__scatterload_copy</STRONG> (Thumb, 14 bytes, Stack size unknown bytes, handlers.o(i.__scatterload_copy), UNUSED)

<P><STRONG><a name="[106]"></a>__scatterload_null</STRONG> (Thumb, 2 bytes, Stack size unknown bytes, handlers.o(i.__scatterload_null), UNUSED)

<P><STRONG><a name="[107]"></a>__scatterload_zeroinit</STRONG> (Thumb, 14 bytes, Stack size unknown bytes, handlers.o(i.__scatterload_zeroinit), UNUSED)

<P><STRONG><a name="[db]"></a>confirmComType</STRONG> (Thumb, 8 bytes, Stack size 0 bytes, main.o(i.confirmComType))
<BR><BR>[Called By]<UL><LI><a href="#[0]">&gt;&gt;</a>&nbsp;&nbsp;&nbsp;Task1msProcess
</UL>

<P><STRONG><a name="[6e]"></a>getCurrentMaxMin</STRONG> (Thumb, 254 bytes, Stack size 20 bytes, fault_diagnose.o(i.getCurrentMaxMin))
<BR><BR>[Stack]<UL><LI>Max Depth = 20<LI>Call Chain = getCurrentMaxMin
</UL>
<BR>[Called By]<UL><LI><a href="#[13]">&gt;&gt;</a>&nbsp;&nbsp;&nbsp;EPWM_IRQHandler
</UL>

<P><STRONG><a name="[e0]"></a>l_atcp_struct_trans_data_buffer</STRONG> (Thumb, 38 bytes, Stack size 0 bytes, lin_api_appl.o(i.l_atcp_struct_trans_data_buffer))
<BR><BR>[Called By]<UL><LI><a href="#[dd]">&gt;&gt;</a>&nbsp;&nbsp;&nbsp;UpdateLinATCPStatus
</UL>

<P><STRONG><a name="[df]"></a>l_fault_trans_data_buffer</STRONG> (Thumb, 38 bytes, Stack size 0 bytes, lin_api_appl.o(i.l_fault_trans_data_buffer))
<BR><BR>[Called By]<UL><LI><a href="#[de]">&gt;&gt;</a>&nbsp;&nbsp;&nbsp;UpdateLinATCPFault
</UL>

<P><STRONG><a name="[c4]"></a>l_flg_set_update_flags</STRONG> (Thumb, 30 bytes, Stack size 12 bytes, lin_api_appl.o(i.l_flg_set_update_flags))
<BR><BR>[Stack]<UL><LI>Max Depth = 12<LI>Call Chain = l_flg_set_update_flags
</UL>
<BR>[Called By]<UL><LI><a href="#[a4]">&gt;&gt;</a>&nbsp;&nbsp;&nbsp;NotifyRxTxStatus
</UL>

<P><STRONG><a name="[bc]"></a>l_ifc_connect_MyLinIfc</STRONG> (Thumb, 30 bytes, Stack size 8 bytes, lin_api.o(i.l_ifc_connect_MyLinIfc))
<BR><BR>[Stack]<UL><LI>Max Depth = 8<LI>Call Chain = l_ifc_connect_MyLinIfc
</UL>
<BR>[Calls]<UL><LI><a href="#[e2]">&gt;&gt;</a>&nbsp;&nbsp;&nbsp;LINUART_Enable
<LI><a href="#[c6]">&gt;&gt;</a>&nbsp;&nbsp;&nbsp;BusIdleStartMeasurement
</UL>
<BR>[Called By]<UL><LI><a href="#[b3]">&gt;&gt;</a>&nbsp;&nbsp;&nbsp;LinApplMain
</UL>

<P><STRONG><a name="[bb]"></a>l_ifc_init_MyLinIfc</STRONG> (Thumb, 14 bytes, Stack size 8 bytes, lin_api.o(i.l_ifc_init_MyLinIfc))
<BR><BR>[Stack]<UL><LI>Max Depth = 8<LI>Call Chain = l_ifc_init_MyLinIfc
</UL>
<BR>[Calls]<UL><LI><a href="#[e3]">&gt;&gt;</a>&nbsp;&nbsp;&nbsp;LINUART_Init
</UL>
<BR>[Called By]<UL><LI><a href="#[b3]">&gt;&gt;</a>&nbsp;&nbsp;&nbsp;LinApplMain
</UL>

<P><STRONG><a name="[a6]"></a>l_ifc_rx_MyLinIfc</STRONG> (Thumb, 406 bytes, Stack size 16 bytes, lin_api.o(i.l_ifc_rx_MyLinIfc))
<BR><BR>[Stack]<UL><LI>Max Depth = 40<LI>Call Chain = l_ifc_rx_MyLinIfc &rArr; NotifyRxTxStatus &rArr; LIN_NodeConfigAndIndentifByDiagnosticFrame
</UL>
<BR>[Calls]<UL><LI><a href="#[a4]">&gt;&gt;</a>&nbsp;&nbsp;&nbsp;NotifyRxTxStatus
<LI><a href="#[a9]">&gt;&gt;</a>&nbsp;&nbsp;&nbsp;LINUART_TransmitDataByFIFO
<LI><a href="#[a7]">&gt;&gt;</a>&nbsp;&nbsp;&nbsp;LINUART_ReceiveDataByFIFO
<LI><a href="#[e5]">&gt;&gt;</a>&nbsp;&nbsp;&nbsp;LIN_GetResponseFlagForDiagnosisFrame
<LI><a href="#[e6]">&gt;&gt;</a>&nbsp;&nbsp;&nbsp;LIN_ClearResponseFlagForDiagnosisFrame
<LI><a href="#[e4]">&gt;&gt;</a>&nbsp;&nbsp;&nbsp;LIN_CheckPID
</UL>
<BR>[Called By]<UL><LI><a href="#[12]">&gt;&gt;</a>&nbsp;&nbsp;&nbsp;LINUART_IRQHandler
</UL>

<P><STRONG><a name="[ba]"></a>l_sys_init</STRONG> (Thumb, 34 bytes, Stack size 8 bytes, lin_init.o(i.l_sys_init))
<BR><BR>[Stack]<UL><LI>Max Depth = 24<LI>Call Chain = l_sys_init &rArr; ReadPIDFromNVR
</UL>
<BR>[Calls]<UL><LI><a href="#[84]">&gt;&gt;</a>&nbsp;&nbsp;&nbsp;PrepareToWakeup
<LI><a href="#[e7]">&gt;&gt;</a>&nbsp;&nbsp;&nbsp;ReadPIDFromNVR
<LI><a href="#[b2]">&gt;&gt;</a>&nbsp;&nbsp;&nbsp;ReadNADFromNVR
</UL>
<BR>[Called By]<UL><LI><a href="#[b3]">&gt;&gt;</a>&nbsp;&nbsp;&nbsp;LinApplMain
</UL>

<P><STRONG><a name="[bd]"></a>l_ver_trans_data_buffer</STRONG> (Thumb, 38 bytes, Stack size 0 bytes, lin_api_appl.o(i.l_ver_trans_data_buffer))
<BR><BR>[Called By]<UL><LI><a href="#[b3]">&gt;&gt;</a>&nbsp;&nbsp;&nbsp;LinApplMain
</UL>

<P><STRONG><a name="[20]"></a>main</STRONG> (Thumb, 28 bytes, Stack size 0 bytes, main.o(i.main))
<BR><BR>[Stack]<UL><LI>Max Depth = 128<LI>Call Chain = main &rArr; InitMotorConfig &rArr; InitFreqToAngleIncrement &rArr; __aeabi_dmul &rArr; _double_epilogue &rArr; _double_round
</UL>
<BR>[Calls]<UL><LI><a href="#[b3]">&gt;&gt;</a>&nbsp;&nbsp;&nbsp;LinApplMain
<LI><a href="#[a1]">&gt;&gt;</a>&nbsp;&nbsp;&nbsp;InitMotorConfig
<LI><a href="#[e8]">&gt;&gt;</a>&nbsp;&nbsp;&nbsp;Derating_Init
<LI><a href="#[e9]">&gt;&gt;</a>&nbsp;&nbsp;&nbsp;MainTask
</UL>
<BR>[Address Reference Count : 1]<UL><LI> entry9a.o(.ARM.Collect$$$$0000000B)
</UL>
<P><STRONG><a name="[98]"></a>motorInitCalculations</STRONG> (Thumb, 82 bytes, Stack size 0 bytes, motor_data_calc.o(i.motorInitCalculations))
<BR><BR>[Called By]<UL><LI><a href="#[92]">&gt;&gt;</a>&nbsp;&nbsp;&nbsp;InitFocParas
</UL>

<P><STRONG><a name="[9d]"></a>qprFxpInit</STRONG> (Thumb, 72 bytes, Stack size 32 bytes, qpr_fixed.o(i.qprFxpInit))
<BR><BR>[Stack]<UL><LI>Max Depth = 104<LI>Call Chain = qprFxpInit &rArr; qpr_update_coefs_q15 &rArr; sincos_q15 &rArr; MM_ThetaTransferTrigonoLut
</UL>
<BR>[Calls]<UL><LI><a href="#[eb]">&gt;&gt;</a>&nbsp;&nbsp;&nbsp;qpr_update_coefs_q15
<LI><a href="#[ea]">&gt;&gt;</a>&nbsp;&nbsp;&nbsp;mHzToAngleIncQ15
</UL>
<BR>[Called By]<UL><LI><a href="#[92]">&gt;&gt;</a>&nbsp;&nbsp;&nbsp;InitFocParas
<LI><a href="#[ca]">&gt;&gt;</a>&nbsp;&nbsp;&nbsp;QPR_FXP_TestLite_ReinitIfNeeded
</UL>

<P><STRONG><a name="[9e]"></a>qprFxpSetWcByAlphamhz</STRONG> (Thumb, 26 bytes, Stack size 8 bytes, qpr_fixed.o(i.qprFxpSetWcByAlphamhz))
<BR><BR>[Stack]<UL><LI>Max Depth = 8<LI>Call Chain = qprFxpSetWcByAlphamhz
</UL>
<BR>[Calls]<UL><LI><a href="#[9c]">&gt;&gt;</a>&nbsp;&nbsp;&nbsp;MulQ15_By_IntmHz
</UL>
<BR>[Called By]<UL><LI><a href="#[92]">&gt;&gt;</a>&nbsp;&nbsp;&nbsp;InitFocParas
</UL>

<P><STRONG><a name="[ec]"></a>qprFxpSetWcmHz</STRONG> (Thumb, 34 bytes, Stack size 8 bytes, qpr_fixed.o(i.qprFxpSetWcmHz), UNUSED)
<BR><BR>[Calls]<UL><LI><a href="#[eb]">&gt;&gt;</a>&nbsp;&nbsp;&nbsp;qpr_update_coefs_q15
<LI><a href="#[ea]">&gt;&gt;</a>&nbsp;&nbsp;&nbsp;mHzToAngleIncQ15
</UL>

<P><STRONG><a name="[cc]"></a>qprFxpUpdate</STRONG> (Thumb, 186 bytes, Stack size 32 bytes, qpr_fixed.o(i.qprFxpUpdate))
<BR><BR>[Stack]<UL><LI>Max Depth = 104<LI>Call Chain = qprFxpUpdate &rArr; qpr_update_coefs_q15 &rArr; sincos_q15 &rArr; MM_ThetaTransferTrigonoLut
</UL>
<BR>[Calls]<UL><LI><a href="#[eb]">&gt;&gt;</a>&nbsp;&nbsp;&nbsp;qpr_update_coefs_q15
<LI><a href="#[ea]">&gt;&gt;</a>&nbsp;&nbsp;&nbsp;mHzToAngleIncQ15
</UL>
<BR>[Called By]<UL><LI><a href="#[6c]">&gt;&gt;</a>&nbsp;&nbsp;&nbsp;QPR_FXP_TestLite_Step
</UL>

<P><STRONG><a name="[97]"></a>stallDetectionInit</STRONG> (Thumb, 78 bytes, Stack size 0 bytes, foclib_init.o(i.stallDetectionInit))
<BR><BR>[Called By]<UL><LI><a href="#[92]">&gt;&gt;</a>&nbsp;&nbsp;&nbsp;InitFocParas
</UL>
<P>
<H3>
Local Symbols
</H3>
<P><STRONG><a name="[b8]"></a>DebugGPIO_Init</STRONG> (Thumb, 46 bytes, Stack size 0 bytes, lin_appl.o(i.DebugGPIO_Init))
<BR><BR>[Called By]<UL><LI><a href="#[b3]">&gt;&gt;</a>&nbsp;&nbsp;&nbsp;LinApplMain
</UL>

<P><STRONG><a name="[71]"></a>ErrorHandler</STRONG> (Thumb, 2 bytes, Stack size 0 bytes, lin_appl.o(i.ErrorHandler))
<BR><BR>[Calls]<UL><LI><a href="#[71]">&gt;&gt;</a>&nbsp;&nbsp;&nbsp;ErrorHandler
</UL>
<BR>[Called By]<UL><LI><a href="#[71]">&gt;&gt;</a>&nbsp;&nbsp;&nbsp;ErrorHandler
<LI><a href="#[b3]">&gt;&gt;</a>&nbsp;&nbsp;&nbsp;LinApplMain
</UL>

<P><STRONG><a name="[be]"></a>InitWatchDog</STRONG> (Thumb, 52 bytes, Stack size 0 bytes, lin_appl.o(i.InitWatchDog))
<BR><BR>[Called By]<UL><LI><a href="#[b3]">&gt;&gt;</a>&nbsp;&nbsp;&nbsp;LinApplMain
</UL>

<P><STRONG><a name="[74]"></a>NVIC_DisableIRQ</STRONG> (Thumb, 22 bytes, Stack size 0 bytes, foc_init.o(i.NVIC_DisableIRQ))
<BR><BR>[Called By]<UL><LI><a href="#[76]">&gt;&gt;</a>&nbsp;&nbsp;&nbsp;FOC_EpwmInit
<LI><a href="#[73]">&gt;&gt;</a>&nbsp;&nbsp;&nbsp;FOC_AdcInit
</UL>

<P><STRONG><a name="[75]"></a>NVIC_SetPriority</STRONG> (Thumb, 32 bytes, Stack size 0 bytes, foc_init.o(i.NVIC_SetPriority))
<BR><BR>[Called By]<UL><LI><a href="#[77]">&gt;&gt;</a>&nbsp;&nbsp;&nbsp;FOC_GduInit
<LI><a href="#[76]">&gt;&gt;</a>&nbsp;&nbsp;&nbsp;FOC_EpwmInit
<LI><a href="#[73]">&gt;&gt;</a>&nbsp;&nbsp;&nbsp;FOC_AdcInit
</UL>

<P><STRONG><a name="[78]"></a>FocFastLoop</STRONG> (Thumb, 324 bytes, Stack size 24 bytes, nvsns_foc.o(i.FocFastLoop))
<BR><BR>[Stack]<UL><LI>Max Depth = 40<LI>Call Chain = FocFastLoop &rArr; IQ_LPFilterCalc
</UL>
<BR>[Calls]<UL><LI><a href="#[37]">&gt;&gt;</a>&nbsp;&nbsp;&nbsp;MM_ThetaTransferTrigonoLut
<LI><a href="#[7b]">&gt;&gt;</a>&nbsp;&nbsp;&nbsp;MM_SqrtLut_F16
<LI><a href="#[7a]">&gt;&gt;</a>&nbsp;&nbsp;&nbsp;IQ_LPFilterCalc
<LI><a href="#[7f]">&gt;&gt;</a>&nbsp;&nbsp;&nbsp;GMC_Svm
<LI><a href="#[38]">&gt;&gt;</a>&nbsp;&nbsp;&nbsp;GMC_ParkeF16
<LI><a href="#[7c]">&gt;&gt;</a>&nbsp;&nbsp;&nbsp;GMC_InvParkF16
<LI><a href="#[7d]">&gt;&gt;</a>&nbsp;&nbsp;&nbsp;GMC_DcBusCompF16
<LI><a href="#[79]">&gt;&gt;</a>&nbsp;&nbsp;&nbsp;GMC_ClarkeF16
<LI><a href="#[39]">&gt;&gt;</a>&nbsp;&nbsp;&nbsp;GCF_CtrlPIrAW_F16
<LI><a href="#[7e]">&gt;&gt;</a>&nbsp;&nbsp;&nbsp;MM_AtanXYF16
</UL>
<BR>[Called By]<UL><LI><a href="#[28]">&gt;&gt;</a>&nbsp;&nbsp;&nbsp;StateRun
<LI><a href="#[27]">&gt;&gt;</a>&nbsp;&nbsp;&nbsp;StateAlign
</UL>

<P><STRONG><a name="[80]"></a>FocSlowLoop</STRONG> (Thumb, 380 bytes, Stack size 32 bytes, nvsns_foc.o(i.FocSlowLoop))
<BR><BR>[Stack]<UL><LI>Max Depth = 56<LI>Call Chain = FocSlowLoop &rArr; GCF_PositionalPI_F16
</UL>
<BR>[Calls]<UL><LI><a href="#[7b]">&gt;&gt;</a>&nbsp;&nbsp;&nbsp;MM_SqrtLut_F16
<LI><a href="#[34]">&gt;&gt;</a>&nbsp;&nbsp;&nbsp;MM_SatDivF16
<LI><a href="#[81]">&gt;&gt;</a>&nbsp;&nbsp;&nbsp;GCF_Ramp_F16
<LI><a href="#[82]">&gt;&gt;</a>&nbsp;&nbsp;&nbsp;GCF_PositionalPI_F16
</UL>
<BR>[Called By]<UL><LI><a href="#[28]">&gt;&gt;</a>&nbsp;&nbsp;&nbsp;StateRun
</UL>

<P><STRONG><a name="[6d]"></a>saturate_16</STRONG> (Thumb, 26 bytes, Stack size 0 bytes, nvsns_foc.o(i.saturate_16))
<BR><BR>[Called By]<UL><LI><a href="#[13]">&gt;&gt;</a>&nbsp;&nbsp;&nbsp;EPWM_IRQHandler
</UL>

<P><STRONG><a name="[5f]"></a>BSM_BitEndCallback</STRONG> (Thumb, 246 bytes, Stack size 24 bytes, lin_identification_and_configuration.o(i.BSM_BitEndCallback))
<BR><BR>[Stack]<UL><LI>Max Depth = 40<LI>Call Chain = BSM_BitEndCallback &rArr; BSM_Reset
</UL>
<BR>[Calls]<UL><LI><a href="#[60]">&gt;&gt;</a>&nbsp;&nbsp;&nbsp;BSM_ShuntMeasurement
<LI><a href="#[61]">&gt;&gt;</a>&nbsp;&nbsp;&nbsp;BSM_Reset
</UL>
<BR>[Called By]<UL><LI><a href="#[1a]">&gt;&gt;</a>&nbsp;&nbsp;&nbsp;LINPORT_IRQHandler
</UL>

<P><STRONG><a name="[62]"></a>BSM_FeCallback</STRONG> (Thumb, 52 bytes, Stack size 8 bytes, lin_identification_and_configuration.o(i.BSM_FeCallback))
<BR><BR>[Stack]<UL><LI>Max Depth = 16<LI>Call Chain = BSM_FeCallback &rArr; BSM_InitShuntMeasurement
</UL>
<BR>[Calls]<UL><LI><a href="#[63]">&gt;&gt;</a>&nbsp;&nbsp;&nbsp;BSM_InitShuntMeasurement
</UL>
<BR>[Called By]<UL><LI><a href="#[1a]">&gt;&gt;</a>&nbsp;&nbsp;&nbsp;LINPORT_IRQHandler
</UL>

<P><STRONG><a name="[63]"></a>BSM_InitShuntMeasurement</STRONG> (Thumb, 148 bytes, Stack size 8 bytes, lin_identification_and_configuration.o(i.BSM_InitShuntMeasurement))
<BR><BR>[Stack]<UL><LI>Max Depth = 8<LI>Call Chain = BSM_InitShuntMeasurement
</UL>
<BR>[Called By]<UL><LI><a href="#[62]">&gt;&gt;</a>&nbsp;&nbsp;&nbsp;BSM_FeCallback
</UL>

<P><STRONG><a name="[61]"></a>BSM_Reset</STRONG> (Thumb, 68 bytes, Stack size 16 bytes, lin_identification_and_configuration.o(i.BSM_Reset))
<BR><BR>[Stack]<UL><LI>Max Depth = 16<LI>Call Chain = BSM_Reset
</UL>
<BR>[Called By]<UL><LI><a href="#[2e]">&gt;&gt;</a>&nbsp;&nbsp;&nbsp;LIN_SNPD
<LI><a href="#[5f]">&gt;&gt;</a>&nbsp;&nbsp;&nbsp;BSM_BitEndCallback
<LI><a href="#[1a]">&gt;&gt;</a>&nbsp;&nbsp;&nbsp;LINPORT_IRQHandler
</UL>

<P><STRONG><a name="[60]"></a>BSM_ShuntMeasurement</STRONG> (Thumb, 56 bytes, Stack size 8 bytes, lin_identification_and_configuration.o(i.BSM_ShuntMeasurement))
<BR><BR>[Stack]<UL><LI>Max Depth = 8<LI>Call Chain = BSM_ShuntMeasurement
</UL>
<BR>[Called By]<UL><LI><a href="#[5f]">&gt;&gt;</a>&nbsp;&nbsp;&nbsp;BSM_BitEndCallback
</UL>

<P><STRONG><a name="[30]"></a>LIN_AssignFrameIDRange</STRONG> (Thumb, 92 bytes, Stack size 16 bytes, lin_identification_and_configuration.o(i.LIN_AssignFrameIDRange))
<BR><BR>[Stack]<UL><LI>Max Depth = 16<LI>Call Chain = LIN_AssignFrameIDRange
</UL>
<BR>[Calls]<UL><LI><a href="#[ab]">&gt;&gt;</a>&nbsp;&nbsp;&nbsp;MatchNAD
<LI><a href="#[ac]">&gt;&gt;</a>&nbsp;&nbsp;&nbsp;LIN_SetSendingResponseForConfig
</UL>
<BR>[Address Reference Count : 1]<UL><LI> lin_identification_and_configuration.o(.constdata)
</UL>
<P><STRONG><a name="[2a]"></a>LIN_AssignNAD</STRONG> (Thumb, 82 bytes, Stack size 8 bytes, lin_identification_and_configuration.o(i.LIN_AssignNAD))
<BR><BR>[Stack]<UL><LI>Max Depth = 8<LI>Call Chain = LIN_AssignNAD
</UL>
<BR>[Calls]<UL><LI><a href="#[ad]">&gt;&gt;</a>&nbsp;&nbsp;&nbsp;MatchSupplierID
<LI><a href="#[ae]">&gt;&gt;</a>&nbsp;&nbsp;&nbsp;MatchFunctionID
<LI><a href="#[ac]">&gt;&gt;</a>&nbsp;&nbsp;&nbsp;LIN_SetSendingResponseForConfig
</UL>
<BR>[Address Reference Count : 1]<UL><LI> lin_identification_and_configuration.o(.constdata)
</UL>
<P><STRONG><a name="[2c]"></a>LIN_ConditionalChangeNAD</STRONG> (Thumb, 142 bytes, Stack size 16 bytes, lin_identification_and_configuration.o(i.LIN_ConditionalChangeNAD))
<BR><BR>[Stack]<UL><LI>Max Depth = 16<LI>Call Chain = LIN_ConditionalChangeNAD
</UL>
<BR>[Calls]<UL><LI><a href="#[ab]">&gt;&gt;</a>&nbsp;&nbsp;&nbsp;MatchNAD
<LI><a href="#[ac]">&gt;&gt;</a>&nbsp;&nbsp;&nbsp;LIN_SetSendingResponseForConfig
</UL>
<BR>[Address Reference Count : 1]<UL><LI> lin_identification_and_configuration.o(.constdata)
</UL>
<P><STRONG><a name="[2d]"></a>LIN_EnterProgramSession</STRONG> (Thumb, 62 bytes, Stack size 8 bytes, lin_identification_and_configuration.o(i.LIN_EnterProgramSession))
<BR><BR>[Stack]<UL><LI>Max Depth = 16<LI>Call Chain = LIN_EnterProgramSession &rArr; SetRequestEnterBootloader
</UL>
<BR>[Calls]<UL><LI><a href="#[ab]">&gt;&gt;</a>&nbsp;&nbsp;&nbsp;MatchNAD
<LI><a href="#[af]">&gt;&gt;</a>&nbsp;&nbsp;&nbsp;SetRequestEnterBootloader
</UL>
<BR>[Address Reference Count : 1]<UL><LI> lin_identification_and_configuration.o(.constdata)
</UL>
<P><STRONG><a name="[2b]"></a>LIN_ReadByIdentifier</STRONG> (Thumb, 196 bytes, Stack size 8 bytes, lin_identification_and_configuration.o(i.LIN_ReadByIdentifier))
<BR><BR>[Stack]<UL><LI>Max Depth = 8<LI>Call Chain = LIN_ReadByIdentifier
</UL>
<BR>[Calls]<UL><LI><a href="#[ad]">&gt;&gt;</a>&nbsp;&nbsp;&nbsp;MatchSupplierID
<LI><a href="#[ab]">&gt;&gt;</a>&nbsp;&nbsp;&nbsp;MatchNAD
<LI><a href="#[ae]">&gt;&gt;</a>&nbsp;&nbsp;&nbsp;MatchFunctionID
<LI><a href="#[ac]">&gt;&gt;</a>&nbsp;&nbsp;&nbsp;LIN_SetSendingResponseForConfig
</UL>
<BR>[Address Reference Count : 1]<UL><LI> lin_identification_and_configuration.o(.constdata)
</UL>
<P><STRONG><a name="[2e]"></a>LIN_SNPD</STRONG> (Thumb, 136 bytes, Stack size 24 bytes, lin_identification_and_configuration.o(i.LIN_SNPD))
<BR><BR>[Stack]<UL><LI>Max Depth = 40<LI>Call Chain = LIN_SNPD &rArr; BSM_Reset
</UL>
<BR>[Calls]<UL><LI><a href="#[b1]">&gt;&gt;</a>&nbsp;&nbsp;&nbsp;MatchWildcardID
<LI><a href="#[61]">&gt;&gt;</a>&nbsp;&nbsp;&nbsp;BSM_Reset
<LI><a href="#[b2]">&gt;&gt;</a>&nbsp;&nbsp;&nbsp;ReadNADFromNVR
</UL>
<BR>[Address Reference Count : 1]<UL><LI> lin_identification_and_configuration.o(.constdata)
</UL>
<P><STRONG><a name="[2f]"></a>LIN_SaveConfiguration</STRONG> (Thumb, 54 bytes, Stack size 16 bytes, lin_identification_and_configuration.o(i.LIN_SaveConfiguration))
<BR><BR>[Stack]<UL><LI>Max Depth = 16<LI>Call Chain = LIN_SaveConfiguration
</UL>
<BR>[Calls]<UL><LI><a href="#[ab]">&gt;&gt;</a>&nbsp;&nbsp;&nbsp;MatchNAD
<LI><a href="#[ac]">&gt;&gt;</a>&nbsp;&nbsp;&nbsp;LIN_SetSendingResponseForConfig
</UL>
<BR>[Address Reference Count : 1]<UL><LI> lin_identification_and_configuration.o(.constdata)
</UL>
<P><STRONG><a name="[ac]"></a>LIN_SetSendingResponseForConfig</STRONG> (Thumb, 12 bytes, Stack size 0 bytes, lin_identification_and_configuration.o(i.LIN_SetSendingResponseForConfig))
<BR><BR>[Called By]<UL><LI><a href="#[2f]">&gt;&gt;</a>&nbsp;&nbsp;&nbsp;LIN_SaveConfiguration
<LI><a href="#[2b]">&gt;&gt;</a>&nbsp;&nbsp;&nbsp;LIN_ReadByIdentifier
<LI><a href="#[2c]">&gt;&gt;</a>&nbsp;&nbsp;&nbsp;LIN_ConditionalChangeNAD
<LI><a href="#[2a]">&gt;&gt;</a>&nbsp;&nbsp;&nbsp;LIN_AssignNAD
<LI><a href="#[30]">&gt;&gt;</a>&nbsp;&nbsp;&nbsp;LIN_AssignFrameIDRange
</UL>

<P><STRONG><a name="[ae]"></a>MatchFunctionID</STRONG> (Thumb, 38 bytes, Stack size 0 bytes, lin_identification_and_configuration.o(i.MatchFunctionID))
<BR><BR>[Called By]<UL><LI><a href="#[2b]">&gt;&gt;</a>&nbsp;&nbsp;&nbsp;LIN_ReadByIdentifier
<LI><a href="#[2a]">&gt;&gt;</a>&nbsp;&nbsp;&nbsp;LIN_AssignNAD
</UL>

<P><STRONG><a name="[ab]"></a>MatchNAD</STRONG> (Thumb, 20 bytes, Stack size 0 bytes, lin_identification_and_configuration.o(i.MatchNAD))
<BR><BR>[Called By]<UL><LI><a href="#[2f]">&gt;&gt;</a>&nbsp;&nbsp;&nbsp;LIN_SaveConfiguration
<LI><a href="#[2b]">&gt;&gt;</a>&nbsp;&nbsp;&nbsp;LIN_ReadByIdentifier
<LI><a href="#[2d]">&gt;&gt;</a>&nbsp;&nbsp;&nbsp;LIN_EnterProgramSession
<LI><a href="#[2c]">&gt;&gt;</a>&nbsp;&nbsp;&nbsp;LIN_ConditionalChangeNAD
<LI><a href="#[30]">&gt;&gt;</a>&nbsp;&nbsp;&nbsp;LIN_AssignFrameIDRange
</UL>

<P><STRONG><a name="[ad]"></a>MatchSupplierID</STRONG> (Thumb, 38 bytes, Stack size 0 bytes, lin_identification_and_configuration.o(i.MatchSupplierID))
<BR><BR>[Called By]<UL><LI><a href="#[2b]">&gt;&gt;</a>&nbsp;&nbsp;&nbsp;LIN_ReadByIdentifier
<LI><a href="#[2a]">&gt;&gt;</a>&nbsp;&nbsp;&nbsp;LIN_AssignNAD
</UL>

<P><STRONG><a name="[b1]"></a>MatchWildcardID</STRONG> (Thumb, 20 bytes, Stack size 0 bytes, lin_identification_and_configuration.o(i.MatchWildcardID))
<BR><BR>[Called By]<UL><LI><a href="#[2e]">&gt;&gt;</a>&nbsp;&nbsp;&nbsp;LIN_SNPD
</UL>

<P><STRONG><a name="[ce]"></a>WriteResponseError</STRONG> (Thumb, 30 bytes, Stack size 0 bytes, lin_init.o(i.WriteResponseError))
<BR><BR>[Called By]<UL><LI><a href="#[a5]">&gt;&gt;</a>&nbsp;&nbsp;&nbsp;SetLINResponseErrorForUser
<LI><a href="#[c3]">&gt;&gt;</a>&nbsp;&nbsp;&nbsp;ResetLINResponseErrorForUser
</UL>

<P><STRONG><a name="[c6]"></a>BusIdleStartMeasurement</STRONG> (Thumb, 8 bytes, Stack size 0 bytes, lin_api.o(i.BusIdleStartMeasurement))
<BR><BR>[Called By]<UL><LI><a href="#[a4]">&gt;&gt;</a>&nbsp;&nbsp;&nbsp;NotifyRxTxStatus
<LI><a href="#[bc]">&gt;&gt;</a>&nbsp;&nbsp;&nbsp;l_ifc_connect_MyLinIfc
</UL>

<P><STRONG><a name="[8b]"></a>_IQadd</STRONG> (Thumb, 42 bytes, Stack size 0 bytes, iq_filter.o(i._IQadd))
<BR><BR>[Called By]<UL><LI><a href="#[7a]">&gt;&gt;</a>&nbsp;&nbsp;&nbsp;IQ_LPFilterCalc
</UL>

<P><STRONG><a name="[ca]"></a>QPR_FXP_TestLite_ReinitIfNeeded</STRONG> (Thumb, 168 bytes, Stack size 32 bytes, qpr_fixed.o(i.QPR_FXP_TestLite_ReinitIfNeeded))
<BR><BR>[Stack]<UL><LI>Max Depth = 136<LI>Call Chain = QPR_FXP_TestLite_ReinitIfNeeded &rArr; qprFxpInit &rArr; qpr_update_coefs_q15 &rArr; sincos_q15 &rArr; MM_ThetaTransferTrigonoLut
</UL>
<BR>[Calls]<UL><LI><a href="#[9d]">&gt;&gt;</a>&nbsp;&nbsp;&nbsp;qprFxpInit
<LI><a href="#[9c]">&gt;&gt;</a>&nbsp;&nbsp;&nbsp;MulQ15_By_IntmHz
<LI><a href="#[47]">&gt;&gt;</a>&nbsp;&nbsp;&nbsp;__aeabi_uldivmod
</UL>
<BR>[Called By]<UL><LI><a href="#[6c]">&gt;&gt;</a>&nbsp;&nbsp;&nbsp;QPR_FXP_TestLite_Step
</UL>

<P><STRONG><a name="[ea]"></a>mHzToAngleIncQ15</STRONG> (Thumb, 32 bytes, Stack size 0 bytes, qpr_fixed.o(i.mHzToAngleIncQ15))
<BR><BR>[Called By]<UL><LI><a href="#[9d]">&gt;&gt;</a>&nbsp;&nbsp;&nbsp;qprFxpInit
<LI><a href="#[cc]">&gt;&gt;</a>&nbsp;&nbsp;&nbsp;qprFxpUpdate
<LI><a href="#[ec]">&gt;&gt;</a>&nbsp;&nbsp;&nbsp;qprFxpSetWcmHz
</UL>

<P><STRONG><a name="[cb]"></a>qpr_sin_q15_local</STRONG> (Thumb, 14 bytes, Stack size 8 bytes, qpr_fixed.o(i.qpr_sin_q15_local))
<BR><BR>[Stack]<UL><LI>Max Depth = 16<LI>Call Chain = qpr_sin_q15_local &rArr; MM_ThetaTransferTrigonoLut
</UL>
<BR>[Calls]<UL><LI><a href="#[37]">&gt;&gt;</a>&nbsp;&nbsp;&nbsp;MM_ThetaTransferTrigonoLut
</UL>
<BR>[Called By]<UL><LI><a href="#[6c]">&gt;&gt;</a>&nbsp;&nbsp;&nbsp;QPR_FXP_TestLite_Step
</UL>

<P><STRONG><a name="[eb]"></a>qpr_update_coefs_q15</STRONG> (Thumb, 260 bytes, Stack size 48 bytes, qpr_fixed.o(i.qpr_update_coefs_q15))
<BR><BR>[Stack]<UL><LI>Max Depth = 72<LI>Call Chain = qpr_update_coefs_q15 &rArr; sincos_q15 &rArr; MM_ThetaTransferTrigonoLut
</UL>
<BR>[Calls]<UL><LI><a href="#[34]">&gt;&gt;</a>&nbsp;&nbsp;&nbsp;MM_SatDivF16
<LI><a href="#[ed]">&gt;&gt;</a>&nbsp;&nbsp;&nbsp;sincos_q15
</UL>
<BR>[Called By]<UL><LI><a href="#[9d]">&gt;&gt;</a>&nbsp;&nbsp;&nbsp;qprFxpInit
<LI><a href="#[cc]">&gt;&gt;</a>&nbsp;&nbsp;&nbsp;qprFxpUpdate
<LI><a href="#[ec]">&gt;&gt;</a>&nbsp;&nbsp;&nbsp;qprFxpSetWcmHz
</UL>

<P><STRONG><a name="[ed]"></a>sincos_q15</STRONG> (Thumb, 26 bytes, Stack size 16 bytes, qpr_fixed.o(i.sincos_q15))
<BR><BR>[Stack]<UL><LI>Max Depth = 24<LI>Call Chain = sincos_q15 &rArr; MM_ThetaTransferTrigonoLut
</UL>
<BR>[Calls]<UL><LI><a href="#[37]">&gt;&gt;</a>&nbsp;&nbsp;&nbsp;MM_ThetaTransferTrigonoLut
</UL>
<BR>[Called By]<UL><LI><a href="#[eb]">&gt;&gt;</a>&nbsp;&nbsp;&nbsp;qpr_update_coefs_q15
</UL>
<P>
<H3>
Undefined Global Symbols
</H3><HR></body></html>
