Component: ARM Compiler 5.06 update 6 (build 750) Tool: armlink [4d35ed]

==============================================================================

Section Cross References

    startup_nsuc1602.o(RESET) refers to startup_nsuc1602.o(STACK) for __initial_sp
    startup_nsuc1602.o(RESET) refers to startup_nsuc1602.o(.text) for Reset_Handler
    startup_nsuc1602.o(RESET) refers to lin_init.o(i.LINUART_IRQHandler) for LINUART_IRQHandler
    startup_nsuc1602.o(RESET) refers to nvsns_foc.o(i.EPWM_IRQHandler) for EPWM_IRQHandler
    startup_nsuc1602.o(RESET) refers to nvsns_foc.o(i.ADC_IRQHandler) for ADC_IRQHandler
    startup_nsuc1602.o(RESET) refers to fault_handler.o(i.GDU_IRQHandler) for GDU_IRQHandler
    startup_nsuc1602.o(RESET) refers to handler.o(i.FLASH_IRQHandler) for FLASH_IRQHandler
    startup_nsuc1602.o(RESET) refers to pwm_appl.o(i.PWMIO_IRQHandler) for PWMIO_IRQHandler
    startup_nsuc1602.o(RESET) refers to lin_identification_and_configuration.o(i.LINPORT_IRQHandler) for LINPORT_IRQHandler
    startup_nsuc1602.o(RESET) refers to fault_handler.o(i.PMU_IRQHandler) for PMU_IRQHandler
    startup_nsuc1602.o(RESET) refers to fault_handler.o(i.CHP_IRQHandler) for CHP_IRQHandler
    startup_nsuc1602.o(.text) refers to handler.o(i.NMIHandler) for NMIHandler
    startup_nsuc1602.o(.text) refers to handler.o(i.HardFaultHandler) for HardFaultHandler
    startup_nsuc1602.o(.text) refers to handler.o(i.MemManageHandler) for MemManageHandler
    startup_nsuc1602.o(.text) refers to handler.o(i.BusFaultHandler) for BusFaultHandler
    startup_nsuc1602.o(.text) refers to handler.o(i.UsageFaultHandler) for UsageFaultHandler
    startup_nsuc1602.o(.text) refers to handler.o(i.SVCHandler) for SVCHandler
    startup_nsuc1602.o(.text) refers to handler.o(i.DebugMonHandler) for DebugMonHandler
    startup_nsuc1602.o(.text) refers to handler.o(i.PendSVHandler) for PendSVHandler
    startup_nsuc1602.o(.text) refers to systick_isr.o(i.SysTickHandler) for SysTickHandler
    startup_nsuc1602.o(.text) refers to system.o(i.SystemInit) for SystemInit
    startup_nsuc1602.o(.text) refers to entry.o(.ARM.Collect$$$$00000000) for __main
    main.o(i.AtanXYF16_RunPresetTests) refers to mm_lib.o(i.MM_AtanXYF16) for MM_AtanXYF16
    main.o(i.AtanXYF16_RunPresetTests) refers to main.o(.constdata) for .constdata
    main.o(i.AtanXYF16_RunPresetTests) refers to main.o(.bss) for .bss
    main.o(i.MainTask) refers to main.o(.data) for .data
    main.o(i.MainTask) refers to systick_isr.o(.data) for g_tickCnt
    main.o(i.Task1000msProcess) refers to ntcdrive.o(i.CalcIgbtTemp) for CalcIgbtTemp
    main.o(i.Task1000msProcess) refers to hfi_lib.o(i.HFI_CalculateInductanceValues) for HFI_CalculateInductanceValues
    main.o(i.Task1000msProcess) refers to nvsns_foc.o(.bss) for tDrvFoc
    main.o(i.Task1000msProcess) refers to systick_isr.o(.data) for g_epochSecond
    main.o(i.Task1000msProcess) refers to hfi_lib.o(.bss) for tHfiCtrl
    main.o(i.Task10msProcess) refers to lin_appl.o(i.FeedDWDG) for FeedDWDG
    main.o(i.Task10msProcess) refers to fault_diagnose.o(i.AlarmCheck10msTask) for AlarmCheck10msTask
    main.o(i.Task10msProcess) refers to pwm_appl.o(i.PWMIO_Task10ms) for PWMIO_Task10ms
    main.o(i.Task1msProcess) refers to fault_diagnose.o(i.AlarmCheck1msTask) for AlarmCheck1msTask
    main.o(i.Task1msProcess) refers to main.o(i.confirmComType) for confirmComType
    main.o(i.Task1msProcess) refers to motor_state_ctrl.o(i.MotorStateCtrl) for MotorStateCtrl
    main.o(i.Task1msProcess) refers to nvsns_foc.o(i.FOC_1MSTASK) for FOC_1MSTASK
    main.o(i.Task1msProcess) refers to sleep_control.o(i.CheckSleepStatus) for CheckSleepStatus
    main.o(i.Task1msProcess) refers to lin_appl.o(i.UpdateLinATCPStatus) for UpdateLinATCPStatus
    main.o(i.Task1msProcess) refers to lin_appl.o(i.UpdateLinATCPFault) for UpdateLinATCPFault
    main.o(i.Task1msProcess) refers to motor_state_ctrl.o(.data) for g_u8ComType
    main.o(i.confirmComType) refers to motor_state_ctrl.o(.data) for g_u8ComType
    main.o(i.main) refers to nvsns_foc.o(i.InitMotorConfig) for InitMotorConfig
    main.o(i.main) refers to lin_appl.o(i.LinApplMain) for LinApplMain
    main.o(i.main) refers to derating_control.o(i.Derating_Init) for Derating_Init
    main.o(i.main) refers to main.o(i.MainTask) for MainTask
    main.o(i.main) refers to motor_state_ctrl.o(.data) for g_u8ComType
    main.o(i.main) refers to derating_control.o(.constdata) for g_motor_derating_config
    main.o(i.main) refers to derating_control.o(.bss) for g_derating_controller
    main.o(.data) refers to main.o(i.Task1msProcess) for Task1msProcess
    main.o(.data) refers to main.o(i.Task10msCanE2promProcess) for Task10msCanE2promProcess
    main.o(.data) refers to main.o(i.Task10msProcess) for Task10msProcess
    main.o(.data) refers to main.o(i.Task100msProcess) for Task100msProcess
    main.o(.data) refers to main.o(i.Task1000msProcess) for Task1000msProcess
[...]
    i.qprFxpSetWcmHz                         0x08004cd8   Section        0  qpr_fixed.o(i.qprFxpSetWcmHz)
    i.qprFxpUpdate                           0x08004cfa   Section        0  qpr_fixed.o(i.qprFxpUpdate)
    i.qpr_sin_q15_local                      0x08004db4   Section        0  qpr_fixed.o(i.qpr_sin_q15_local)
    qpr_sin_q15_local                        0x08004db5   Thumb Code    14  qpr_fixed.o(i.qpr_sin_q15_local)
    i.qpr_update_coefs_q15                   0x08004dc2   Section        0  qpr_fixed.o(i.qpr_update_coefs_q15)
    qpr_update_coefs_q15                     0x08004dc3   Thumb Code   260  qpr_fixed.o(i.qpr_update_coefs_q15)
    i.saturate_16                            0x08004ec8   Section        0  nvsns_foc.o(i.saturate_16)
    saturate_16                              0x08004ec9   Thumb Code    26  nvsns_foc.o(i.saturate_16)
    i.sincos_q15                             0x08004ee8   Section        0  qpr_fixed.o(i.sincos_q15)
    sincos_q15                               0x08004ee9   Thumb Code    26  qpr_fixed.o(i.sincos_q15)
    i.stallDetectionInit                     0x08004f02   Section        0  foclib_init.o(i.stallDetectionInit)
    .constdata                               0x08004f50   Section       18  derating_control.o(.constdata)
    .constdata                               0x08004f62   Section        6  derating_control.o(.constdata)
    .constdata                               0x08004f68   Section       16  derating_control.o(.constdata)
    .constdata                               0x08004f78   Section      482  ntcdrive.o(.constdata)
    .constdata                               0x0800515c   Section      392  state_machine.o(.constdata)
    .constdata                               0x080052e4   Section        4  lin_config.o(.constdata)
    .constdata                               0x080052e8   Section        6  lin_config.o(.constdata)
    .constdata                               0x080052f0   Section       72  lin_config.o(.constdata)
    .constdata                               0x08005338   Section       56  lin_identification_and_configuration.o(.constdata)
    g_SID2Callbacks                          0x08005338   Data          56  lin_identification_and_configuration.o(.constdata)
    .data                                    0x20000000   Section       60  main.o(.data)
    .data                                    0x2000003c   Section        1  lin_appl.o(.data)
    g_u16DwdgTrigVal                         0x2000003c   Data           1  lin_appl.o(.data)
    .data                                    0x20000040   Section       60  pwm_appl.o(.data)
    g_u8PwmMotorState                        0x20000041   Data           1  pwm_appl.o(.data)
    u16LasRpm                                0x20000042   Data           2  pwm_appl.o(.data)
    abnormalCounter                          0x20000044   Data           2  pwm_appl.o(.data)
    g_u32LowDutyOffCounter                   0x20000074   Data           4  pwm_appl.o(.data)
    g_u32HighDutyOffCounter                  0x20000078   Data           4  pwm_appl.o(.data)
    .data                                    0x2000007c   Section       22  motor_state_ctrl.o(.data)
    .data                                    0x20000094   Section        4  system.o(.data)
    .data                                    0x20000098   Section        4  systick.o(.data)
    g_fac_us                                 0x20000098   Data           4  systick.o(.data)
    .data                                    0x2000009c   Section        4  systick_isr.o(.data)
    .data                                    0x200000a0   Section        8  systick_isr.o(.data)
    .data                                    0x200000a8   Section      148  foc_paras.o(.data)
    .data                                    0x2000013c   Section       46  nvsns_foc.o(.data)
    ePrevPosModeSlowLoop                     0x2000013c   Data           1  nvsns_foc.o(.data)
    stateRunStatus                           0x2000013e   Data           1  nvsns_foc.o(.data)
    f16Current                               0x2000014c   Data           2  nvsns_foc.o(.data)
    f16Weight                                0x2000014e   Data           2  nvsns_foc.o(.data)
    u16SpeedRampCnt                          0x20000150   Data           2  nvsns_foc.o(.data)
    .data                                    0x2000016a   Section        2  lin_api_appl.o(.data)
    .data                                    0x20000170   Section        8  lin_api_appl.o(.data)
    .data                                    0x20000178   Section        8  lin_api_appl.o(.data)
    .data                                    0x20000180   Section        8  lin_api_appl.o(.data)
    .data                                    0x20000188   Section        8  lin_config.o(.data)
    g_linFrameDataBufferOf_ID02              0x20000188   Data           8  lin_config.o(.data)
    .data                                    0x20000190   Section        8  lin_config.o(.data)
    g_linFrameDataBufferOf_ID03              0x20000190   Data           8  lin_config.o(.data)
    .data                                    0x20000198   Section        8  lin_config.o(.data)
    g_linFrameDataBufferOf_ID48              0x20000198   Data           8  lin_config.o(.data)
    .data                                    0x200001a0   Section        8  lin_config.o(.data)
    g_linFrameDataBufferOf_ID58              0x200001a0   Data           8  lin_config.o(.data)
    .data                                    0x200001a8   Section        8  lin_config.o(.data)
    g_linFrameDataBufferOf_ID59              0x200001a8   Data           8  lin_config.o(.data)
    .data                                    0x200001b0   Section        9  lin_config.o(.data)
    .data                                    0x200001b9   Section        2  lin_config.o(.data)
    g_linFrameDataBufferOf_ID15              0x200001b9   Data           2  lin_config.o(.data)
    .data                                    0x200001bb   Section        2  lin_config.o(.data)
    g_linFrameDataBufferOf_ID16              0x200001bb   Data           2  lin_config.o(.data)
    .data                                    0x200001bd   Section        8  lin_config.o(.data)
    g_linFrameDataBufferOf_ID60              0x200001bd   Data           8  lin_config.o(.data)
    .data                                    0x200001c5   Section        8  lin_config.o(.data)
    g_linFrameDataBufferOf_ID61              0x200001c5   Data           8  lin_config.o(.data)
    .data                                    0x200001d0   Section       24  lin_identification_and_configuration.o(.data)
    g_sendingResponseForConfig               0x200001d0   Data           1  lin_identification_and_configuration.o(.data)
    g_saveNADRequest                         0x200001d2   Data           1  lin_identification_and_configuration.o(.data)
    g_savePIDRequest                         0x200001d3   Data           1  lin_identification_and_configuration.o(.data)
    g_bsmNodeState                           0x200001d4   Data           1  lin_identification_and_configuration.o(.data)
    g_bsmBit                                 0x200001d5   Data           1  lin_identification_and_configuration.o(.data)
    g_adcCfgStoreFlg                         0x200001d6   Data           1  lin_identification_and_configuration.o(.data)
    g_tpLayerNCrTimeout                      0x200001d8   Data           2  lin_identification_and_configuration.o(.data)
    shuntCurrent1                            0x200001da   Data           2  lin_identification_and_configuration.o(.data)
    shuntCurrent2                            0x200001dc   Data           2  lin_identification_and_configuration.o(.data)
    shuntCurrent3                            0x200001de   Data           2  lin_identification_and_configuration.o(.data)
    g_adcBaseAddr                            0x200001e0   Data           4  lin_identification_and_configuration.o(.data)
    g_adcIENBuf                              0x200001e4   Data           4  lin_identification_and_configuration.o(.data)
    .data                                    0x200001e8   Section        8  lin_init.o(.data)
    .data                                    0x200001f0   Section      108  fault_diagnose.o(.data)
    u8ShortCnt                               0x200001f0   Data           1  fault_diagnose.o(.data)
    u8OpenCnt                                0x200001f1   Data           1  fault_diagnose.o(.data)
    firstRun                                 0x200001f2   Data           1  fault_diagnose.o(.data)
    i16VdcAft                                0x200001fe   Data           2  fault_diagnose.o(.data)
    setCnt                                   0x20000200   Data           2  fault_diagnose.o(.data)
    clearCnt                                 0x20000202   Data           2  fault_diagnose.o(.data)
    i16VdcAft                                0x20000204   Data           2  fault_diagnose.o(.data)
    setCnt                                   0x20000206   Data           2  fault_diagnose.o(.data)
    clearCnt                                 0x20000208   Data           2  fault_diagnose.o(.data)
    i16OtCnt                                 0x2000020a   Data           2  fault_diagnose.o(.data)
    i16OtRecCnt                              0x2000020c   Data           2  fault_diagnose.o(.data)
    delayCnt                                 0x2000020e   Data           2  fault_diagnose.o(.data)
    hwOcpTimes                               0x20000210   Data           2  fault_diagnose.o(.data)
    ocpLimitCnt                              0x20000212   Data           2  fault_diagnose.o(.data)
    hwOcp                                    0x20000214   Data           2  fault_diagnose.o(.data)
    checkCnt                                 0x20000216   Data           2  fault_diagnose.o(.data)
    delayCnt                                 0x20000218   Data           2  fault_diagnose.o(.data)
    shortCircuitTimes                        0x2000021a   Data           2  fault_diagnose.o(.data)
    resetTimeCnt                             0x2000021c   Data           2  fault_diagnose.o(.data)
    hwShortCircuit                           0x2000021e   Data           2  fault_diagnose.o(.data)
    checkCnt                                 0x20000220   Data           2  fault_diagnose.o(.data)
    stallRecoverTimer                        0x20000222   Data           2  fault_diagnose.o(.data)
    stallPre                                 0x20000224   Data           2  fault_diagnose.o(.data)
    prevTheta                                0x20000226   Data           2  fault_diagnose.o(.data)
    thetaDiff                                0x20000228   Data           2  fault_diagnose.o(.data)
    unbalanceCnt                             0x20000250   Data           4  fault_diagnose.o(.data)
    clrCnt                                   0x20000254   Data           4  fault_diagnose.o(.data)
    .data                                    0x2000025c   Section       12  mm_lib.o(.data)
    .data                                    0x20000268   Section        2  amc_lib.o(.data)
    .data                                    0x2000026a   Section        2  windmilling.o(.data)
    .data                                    0x2000026c   Section       10  smart_align.o(.data)
    .data                                    0x20000278   Section       13  lin_api.o(.data)
    .data                                    0x20000288   Section       16  curr_sample_1rps_aiwin.o(.data)
    cnt                                      0x2000028c   Data           2  curr_sample_1rps_aiwin.o(.data)
    .data                                    0x20000298   Section       10  dq_dual_space_switch.o(.data)
    s_f16IdIFend                             0x20000298   Data           2  dq_dual_space_switch.o(.data)
    s_f16IdBlendAlpha                        0x2000029a   Data           2  dq_dual_space_switch.o(.data)
    s_f16IdBlendStep                         0x2000029c   Data           2  dq_dual_space_switch.o(.data)
    .data                                    0x200002a4   Section        4  transform.o(.data)
    .data                                    0x200002a8   Section       44  qpr_fixed.o(.data)
    s_qpr_inited                             0x200002a9   Data           1  qpr_fixed.o(.data)
    s_Kr_shadow                              0x200002b4   Data           2  qpr_fixed.o(.data)
    s_alpha_shadow                           0x200002b6   Data           2  qpr_fixed.o(.data)
    s_ylim_shadow                            0x200002b8   Data           2  qpr_fixed.o(.data)
    s_inc_w0                                 0x200002ba   Data           2  qpr_fixed.o(.data)
    s_inc_3w0                                0x200002bc   Data           2  qpr_fixed.o(.data)
    s_ang1                                   0x200002be   Data           2  qpr_fixed.o(.data)
    s_ang3                                   0x200002c0   Data           2  qpr_fixed.o(.data)
    s_f0_mhz_shadow                          0x200002c8   Data           4  qpr_fixed.o(.data)
    s_wc_mhz                                 0x200002cc   Data           4  qpr_fixed.o(.data)
    s_call_count                             0x200002d0   Data           4  qpr_fixed.o(.data)
    .bss                                     0x200002d4   Section       48  derating_control.o(.bss)
    .bss                                     0x20000304   Section     1076  nvsns_foc.o(.bss)
    g_qpr_speed                              0x200006c8   Data          28  nvsns_foc.o(.bss)
    g_qpr3_speed                             0x200006e4   Data          28  nvsns_foc.o(.bss)
    g_qpr_iq                                 0x20000700   Data          28  nvsns_foc.o(.bss)
    g_qpr_id                                 0x2000071c   Data          28  nvsns_foc.o(.bss)
    .bss                                     0x20000738   Section        9  lin_config.o(.bss)
    .bss                                     0x20000744   Section       52  lin_identification_and_configuration.o(.bss)
    g_adcRegBuf                              0x20000744   Data          52  lin_identification_and_configuration.o(.bss)
    .bss                                     0x20000778   Section      128  lin_nvr.o(.bss)
    .bss                                     0x200007f8   Section       24  fault_init.o(.bss)
    .bss                                     0x20000810   Section      112  curr_sample_1rps.o(.bss)
    .bss                                     0x20000880   Section       28  deadtime_comp.o(.bss)
    .bss                                     0x2000089c   Section       10  lin_api.o(.bss)
    .bss                                     0x200008a6   Section       22  curr_sample_1rps_aiwin.o(.bss)
    .bss                                     0x200008bc   Section      344  hfi_lib.o(.bss)
    .bss                                     0x20000a14   Section      192  motor_param_id.o(.bss)
    .bss                                     0x20000ad4   Section       28  qpr_fixed.o(.bss)
    s_qpr_test                               0x20000ad4   Data          28  qpr_fixed.o(.bss)
    .bss                                     0x20000af0   Section       84  stalldetection.o(.bss)
    STACK                                    0x20000b48   Section     1024  startup_nsuc1602.o(STACK)

    Global Symbols

    Symbol Name                              Value     Ov Type        Size  Object(Section)

    BuildAttributes$$THM_ISAv4$P$D$K$B$S$PE$A:L22UL41UL21$X:L11$S22US41US21$IEEE1$IW$USESV6$~STKCKD$USESV7$~SHL$OTIME$ROPI$EBA8$MICROLIB$REQ8$EABIv2 0x00000000   Number         0  anon$$obj.o ABSOLUTE
    __ARM_use_no_argv                        0x00000000   Number         0  main.o ABSOLUTE
    __cpp_initialize__aeabi_                  - Undefined Weak Reference
    __cxa_finalize                            - Undefined Weak Reference
    _clock_init                               - Undefined Weak Reference
    _microlib_exit                            - Undefined Weak Reference
    __Vectors_Size                           0x00000084   Number         0  startup_nsuc1602.o ABSOLUTE
    __Vectors                                0x08000000   Data           4  startup_nsuc1602.o(RESET)
    __Vectors_End                            0x08000084   Data           0  startup_nsuc1602.o(RESET)
    __main                                   0x08000085   Thumb Code     0  entry.o(.ARM.Collect$$$$00000000)
    _main_stk                                0x08000085   Thumb Code     0  entry2.o(.ARM.Collect$$$$00000001)
    _main_scatterload                        0x08000089   Thumb Code     0  entry5.o(.ARM.Collect$$$$00000004)
    __main_after_scatterload                 0x0800008d   Thumb Code     0  entry5.o(.ARM.Collect$$$$00000004)
    _main_clock                              0x0800008d   Thumb Code     0  entry7b.o(.ARM.Collect$$$$00000008)
    _main_cpp_init                           0x0800008d   Thumb Code     0  entry8b.o(.ARM.Collect$$$$0000000A)
    _main_init                               0x0800008d   Thumb Code     0  entry9a.o(.ARM.Collect$$$$0000000B)
    __rt_final_cpp                           0x08000095   Thumb Code     0  entry10a.o(.ARM.Collect$$$$0000000D)
    __rt_final_exit                          0x08000095   Thumb Code     0  entry11a.o(.ARM.Collect$$$$0000000F)
    GCF_CtrlPIrAW_F16                        0x08000099   Thumb Code   142  gcf_lib.o(.emb_text)
    GCF_CtrlPIpAW_F16                        0x08000127   Thumb Code   246  gcf_lib.o(.emb_text)
    GCF_IntegratorTR_F16                     0x0800021d   Thumb Code    36  gcf_lib.o(.emb_text)
    GCF_LpFilterMA_F16                       0x08000241   Thumb Code    58  gcf_lib.o(.emb_text)
    GMC_Svm                                  0x0800027d   Thumb Code   198  gmc_lib.o(.emb_text)
    GMC_ClarkeF16                            0x08000343   Thumb Code    38  gmc_lib.o(.emb_text)
    GMC_ParkeF16                             0x08000369   Thumb Code   128  gmc_lib.o(.emb_text)
    GMC_InvParkF16                           0x080003e9   Thumb Code    76  gmc_lib.o(.emb_text)
    GMC_DcBusCompF16                         0x08000435   Thumb Code   106  gmc_lib.o(.emb_text)
    MM_SatDivF16                             0x080004a1   Thumb Code    72  mm_lib.o(.emb_text)
    MM_DivF16                                0x080004e9   Thumb Code    38  mm_lib.o(.emb_text)
    AMC_PMSMBemfObsvrDQ_F16                  0x08000511   Thumb Code   442  amc_lib.o(.emb_text)
    Reset_Handler                            0x080006cd   Thumb Code     8  startup_nsuc1602.o(.text)
    NMI_Handler                              0x080006d5   Thumb Code     8  startup_nsuc1602.o(.text)
    HardFault_Handler                        0x080006dd   Thumb Code     8  startup_nsuc1602.o(.text)
    MemManage_Handler                        0x080006e5   Thumb Code     8  startup_nsuc1602.o(.text)
    BusFault_Handler                         0x080006ed   Thumb Code     8  startup_nsuc1602.o(.text)
    UsageFault_Handler                       0x080006f5   Thumb Code     8  startup_nsuc1602.o(.text)
    SVC_Handler                              0x080006fd   Thumb Code     8  startup_nsuc1602.o(.text)
    DebugMon_Handler                         0x08000705   Thumb Code     8  startup_nsuc1602.o(.text)
    PendSV_Handler                           0x0800070d   Thumb Code     8  startup_nsuc1602.o(.text)
    SysTick_Handler                          0x08000715   Thumb Code     8  startup_nsuc1602.o(.text)
    DWDG_IRQHandler                          0x0800071d   Thumb Code     0  startup_nsuc1602.o(.text)
    GPIO_IRQHandler                          0x0800071d   Thumb Code     0  startup_nsuc1602.o(.text)
    RFI_IRQHandler                           0x0800071d   Thumb Code     0  startup_nsuc1602.o(.text)
    SPI_IRQHandler                           0x0800071d   Thumb Code     0  startup_nsuc1602.o(.text)
    TIM0_IRQHandler                          0x0800071d   Thumb Code     0  startup_nsuc1602.o(.text)
    TIM1_IRQHandler                          0x0800071d   Thumb Code     0  startup_nsuc1602.o(.text)
    UART1_IRQHandler                         0x0800071d   Thumb Code     0  startup_nsuc1602.o(.text)
    WWDG_IRQHandler                          0x0800071d   Thumb Code     0  startup_nsuc1602.o(.text)
    __aeabi_uldivmod                         0x08000729   Thumb Code    98  uldiv.o(.text)
    __aeabi_llsl                             0x0800078b   Thumb Code    30  llshl.o(.text)
    _ll_shift_l                              0x0800078b   Thumb Code     0  llshl.o(.text)
    __aeabi_lasr                             0x080007a9   Thumb Code    36  llsshr.o(.text)
    _ll_sshift_r                             0x080007a9   Thumb Code     0  llsshr.o(.text)
    __aeabi_memcpy                           0x080007cd   Thumb Code    36  memcpya.o(.text)
    __aeabi_memcpy4                          0x080007cd   Thumb Code     0  memcpya.o(.text)
    __aeabi_memcpy8                          0x080007cd   Thumb Code     0  memcpya.o(.text)
    __aeabi_memset                           0x080007f1   Thumb Code    14  memseta.o(.text)
    __aeabi_memset4                          0x080007f1   Thumb Code     0  memseta.o(.text)
    __aeabi_memset8                          0x080007f1   Thumb Code     0  memseta.o(.text)
    __aeabi_memclr                           0x080007ff   Thumb Code     4  memseta.o(.text)
    __aeabi_memclr4                          0x080007ff   Thumb Code     0  memseta.o(.text)
    __aeabi_memclr8                          0x080007ff   Thumb Code     0  memseta.o(.text)
    _memset$wrapper                          0x08000803   Thumb Code    18  memseta.o(.text)
    __aeabi_fmul                             0x08000815   Thumb Code   100  fmul.o(.text)
    __aeabi_fdiv                             0x08000879   Thumb Code   124  fdiv.o(.text)
    __ARM_scalbnf                            0x080008f5   Thumb Code    24  fscalb.o(.text)
    scalbnf                                  0x080008f5   Thumb Code     0  fscalb.o(.text)
    __aeabi_dadd                             0x0800090d   Thumb Code   322  dadd.o(.text)
    __aeabi_dsub                             0x08000a4f   Thumb Code     6  dadd.o(.text)
    __aeabi_drsub                            0x08000a55   Thumb Code     6  dadd.o(.text)
    __aeabi_dmul                             0x08000a5b   Thumb Code   228  dmul.o(.text)
    __aeabi_ddiv                             0x08000b3f   Thumb Code   222  ddiv.o(.text)
    __ARM_scalbn                             0x08000c1d   Thumb Code    46  dscalb.o(.text)
    scalbn                                   0x08000c1d   Thumb Code     0  dscalb.o(.text)
    __aeabi_i2f                              0x08000c4b   Thumb Code    18  fflti.o(.text)
    __aeabi_f2iz                             0x08000c5d   Thumb Code    50  ffixi.o(.text)
    __aeabi_f2uiz                            0x08000c8f   Thumb Code    40  ffixui.o(.text)
    __aeabi_d2iz                             0x08000cb7   Thumb Code    62  dfixi.o(.text)
    __aeabi_f2d                              0x08000cf5   Thumb Code    38  f2d.o(.text)
    __aeabi_cdcmpeq                          0x08000d1d   Thumb Code     0  cdcmple.o(.text)
    __aeabi_cdcmple                          0x08000d1d   Thumb Code    48  cdcmple.o(.text)
    __aeabi_cdrcmple                         0x08000d4d   Thumb Code    48  cdrcmple.o(.text)
    __aeabi_d2f                              0x08000d7d   Thumb Code    56  d2f.o(.text)
    __aeabi_cfcmpeq                          0x08000db5   Thumb Code     0  cfcmple.o(.text)
    __aeabi_cfcmple                          0x08000db5   Thumb Code    20  cfcmple.o(.text)
    __aeabi_llsr                             0x08000dc9   Thumb Code    32  llushr.o(.text)
    _ll_ushift_r                             0x08000dc9   Thumb Code     0  llushr.o(.text)
    __I$use$fp                               0x08000de9   Thumb Code     0  iusefp.o(.text)
    _float_round                             0x08000de9   Thumb Code    18  fepilogue.o(.text)
    _float_epilogue                          0x08000dfb   Thumb Code    92  fepilogue.o(.text)
    _double_round                            0x08000e57   Thumb Code    30  depilogue.o(.text)
    _double_epilogue                         0x08000e75   Thumb Code   156  depilogue.o(.text)
    __scatterload                            0x08000f11   Thumb Code    28  init.o(.text)
    __scatterload_rt2                        0x08000f11   Thumb Code     0  init.o(.text)
    __decompress                             0x08000f35   Thumb Code     0  __dczerorl.o(.text)
    __decompress0                            0x08000f35   Thumb Code    58  __dczerorl.o(.text)
    ADC_IRQHandler                           0x08000f71   Thumb Code    14  nvsns_foc.o(i.ADC_IRQHandler)
    AMC_FWInit_F16                           0x08000f85   Thumb Code    48  mtr_adv_init.o(i.AMC_FWInit_F16)
    AMC_InitObsrv_F16                        0x08000fb5   Thumb Code    28  amc_lib.o(i.AMC_InitObsrv_F16)
    AMC_TrackObsrv_F16                       0x08000fd1   Thumb Code    50  amc_lib.o(i.AMC_TrackObsrv_F16)
    AlarmCheck10msTask                       0x08001009   Thumb Code    14  fault_diagnose.o(i.AlarmCheck10msTask)
    AlarmCheck1msTask                        0x08001017   Thumb Code     2  fault_diagnose.o(i.AlarmCheck1msTask)
    AutomaticMode                            0x08001019   Thumb Code   138  nvsns_foc.o(i.AutomaticMode)
    BSM_GetBSMNodeStatus                     0x080011e9   Thumb Code     6  lin_identification_and_configuration.o(i.BSM_GetBSMNodeStatus)
    BSM_ResetInFrameEnd                      0x080012ed   Thumb Code    32  lin_identification_and_configuration.o(i.BSM_ResetInFrameEnd)
    BrakeOutput                              0x08001355   Thumb Code    38  nvsns_foc.o(i.BrakeOutput)
    BusFaultHandler                          0x08001385   Thumb Code     2  handler.o(i.BusFaultHandler)
    CHP_IRQHandler                           0x08001395   Thumb Code    50  fault_handler.o(i.CHP_IRQHandler)
    CalcIgbtTemp                             0x080013d1   Thumb Code    36  ntcdrive.o(i.CalcIgbtTemp)
    CalcOpenLoop                             0x080013fd   Thumb Code    20  nvsns_foc.o(i.CalcOpenLoop)
    CalcSensorTemp                           0x08001411   Thumb Code   120  ntcdrive.o(i.CalcSensorTemp)
    CalculateCheckSum                        0x08001489   Thumb Code    64  lin_init.o(i.CalculateCheckSum)
    ChangeAdcQ5ToBEMF                        0x080014cd   Thumb Code    24  nvsns_foc.o(i.ChangeAdcQ5ToBEMF)
    ChangeAdcQ5ToIbus                        0x080014ed   Thumb Code    24  nvsns_foc.o(i.ChangeAdcQ5ToIbus)
    CheckHardwareOcp                         0x0800150d   Thumb Code    98  fault_diagnose.o(i.CheckHardwareOcp)
    CheckHardwareShortCircuit                0x08001575   Thumb Code   144  fault_diagnose.o(i.CheckHardwareShortCircuit)
    CheckSleepStatus                         0x08001609   Thumb Code     2  sleep_control.o(i.CheckSleepStatus)
    DQ_DualSpaceBlendReset                   0x0800160d   Thumb Code    12  dq_dual_space_switch.o(i.DQ_DualSpaceBlendReset)
    DQ_DualSpaceSetBlendStep                 0x0800161d   Thumb Code     6  dq_dual_space_switch.o(i.DQ_DualSpaceSetBlendStep)
    DeadTimeCompensationInit                 0x08001629   Thumb Code    28  deadtime_comp.o(i.DeadTimeCompensationInit)
    DebugMonHandler                          0x0800167d   Thumb Code     2  handler.o(i.DebugMonHandler)
    Derating_Apply                           0x0800167f   Thumb Code    42  derating_control.o(i.Derating_Apply)
    Derating_ConvertRpmToFrac16              0x080016a9   Thumb Code    58  derating_control.o(i.Derating_ConvertRpmToFrac16)
    Derating_GetMaxAllowedRpm                0x080016e3   Thumb Code    22  derating_control.o(i.Derating_GetMaxAllowedRpm)
    Derating_Init                            0x080016f9   Thumb Code    50  derating_control.o(i.Derating_Init)
    DisableOutput                            0x0800172d   Thumb Code    36  nvsns_foc.o(i.DisableOutput)
    EPWM_IRQHandler                          0x08001759   Thumb Code   466  nvsns_foc.o(i.EPWM_IRQHandler)
    EnableOutput                             0x08001955   Thumb Code    38  nvsns_foc.o(i.EnableOutput)
    FAULT_Init                               0x08001989   Thumb Code   178  fault_init.o(i.FAULT_Init)
    FLASH_IRQHandler                         0x08001a49   Thumb Code     2  handler.o(i.FLASH_IRQHandler)
    FOC_1MSTASK                              0x08001a4d   Thumb Code    44  nvsns_foc.o(i.FOC_1MSTASK)
    FOC_AdcInit                              0x08001a7d   Thumb Code   372  foc_init.o(i.FOC_AdcInit)
    FOC_EpwmInit                             0x08001bfd   Thumb Code   244  foc_init.o(i.FOC_EpwmInit)
    FOC_GduInit                              0x08001cf9   Thumb Code   528  foc_init.o(i.FOC_GduInit)
    FeedDWDG                                 0x08001f11   Thumb Code    14  lin_appl.o(i.FeedDWDG)
    GCF_IntegratorTR_F16_AIWIN               0x08002209   Thumb Code    36  transform.o(i.GCF_IntegratorTR_F16_AIWIN)
    GCF_PositionalPI_F16                     0x0800222d   Thumb Code   248  pi.o(i.GCF_PositionalPI_F16)
    GCF_Ramp_F16                             0x08002325   Thumb Code    40  gcf_lib.o(i.GCF_Ramp_F16)
    GDU_IRQHandler                           0x0800234d   Thumb Code    44  fault_handler.o(i.GDU_IRQHandler)
    GotoSleep                                0x0800237d   Thumb Code    22  lin_init.o(i.GotoSleep)
    HFI_CalculateInductanceValues            0x08002399   Thumb Code   138  hfi_lib.o(i.HFI_CalculateInductanceValues)
    HardFaultHandler                         0x0800243d   Thumb Code     2  handler.o(i.HardFaultHandler)
    IQ_HPFilterInit                          0x0800243f   Thumb Code    18  iq_filter.o(i.IQ_HPFilterInit)
    IQ_LPFilterCalc                          0x08002451   Thumb Code   200  iq_filter.o(i.IQ_LPFilterCalc)
    IQ_LPFilterInit                          0x0800251d   Thumb Code    12  iq_filter.o(i.IQ_LPFilterInit)
    IQ_LPFilterParaCalc                      0x08002529   Thumb Code   172  iq_filter.o(i.IQ_LPFilterParaCalc)
    IQ_LPFilterSetCutoffHz                   0x080025e5   Thumb Code    66  iq_filter.o(i.IQ_LPFilterSetCutoffHz)
    InitFocParas                             0x0800262d   Thumb Code  1152  nvsns_foc.o(i.InitFocParas)
    InitFreqToAngleIncrement                 0x08002aad   Thumb Code    50  transform.o(i.InitFreqToAngleIncrement)
    InitMotorConfig                          0x08002ae9   Thumb Code   118  nvsns_foc.o(i.InitMotorConfig)
    LINPORT_IRQHandler                       0x08002bb1   Thumb Code    74  lin_identification_and_configuration.o(i.LINPORT_IRQHandler)
    LINUART_Enable                           0x08002c05   Thumb Code    12  lin_init.o(i.LINUART_Enable)
    LINUART_IRQHandler                       0x08002c15   Thumb Code   148  lin_init.o(i.LINUART_IRQHandler)
    LINUART_Init                             0x08002cc5   Thumb Code   172  lin_init.o(i.LINUART_Init)
    LINUART_ReceiveDataByFIFO                0x08002d81   Thumb Code    54  lin_init.o(i.LINUART_ReceiveDataByFIFO)
    LINUART_TransmitDataByFIFO               0x08002dc5   Thumb Code    88  lin_init.o(i.LINUART_TransmitDataByFIFO)
    LIN_CheckPID                             0x08002ef9   Thumb Code    64  lin_api.o(i.LIN_CheckPID)
    LIN_ClearResponseFlagForDiagnosisFrame   0x08002f39   Thumb Code     8  lin_identification_and_configuration.o(i.LIN_ClearResponseFlagForDiagnosisFrame)
    LIN_GetResponseFlagForDiagnosisFrame     0x0800302d   Thumb Code     6  lin_identification_and_configuration.o(i.LIN_GetResponseFlagForDiagnosisFrame)
    LIN_NodeConfigAndIndentifByDiagnosticFrame 0x08003039   Thumb Code    64  lin_identification_and_configuration.o(i.LIN_NodeConfigAndIndentifByDiagnosticFrame)
    LinApplMain                              0x0800323d   Thumb Code   304  lin_appl.o(i.LinApplMain)
    MM_AtanXYF16                             0x08003389   Thumb Code   112  mm_lib.o(i.MM_AtanXYF16)
    MM_QuartAtanF16                          0x080033fd   Thumb Code   106  mm_lib.o(i.MM_QuartAtanF16)
    MM_SqrtLut_F16                           0x08003471   Thumb Code    54  mm_lib.o(i.MM_SqrtLut_F16)
    MM_ThetaTransferTrigonoLut               0x080034ad   Thumb Code   138  mm_lib.o(i.MM_ThetaTransferTrigonoLut)
    MainTask                                 0x0800353d   Thumb Code    64  main.o(i.MainTask)
    MemManageHandler                         0x08003609   Thumb Code     2  handler.o(i.MemManageHandler)
    MotorStateCtrl                           0x0800360d   Thumb Code   212  motor_state_ctrl.o(i.MotorStateCtrl)
    MulQ15_By_IntmHz                         0x080036f5   Thumb Code    10  qpr_fixed.o(i.MulQ15_By_IntmHz)
    NMIHandler                               0x080036ff   Thumb Code     2  handler.o(i.NMIHandler)
    NotifyRxTxStatus                         0x08003739   Thumb Code   254  lin_api.o(i.NotifyRxTxStatus)
    PARAM_ID_Init                            0x08003855   Thumb Code    96  foclib_init.o(i.PARAM_ID_Init)
    PMU_IRQHandler                           0x080038b9   Thumb Code    72  fault_handler.o(i.PMU_IRQHandler)
    PWMIO_CheckTimeout                       0x08003909   Thumb Code    52  pwm_appl.o(i.PWMIO_CheckTimeout)
    PWMIO_ConfirmDutyCycle                   0x08003945   Thumb Code    46  pwm_appl.o(i.PWMIO_ConfirmDutyCycle)
    PWMIO_IRQHandler                         0x08003979   Thumb Code   158  pwm_appl.o(i.PWMIO_IRQHandler)
    PWMIO_Task10ms                           0x08003a25   Thumb Code    14  pwm_appl.o(i.PWMIO_Task10ms)
    PWMOUT_Set                               0x08003a35   Thumb Code    50  pwm_appl.o(i.PWMOUT_Set)
    PWMOUT_SetEnable                         0x08003a6d   Thumb Code    44  pwm_appl.o(i.PWMOUT_SetEnable)
    PendSVHandler                            0x08003a99   Thumb Code     2  handler.o(i.PendSVHandler)
    PowerEnableForward                       0x08003a9d   Thumb Code    20  lin_appl.o(i.PowerEnableForward)
    PowerEnableGPIO_Init                     0x08003ab5   Thumb Code   116  lin_appl.o(i.PowerEnableGPIO_Init)
    PowerEnableReverse                       0x08003b31   Thumb Code    20  lin_appl.o(i.PowerEnableReverse)
    PrepareToWakeup                          0x08003b49   Thumb Code     2  lin_init.o(i.PrepareToWakeup)
    QPR_FXP_TestLite_Step                    0x08003c01   Thumb Code   116  qpr_fixed.o(i.QPR_FXP_TestLite_Step)
    ReadNADFromNVR                           0x08003c7d   Thumb Code    26  lin_nvr.o(i.ReadNADFromNVR)
    ReadPIDFromNVR                           0x08003ca1   Thumb Code    56  lin_nvr.o(i.ReadPIDFromNVR)
    ResetLINResponseErrorForUser             0x08003cdd   Thumb Code    36  lin_init.o(i.ResetLINResponseErrorForUser)
    ResetProtocolState                       0x08003d11   Thumb Code    38  lin_init.o(i.ResetProtocolState)
    SVCHandler                               0x08003d45   Thumb Code     2  handler.o(i.SVCHandler)
    SetLINResponseError                      0x08003d49   Thumb Code    54  lin_api.o(i.SetLINResponseError)
    SetLINResponseErrorForUser               0x08003d91   Thumb Code    58  lin_init.o(i.SetLINResponseErrorForUser)
    SetPwmDutyAIWIN                          0x08003dd1   Thumb Code   490  nvsns_foc.o(i.SetPwmDutyAIWIN)
    SetRequestEnterBootloader                0x08003fc5   Thumb Code    78  lin_nvr.o(i.SetRequestEnterBootloader)
    SmartAlgnInit                            0x08004029   Thumb Code    14  smart_align.o(i.SmartAlgnInit)
    StateAlign                               0x0800403d   Thumb Code   328  nvsns_foc.o(i.StateAlign)
    StateCalib                               0x08004191   Thumb Code   130  nvsns_foc.o(i.StateCalib)
    StateFault                               0x0800421d   Thumb Code    60  nvsns_foc.o(i.StateFault)
    StateInit                                0x0800425d   Thumb Code    82  nvsns_foc.o(i.StateInit)
    StateReady                               0x080042b5   Thumb Code    12  nvsns_foc.o(i.StateReady)
    StateReset                               0x080042c5   Thumb Code    22  nvsns_foc.o(i.StateReset)
    StateRun                                 0x080042e1   Thumb Code   304  nvsns_foc.o(i.StateRun)
    SysTickHandler                           0x0800441d   Thumb Code    24  systick_isr.o(i.SysTickHandler)
    SysTick_Init                             0x08004439   Thumb Code    58  systick.o(i.SysTick_Init)
    SystemInit                               0x0800447d   Thumb Code     8  system.o(i.SystemInit)
    Task1000msProcess                        0x0800448d   Thumb Code    44  main.o(i.Task1000msProcess)
    Task100msProcess                         0x080044c5   Thumb Code     2  main.o(i.Task100msProcess)
    Task10msCanE2promProcess                 0x080044c7   Thumb Code     2  main.o(i.Task10msCanE2promProcess)
    Task10msProcess                          0x080044c9   Thumb Code    18  main.o(i.Task10msProcess)
    Task1msProcess                           0x080044dd   Thumb Code    44  main.o(i.Task1msProcess)
    Timer_GetFASTTime                        0x0800450d   Thumb Code    30  systick.o(i.Timer_GetFASTTime)
    Timer_Start                              0x08004531   Thumb Code    16  systick.o(i.Timer_Start)
    UpdateLinATCPFault                       0x08004545   Thumb Code    18  lin_appl.o(i.UpdateLinATCPFault)
    UpdateLinATCPStatus                      0x08004565   Thumb Code   142  lin_appl.o(i.UpdateLinATCPStatus)
    UsageFaultHandler                        0x08004609   Thumb Code     2  handler.o(i.UsageFaultHandler)
    WM_Init                                  0x0800460b   Thumb Code    34  mtr_adv_init.o(i.WM_Init)
    WM_WindDetection                         0x0800462d   Thumb Code   306  windmilling.o(i.WM_WindDetection)
    WrapAngleQ15                             0x08004769   Thumb Code    30  transform.o(i.WrapAngleQ15)
    WrapAngleSumQ15                          0x0800478d   Thumb Code     8  transform.o(i.WrapAngleSumQ15)
    __scatterload_copy                       0x080047e3   Thumb Code    14  handlers.o(i.__scatterload_copy)
    __scatterload_null                       0x080047f1   Thumb Code     2  handlers.o(i.__scatterload_null)
    __scatterload_zeroinit                   0x080047f3   Thumb Code    14  handlers.o(i.__scatterload_zeroinit)
    confirmComType                           0x08004801   Thumb Code     8  main.o(i.confirmComType)
    getCurrentMaxMin                         0x0800480d   Thumb Code   254  fault_diagnose.o(i.getCurrentMaxMin)
    l_atcp_struct_trans_data_buffer          0x08004919   Thumb Code    38  lin_api_appl.o(i.l_atcp_struct_trans_data_buffer)
    l_fault_trans_data_buffer                0x0800493f   Thumb Code    38  lin_api_appl.o(i.l_fault_trans_data_buffer)
    l_flg_set_update_flags                   0x08004965   Thumb Code    30  lin_api_appl.o(i.l_flg_set_update_flags)
    l_ifc_connect_MyLinIfc                   0x0800498d   Thumb Code    30  lin_api.o(i.l_ifc_connect_MyLinIfc)
    l_ifc_init_MyLinIfc                      0x080049b1   Thumb Code    14  lin_api.o(i.l_ifc_init_MyLinIfc)
    l_ifc_rx_MyLinIfc                        0x080049c5   Thumb Code   406  lin_api.o(i.l_ifc_rx_MyLinIfc)
    l_sys_init                               0x08004b85   Thumb Code    34  lin_init.o(i.l_sys_init)
    l_ver_trans_data_buffer                  0x08004bb5   Thumb Code    38  lin_api_appl.o(i.l_ver_trans_data_buffer)
    main                                     0x08004bfd   Thumb Code    28  main.o(i.main)
    motorInitCalculations                    0x08004c25   Thumb Code    82  motor_data_calc.o(i.motorInitCalculations)
    qprFxpInit                               0x08004c77   Thumb Code    72  qpr_fixed.o(i.qprFxpInit)
    qprFxpSetWcByAlphamhz                    0x08004cbf   Thumb Code    26  qpr_fixed.o(i.qprFxpSetWcByAlphamhz)
    qprFxpSetWcmHz                           0x08004cd9   Thumb Code    34  qpr_fixed.o(i.qprFxpSetWcmHz)
    qprFxpUpdate                             0x08004cfb   Thumb Code   186  qpr_fixed.o(i.qprFxpUpdate)
    stallDetectionInit                       0x08004f03   Thumb Code    78  foclib_init.o(i.stallDetectionInit)
    g_temp_derating_profile                  0x08004f50   Data          18  derating_control.o(.constdata)
    g_volt_derating_profile                  0x08004f62   Data           6  derating_control.o(.constdata)
    g_motor_derating_config                  0x08004f68   Data          16  derating_control.o(.constdata)
    Sensor1Table                             0x08004f78   Data         482  ntcdrive.o(.constdata)
    pStateFuncTable                          0x0800515c   Data         392  state_machine.o(.constdata)
    g_serialNumber                           0x080052e4   Data           4  lin_config.o(.constdata)
    g_productIdentifier                      0x080052e8   Data           6  lin_config.o(.constdata)
    g_nodeConfigFrameTable                   0x080052f0   Data          72  lin_config.o(.constdata)
    Region$$Table$$Base                      0x08005370   Number         0  anon$$obj.o(Region$$Table)
    Region$$Table$$Limit                     0x08005390   Number         0  anon$$obj.o(Region$$Table)
    g_sysTask                                0x20000000   Data          60  main.o(.data)
    g_u8pwmOffineFlag                        0x20000040   Data           1  pwm_appl.o(.data)
    g_PWM_CFM_State_t                        0x20000046   Data           2  pwm_appl.o(.data)
    g_u32OverflowCnt                         0x20000048   Data           4  pwm_appl.o(.data)
    g_u32HighLevelCnt                        0x2000004c   Data           4  pwm_appl.o(.data)
    g_u32HighLevelTime                       0x20000050   Data           4  pwm_appl.o(.data)
    g_u32LowLevelCnt                         0x20000054   Data           4  pwm_appl.o(.data)
    g_u32LowLevelTime                        0x20000058   Data           4  pwm_appl.o(.data)
    g_u32DutyCycle                           0x2000005c   Data           4  pwm_appl.o(.data)
    g_u32PeriodTime                          0x20000060   Data           4  pwm_appl.o(.data)
    g_u32DutyCycleConfirmCnt                 0x20000064   Data           4  pwm_appl.o(.data)
    g_u32LastDutyCycle                       0x20000068   Data           4  pwm_appl.o(.data)
    g_u32DutyCycleConfirm                    0x2000006c   Data           4  pwm_appl.o(.data)
    g_u32LastEdgeTime                        0x20000070   Data           4  pwm_appl.o(.data)
    g_u8ComType                              0x2000007c   Data           1  motor_state_ctrl.o(.data)
    f16CmdTagSpeed                           0x2000007e   Data           2  motor_state_ctrl.o(.data)
    f16PhaseCurrentRms                       0x20000080   Data           6  motor_state_ctrl.o(.data)
    f16PhaseCurrentMaxFilter                 0x20000086   Data           6  motor_state_ctrl.o(.data)
    f16PhaseCurrentMax                       0x2000008c   Data           6  motor_state_ctrl.o(.data)
    SystemCoreClock                          0x20000094   Data           4  system.o(.data)
    g_epochSecond                            0x2000009c   Data           4  systick_isr.o(.data)
    g_tickCnt                                0x200000a0   Data           2  systick_isr.o(.data)
    g_systick_overflows                      0x200000a4   Data           4  systick_isr.o(.data)
    tFocParas                                0x200000a8   Data         148  foc_paras.o(.data)
    u8EnableOut                              0x2000013d   Data           1  nvsns_foc.o(.data)
    PWMPeriod                                0x20000140   Data           2  nvsns_foc.o(.data)
    f16IQFiltered                            0x20000142   Data           2  nvsns_foc.o(.data)
    f16ThetaErr                              0x20000144   Data           2  nvsns_foc.o(.data)
    f16IqReq                                 0x20000146   Data           2  nvsns_foc.o(.data)
    f16IqReq_                                0x20000148   Data           2  nvsns_foc.o(.data)
    f16AccelFeedforward                      0x2000014a   Data           2  nvsns_foc.o(.data)
    f_mech                                   0x20000152   Data           2  nvsns_foc.o(.data)
    OL_SpeedRampInc                          0x20000154   Data           4  nvsns_foc.o(.data)
    CL_SpeedRampInc                          0x20000158   Data           4  nvsns_foc.o(.data)
    CL_SpeedRampDec                          0x2000015c   Data           4  nvsns_foc.o(.data)
    fasttime                                 0x20000160   Data           4  nvsns_foc.o(.data)
    tIabcFbckMVM                             0x20000164   Data           6  nvsns_foc.o(.data)
    g_updateCtrlCmd                          0x2000016a   Data           1  lin_api_appl.o(.data)
    g_confirmComTypeCmdUpdate                0x2000016b   Data           1  lin_api_appl.o(.data)
    g_tATCPVersion                           0x20000170   Data           8  lin_api_appl.o(.data)
    g_tATCPState                             0x20000178   Data           8  lin_api_appl.o(.data)
    g_tATCPFault                             0x20000180   Data           8  lin_api_appl.o(.data)
    g_nodeFramePIDTable                      0x200001b0   Data           9  lin_config.o(.data)
    g_nad                                    0x200001d1   Data           1  lin_identification_and_configuration.o(.data)
    g_busIdleTimeoutCounter                  0x200001e8   Data           2  lin_init.o(.data)
    g_allLinError                            0x200001ec   Data           4  lin_init.o(.data)
    g_stallTimes                             0x200001f4   Data           2  fault_diagnose.o(.data)
    g_stallLockTimes                         0x200001f6   Data           2  fault_diagnose.o(.data)
    unbalanceU                               0x200001f8   Data           2  fault_diagnose.o(.data)
    unbalanceV                               0x200001fa   Data           2  fault_diagnose.o(.data)
    unbalanceW                               0x200001fc   Data           2  fault_diagnose.o(.data)
    currentU                                 0x2000022a   Data           2  fault_diagnose.o(.data)
    currentV                                 0x2000022c   Data           2  fault_diagnose.o(.data)
    currentW                                 0x2000022e   Data           2  fault_diagnose.o(.data)
    currentU_Max                             0x20000230   Data           2  fault_diagnose.o(.data)
    currentV_Max                             0x20000232   Data           2  fault_diagnose.o(.data)
    currentW_Max                             0x20000234   Data           2  fault_diagnose.o(.data)
    currentU_Min                             0x20000236   Data           2  fault_diagnose.o(.data)
    currentV_Min                             0x20000238   Data           2  fault_diagnose.o(.data)
    currentW_Min                             0x2000023a   Data           2  fault_diagnose.o(.data)
    stallTimeOut                             0x2000023c   Data           4  fault_diagnose.o(.data)
    stallLockTimeOut                         0x20000240   Data           4  fault_diagnose.o(.data)
    multiStallClrCnt                         0x20000244   Data           4  fault_diagnose.o(.data)
    currAbsSum                               0x20000248   Data           4  fault_diagnose.o(.data)
    lackCnt                                  0x2000024c   Data           4  fault_diagnose.o(.data)
    tFaultMode                               0x20000258   Data           4  fault_diagnose.o(.data)
    pu16SqrtTbl                              0x2000025c   Data           4  mm_lib.o(.data)
    ValSinTab_1                              0x20000260   Data           4  mm_lib.o(.data)
    ValAtanTab                               0x20000264   Data           4  mm_lib.o(.data)
    f16TestSpeed                             0x20000268   Data           2  amc_lib.o(.data)
    f16Speed                                 0x2000026a   Data           2  windmilling.o(.data)
    u16AlignCnt                              0x2000026c   Data           2  smart_align.o(.data)
    tLastUAlBe                               0x2000026e   Data           4  smart_align.o(.data)
    tUAlBeErr                                0x20000272   Data           4  smart_align.o(.data)
    g_myLinStatus                            0x20000278   Data           3  lin_api.o(.data)
    g_MyLinIfcStatus                         0x2000027c   Data           2  lin_api.o(.data)
    g_nowFrameExpectedByte                   0x2000027e   Data           1  lin_api.o(.data)
    g_currentFramePointer                    0x20000280   Data           4  lin_api.o(.data)
    g_frameErr                               0x20000284   Data           1  lin_api.o(.data)
    g_u8MeasureVectorFlag                    0x20000288   Data           1  curr_sample_1rps_aiwin.o(.data)
    TR2cnt                                   0x2000028a   Data           2  curr_sample_1rps_aiwin.o(.data)
    IuCalc                                   0x2000028e   Data           2  curr_sample_1rps_aiwin.o(.data)
    IvCalc                                   0x20000290   Data           2  curr_sample_1rps_aiwin.o(.data)
    IwCalc                                   0x20000292   Data           2  curr_sample_1rps_aiwin.o(.data)
    MVMPWMPeriod                             0x20000294   Data           4  curr_sample_1rps_aiwin.o(.data)
    s_f16IdIQend                             0x2000029e   Data           2  dq_dual_space_switch.o(.data)
    Te_old                                   0x200002a0   Data           2  dq_dual_space_switch.o(.data)
    g_i32AngleIncrement                      0x200002a4   Data           4  transform.o(.data)
    g_qpr_test_enable                        0x200002a8   Data           1  qpr_fixed.o(.data)
    g_qpr_test_Kr_q15                        0x200002aa   Data           2  qpr_fixed.o(.data)
    g_qpr_test_alpha_q15                     0x200002ac   Data           2  qpr_fixed.o(.data)
    g_qpr_test_y_limit_q15                   0x200002ae   Data           2  qpr_fixed.o(.data)
    g_qpr_test_e_q15                         0x200002b0   Data           2  qpr_fixed.o(.data)
    g_qpr_test_y_q15                         0x200002b2   Data           2  qpr_fixed.o(.data)
    g_qpr_test_f0_mhz                        0x200002c4   Data           4  qpr_fixed.o(.data)
    g_derating_controller                    0x200002d4   Data          48  derating_control.o(.bss)
    spwmVM                                   0x20000304   Data          48  nvsns_foc.o(.bss)
    tDrvFoc                                  0x20000334   Data         656  nvsns_foc.o(.bss)
    tMotorCalculations                       0x200005c4   Data         164  nvsns_foc.o(.bss)
    g_tIqFbackLpFilter                       0x20000668   Data          28  nvsns_foc.o(.bss)
    g_tIdFbackLpFilter                       0x20000684   Data          28  nvsns_foc.o(.bss)
    g_tEdampHpFilter                         0x200006a0   Data          40  nvsns_foc.o(.bss)
    g_eventTable                             0x20000738   Data           9  lin_config.o(.bss)
    g_NVRProgramDatabuffer                   0x20000778   Data         128  lin_nvr.o(.bss)
    tFaultCfg                                0x200007f8   Data          24  fault_init.o(.bss)
    tCurrSample1rps                          0x20000810   Data         112  curr_sample_1rps.o(.bss)
    tDeadTimeComp                            0x20000880   Data          28  deadtime_comp.o(.bss)
    g_dataBuffTmp                            0x2000089c   Data          10  lin_api.o(.bss)
    tCurrAuxInfo                             0x200008a6   Data          22  curr_sample_1rps_aiwin.o(.bss)
    tHfiCtrl                                 0x200008bc   Data         344  hfi_lib.o(.bss)
    tMotorParamId                            0x20000a14   Data         192  motor_param_id.o(.bss)
    tStallDetection                          0x20000af0   Data          84  stalldetection.o(.bss)
    __initial_sp                             0x20000f48   Data           0  startup_nsuc1602.o(STACK)



==============================================================================

Memory Map of the image

  Image Entry point : 0x080006cd

  Load Region LR_IROM1 (Base: 0x08000000, Size: 0x00005664, Max: 0x00010000, ABSOLUTE, COMPRESSED[0x0000549c])

    Execution Region ER_IROM1 (Exec base: 0x08000000, Load base: 0x08000000, Size: 0x00005390, Max: 0x00010000, ABSOLUTE)

    Exec Addr    Load Addr    Size         Type   Attr      Idx    E Section Name        Object

    0x08000000   0x08000000   0x00000084   Data   RO            3    RESET               startup_nsuc1602.o
    0x08000084   0x08000084   0x00000000   Code   RO         4304  * .ARM.Collect$$$$00000000  mc_w.l(entry.o)
    0x08000084   0x08000084   0x00000004   Code   RO         4357    .ARM.Collect$$$$00000001  mc_w.l(entry2.o)
    0x08000088   0x08000088   0x00000004   Code   RO         4360    .ARM.Collect$$$$00000004  mc_w.l(entry5.o)
    0x0800008c   0x0800008c   0x00000000   Code   RO         4362    .ARM.Collect$$$$00000008  mc_w.l(entry7b.o)
    0x0800008c   0x0800008c   0x00000000   Code   RO         4364    .ARM.Collect$$$$0000000A  mc_w.l(entry8b.o)
    0x0800008c   0x0800008c   0x00000008   Code   RO         4365    .ARM.Collect$$$$0000000B  mc_w.l(entry9a.o)
    0x08000094   0x08000094   0x00000000   Code   RO         4367    .ARM.Collect$$$$0000000D  mc_w.l(entry10a.o)
    0x08000094   0x08000094   0x00000000   Code   RO         4369    .ARM.Collect$$$$0000000F  mc_w.l(entry11a.o)
    0x08000094   0x08000094   0x00000004   Code   RO         4358    .ARM.Collect$$$$00002712  mc_w.l(entry2.o)
    0x08000098   0x08000098   0x000001e2   Code   RO         2861    .emb_text           NSUC1602_Motor_Math.lib(gcf_lib.o)
    0x0800027a   0x0800027a   0x00000002   PAD
    0x0800027c   0x0800027c   0x00000222   Code   RO         2917    .emb_text           NSUC1602_Motor_Math.lib(gmc_lib.o)
    0x0800049e   0x0800049e   0x00000002   PAD
    0x080004a0   0x080004a0   0x0000006e   Code   RO         2933    .emb_text           NSUC1602_Motor_Math.lib(mm_lib.o)
    0x0800050e   0x0800050e   0x00000002   PAD
    0x08000510   0x08000510   0x000001ba   Code   RO         2977    .emb_text           NSUC1602_Motor_Math.lib(amc_lib.o)
    0x080006ca   0x080006ca   0x00000002   PAD
    0x080006cc   0x080006cc   0x0000005c   Code   RO            4  * .text               startup_nsuc1602.o
    0x08000728   0x08000728   0x00000062   Code   RO         4307    .text               mc_w.l(uldiv.o)
    0x0800078a   0x0800078a   0x0000001e   Code   RO         4309    .text               mc_w.l(llshl.o)
    0x080007a8   0x080007a8   0x00000024   Code   RO         4311    .text               mc_w.l(llsshr.o)
    0x080007cc   0x080007cc   0x00000024   Code   RO         4313    .text               mc_w.l(memcpya.o)
    0x080007f0   0x080007f0   0x00000024   Code   RO         4315    .text               mc_w.l(memseta.o)
    0x08000814   0x08000814   0x00000064   Code   RO         4321    .text               mf_w.l(fmul.o)
    0x08000878   0x08000878   0x0000007c   Code   RO         4323    .text               mf_w.l(fdiv.o)
    0x080008f4   0x080008f4   0x00000018   Code   RO         4325    .text               mf_w.l(fscalb.o)
    0x0800090c   0x0800090c   0x0000014e   Code   RO         4327    .text               mf_w.l(dadd.o)
    0x08000a5a   0x08000a5a   0x000000e4   Code   RO         4329    .text               mf_w.l(dmul.o)
    0x08000b3e   0x08000b3e   0x000000de   Code   RO         4331    .text               mf_w.l(ddiv.o)
    0x08000c1c   0x08000c1c   0x0000002e   Code   RO         4333    .text               mf_w.l(dscalb.o)
    0x08000c4a   0x08000c4a   0x00000012   Code   RO         4335    .text               mf_w.l(fflti.o)
    0x08000c5c   0x08000c5c   0x00000032   Code   RO         4341    .text               mf_w.l(ffixi.o)
    0x08000c8e   0x08000c8e   0x00000028   Code   RO         4343    .text               mf_w.l(ffixui.o)
    0x08000cb6   0x08000cb6   0x0000003e   Code   RO         4345    .text               mf_w.l(dfixi.o)
    0x08000cf4   0x08000cf4   0x00000026   Code   RO         4347    .text               mf_w.l(f2d.o)
    0x08000d1a   0x08000d1a   0x00000002   PAD
    0x08000d1c   0x08000d1c   0x00000030   Code   RO         4349    .text               mf_w.l(cdcmple.o)
    0x08000d4c   0x08000d4c   0x00000030   Code   RO         4351    .text               mf_w.l(cdrcmple.o)
    0x08000d7c   0x08000d7c   0x00000038   Code   RO         4353    .text               mf_w.l(d2f.o)
    0x08000db4   0x08000db4   0x00000014   Code   RO         4355    .text               mf_w.l(cfcmple.o)
    0x08000dc8   0x08000dc8   0x00000020   Code   RO         4371    .text               mc_w.l(llushr.o)
    0x08000de8   0x08000de8   0x00000000   Code   RO         4373    .text               mc_w.l(iusefp.o)
    0x08000de8   0x08000de8   0x0000006e   Code   RO         4374    .text               mf_w.l(fepilogue.o)
    0x08000e56   0x08000e56   0x000000ba   Code   RO         4376    .text               mf_w.l(depilogue.o)
    0x08000f10   0x08000f10   0x00000024   Code   RO         4378    .text               mc_w.l(init.o)
    0x08000f34   0x08000f34   0x0000003a   Code   RO         4388    .text               mc_w.l(__dczerorl.o)
    0x08000f6e   0x08000f6e   0x00000002   PAD
    0x08000f70   0x08000f70   0x00000014   Code   RO         1071    i.ADC_IRQHandler    nvsns_foc.o
    0x08000f84   0x08000f84   0x00000030   Code   RO          978    i.AMC_FWInit_F16    mtr_adv_init.o
    0x08000fb4   0x08000fb4   0x0000001c   Code   RO         2978    i.AMC_InitObsrv_F16  NSUC1602_Motor_Math.lib(amc_lib.o)
    0x08000fd0   0x08000fd0   0x00000038   Code   RO         2980    i.AMC_TrackObsrv_F16  NSUC1602_Motor_Math.lib(amc_lib.o)
    0x08001008   0x08001008   0x0000000e   Code   RO         2522    i.AlarmCheck10msTask  fault_diagnose.o
    0x08001016   0x08001016   0x00000002   Code   RO         2523    i.AlarmCheck1msTask  fault_diagnose.o
    0x08001018   0x08001018   0x00000094   Code   RO         1073    i.AutomaticMode     nvsns_foc.o
    0x080010ac   0x080010ac   0x00000100   Code   RO         2188    i.BSM_BitEndCallback  lin_identification_and_configuration.o
    0x080011ac   0x080011ac   0x0000003c   Code   RO         2189    i.BSM_FeCallback    lin_identification_and_configuration.o
    0x080011e8   0x080011e8   0x0000000c   Code   RO         2190    i.BSM_GetBSMNodeStatus  lin_identification_and_configuration.o
    0x080011f4   0x080011f4   0x000000a0   Code   RO         2191    i.BSM_InitShuntMeasurement  lin_identification_and_configuration.o
    0x08001294   0x08001294   0x00000058   Code   RO         2192    i.BSM_Reset         lin_identification_and_configuration.o
    0x080012ec   0x080012ec   0x0000002c   Code   RO         2193    i.BSM_ResetInFrameEnd  lin_identification_and_configuration.o
    0x08001318   0x08001318   0x0000003c   Code   RO         2194    i.BSM_ShuntMeasurement  lin_identification_and_configuration.o
    0x08001354   0x08001354   0x00000030   Code   RO         1074    i.BrakeOutput       nvsns_foc.o
    0x08001384   0x08001384   0x00000002   Code   RO          660    i.BusFaultHandler   handler.o
    0x08001386   0x08001386   0x00000002   PAD
    0x08001388   0x08001388   0x0000000c   Code   RO         3227    i.BusIdleStartMeasurement  lin_api.lib(lin_api.o)
    0x08001394   0x08001394   0x0000003c   Code   RO         2663    i.CHP_IRQHandler    fault_handler.o
    0x080013d0   0x080013d0   0x0000002c   Code   RO          564    i.CalcIgbtTemp      ntcdrive.o
    0x080013fc   0x080013fc   0x00000014   Code   RO         1075    i.CalcOpenLoop      nvsns_foc.o
    0x08001410   0x08001410   0x00000078   Code   RO          565    i.CalcSensorTemp    ntcdrive.o
    0x08001488   0x08001488   0x00000044   Code   RO         2411    i.CalculateCheckSum  lin_init.o
    0x080014cc   0x080014cc   0x00000020   Code   RO         1076    i.ChangeAdcQ5ToBEMF  nvsns_foc.o
    0x080014ec   0x080014ec   0x00000020   Code   RO         1077    i.ChangeAdcQ5ToIbus  nvsns_foc.o
    0x0800150c   0x0800150c   0x00000068   Code   RO         2529    i.CheckHardwareOcp  fault_diagnose.o
    0x08001574   0x08001574   0x00000094   Code   RO         2530    i.CheckHardwareShortCircuit  fault_diagnose.o
    0x08001608   0x08001608   0x00000002   Code   RO          607    i.CheckSleepStatus  sleep_control.o
    0x0800160a   0x0800160a   0x00000002   PAD
    0x0800160c   0x0800160c   0x00000010   Code   RO         3503    i.DQ_DualSpaceBlendReset  FOCLIB_VOLV_251209.lib(dq_dual_space_switch.o)
    0x0800161c   0x0800161c   0x0000000c   Code   RO         3508    i.DQ_DualSpaceSetBlendStep  FOCLIB_VOLV_251209.lib(dq_dual_space_switch.o)
    0x08001628   0x08001628   0x0000001c   Code   RO         3132    i.DeadTimeCompensationInit  NSUC1602_Motor_Math.lib(deadtime_comp.o)
    0x08001644   0x08001644   0x00000038   Code   RO          255    i.DebugGPIO_Init    lin_appl.o
    0x0800167c   0x0800167c   0x00000002   Code   RO          661    i.DebugMonHandler   handler.o
    0x0800167e   0x0800167e   0x0000002a   Code   RO          506    i.Derating_Apply    derating_control.o
    0x080016a8   0x080016a8   0x0000003a   Code   RO          508    i.Derating_ConvertRpmToFrac16  derating_control.o
    0x080016e2   0x080016e2   0x00000016   Code   RO          509    i.Derating_GetMaxAllowedRpm  derating_control.o
    0x080016f8   0x080016f8   0x00000032   Code   RO          510    i.Derating_Init     derating_control.o
    0x0800172a   0x0800172a   0x00000002   PAD
    0x0800172c   0x0800172c   0x0000002c   Code   RO         1079    i.DisableOutput     nvsns_foc.o
    0x08001758   0x08001758   0x000001fc   Code   RO         1080    i.EPWM_IRQHandler   nvsns_foc.o
    0x08001954   0x08001954   0x00000030   Code   RO         1081    i.EnableOutput      nvsns_foc.o
    0x08001984   0x08001984   0x00000002   Code   RO          256    i.ErrorHandler      lin_appl.o
    0x08001986   0x08001986   0x00000002   PAD
    0x08001988   0x08001988   0x000000c0   Code   RO         2707    i.FAULT_Init        fault_init.o
    0x08001a48   0x08001a48   0x00000002   Code   RO          663    i.FLASH_IRQHandler  handler.o
    0x08001a4a   0x08001a4a   0x00000002   PAD
    0x08001a4c   0x08001a4c   0x00000030   Code   RO         1082    i.FOC_1MSTASK       nvsns_foc.o
    0x08001a7c   0x08001a7c   0x00000180   Code   RO         1010    i.FOC_AdcInit       foc_init.o
    0x08001bfc   0x08001bfc   0x000000fc   Code   RO         1011    i.FOC_EpwmInit      foc_init.o
    0x08001cf8   0x08001cf8   0x00000218   Code   RO         1012    i.FOC_GduInit       foc_init.o
    0x08001f10   0x08001f10   0x00000018   Code   RO          257    i.FeedDWDG          lin_appl.o
    0x08001f28   0x08001f28   0x00000154   Code   RO         1083    i.FocFastLoop       nvsns_foc.o
    0x0800207c   0x0800207c   0x0000018c   Code   RO         1084    i.FocSlowLoop       nvsns_foc.o
    0x08002208   0x08002208   0x00000024   Code   RO         4044    i.GCF_IntegratorTR_F16_AIWIN  FOCLIB_VOLV_251209.lib(transform.o)
    0x0800222c   0x0800222c   0x000000f8   Code   RO         4202    i.GCF_PositionalPI_F16  FOCLIB_VOLV_251209.lib(pi.o)
    0x08002324   0x08002324   0x00000028   Code   RO         2867    i.GCF_Ramp_F16      NSUC1602_Motor_Math.lib(gcf_lib.o)
    0x0800234c   0x0800234c   0x00000030   Code   RO         2666    i.GDU_IRQHandler    fault_handler.o
    0x0800237c   0x0800237c   0x0000001c   Code   RO         2412    i.GotoSleep         lin_init.o
    0x08002398   0x08002398   0x000000a4   Code   RO         3625    i.HFI_CalculateInductanceValues  FOCLIB_VOLV_251209.lib(hfi_lib.o)
    0x0800243c   0x0800243c   0x00000002   Code   RO          664    i.HardFaultHandler  handler.o
    0x0800243e   0x0800243e   0x00000012   Code   RO         3817    i.IQ_HPFilterInit   FOCLIB_VOLV_251209.lib(iq_filter.o)
    0x08002450   0x08002450   0x000000cc   Code   RO         3820    i.IQ_LPFilterCalc   FOCLIB_VOLV_251209.lib(iq_filter.o)
    0x0800251c   0x0800251c   0x0000000c   Code   RO         3821    i.IQ_LPFilterInit   FOCLIB_VOLV_251209.lib(iq_filter.o)
    0x08002528   0x08002528   0x000000bc   Code   RO         3822    i.IQ_LPFilterParaCalc  FOCLIB_VOLV_251209.lib(iq_filter.o)
    0x080025e4   0x080025e4   0x00000048   Code   RO         3823    i.IQ_LPFilterSetCutoffHz  FOCLIB_VOLV_251209.lib(iq_filter.o)
    0x0800262c   0x0800262c   0x00000480   Code   RO         1088    i.InitFocParas      nvsns_foc.o
    0x08002aac   0x08002aac   0x0000003c   Code   RO         4048    i.InitFreqToAngleIncrement  FOCLIB_VOLV_251209.lib(transform.o)
    0x08002ae8   0x08002ae8   0x0000008c   Code   RO         1090    i.InitMotorConfig   nvsns_foc.o
    0x08002b74   0x08002b74   0x0000003c   Code   RO          258    i.InitWatchDog      lin_appl.o
    0x08002bb0   0x08002bb0   0x00000054   Code   RO         2195    i.LINPORT_IRQHandler  lin_identification_and_configuration.o
    0x08002c04   0x08002c04   0x00000010   Code   RO         2414    i.LINUART_Enable    lin_init.o
    0x08002c14   0x08002c14   0x000000b0   Code   RO         2415    i.LINUART_IRQHandler  lin_init.o
    0x08002cc4   0x08002cc4   0x000000bc   Code   RO         2416    i.LINUART_Init      lin_init.o
    0x08002d80   0x08002d80   0x00000044   Code   RO         2417    i.LINUART_ReceiveDataByFIFO  lin_init.o
    0x08002dc4   0x08002dc4   0x00000070   Code   RO         2418    i.LINUART_TransmitDataByFIFO  lin_init.o
    0x08002e34   0x08002e34   0x00000068   Code   RO         2196    i.LIN_AssignFrameIDRange  lin_identification_and_configuration.o
    0x08002e9c   0x08002e9c   0x0000005c   Code   RO         2197    i.LIN_AssignNAD     lin_identification_and_configuration.o
    0x08002ef8   0x08002ef8   0x00000040   Code   RO         3228    i.LIN_CheckPID      lin_api.lib(lin_api.o)
    0x08002f38   0x08002f38   0x0000000c   Code   RO         2198    i.LIN_ClearResponseFlagForDiagnosisFrame  lin_identification_and_configuration.o
    0x08002f44   0x08002f44   0x0000009c   Code   RO         2201    i.LIN_ConditionalChangeNAD  lin_identification_and_configuration.o
    0x08002fe0   0x08002fe0   0x0000004c   Code   RO         2202    i.LIN_EnterProgramSession  lin_identification_and_configuration.o
    0x0800302c   0x0800302c   0x0000000c   Code   RO         2203    i.LIN_GetResponseFlagForDiagnosisFrame  lin_identification_and_configuration.o
    0x08003038   0x08003038   0x0000004c   Code   RO         2206    i.LIN_NodeConfigAndIndentifByDiagnosticFrame  lin_identification_and_configuration.o
    0x08003084   0x08003084   0x000000d0   Code   RO         2207    i.LIN_ReadByIdentifier  lin_identification_and_configuration.o
    0x08003154   0x08003154   0x00000098   Code   RO         2208    i.LIN_SNPD          lin_identification_and_configuration.o
    0x080031ec   0x080031ec   0x00000040   Code   RO         2209    i.LIN_SaveConfiguration  lin_identification_and_configuration.o
    0x0800322c   0x0800322c   0x00000010   Code   RO         2210    i.LIN_SetSendingResponseForConfig  lin_identification_and_configuration.o
    0x0800323c   0x0800323c   0x0000014c   Code   RO          259    i.LinApplMain       lin_appl.o
    0x08003388   0x08003388   0x00000074   Code   RO         2934    i.MM_AtanXYF16      NSUC1602_Motor_Math.lib(mm_lib.o)
    0x080033fc   0x080033fc   0x00000074   Code   RO         2936    i.MM_QuartAtanF16   NSUC1602_Motor_Math.lib(mm_lib.o)
    0x08003470   0x08003470   0x0000003c   Code   RO         2937    i.MM_SqrtLut_F16    NSUC1602_Motor_Math.lib(mm_lib.o)
    0x080034ac   0x080034ac   0x00000090   Code   RO         2938    i.MM_ThetaTransferTrigonoLut  NSUC1602_Motor_Math.lib(mm_lib.o)
    0x0800353c   0x0800353c   0x00000048   Code   RO           13    i.MainTask          main.o
    0x08003584   0x08003584   0x0000002c   Code   RO         2212    i.MatchFunctionID   lin_identification_and_configuration.o
    0x080035b0   0x080035b0   0x00000018   Code   RO         2213    i.MatchNAD          lin_identification_and_configuration.o
    0x080035c8   0x080035c8   0x0000002c   Code   RO         2214    i.MatchSupplierID   lin_identification_and_configuration.o
    0x080035f4   0x080035f4   0x00000014   Code   RO         2215    i.MatchWildcardID   lin_identification_and_configuration.o
    0x08003608   0x08003608   0x00000002   Code   RO          665    i.MemManageHandler  handler.o
    0x0800360a   0x0800360a   0x00000002   PAD
    0x0800360c   0x0800360c   0x000000e8   Code   RO          437    i.MotorStateCtrl    motor_state_ctrl.o
    0x080036f4   0x080036f4   0x0000000a   Code   RO         4122    i.MulQ15_By_IntmHz  FOCLIB_VOLV_251209.lib(qpr_fixed.o)
    0x080036fe   0x080036fe   0x00000002   Code   RO          666    i.NMIHandler        handler.o
    0x08003700   0x08003700   0x00000016   Code   RO         1013    i.NVIC_DisableIRQ   foc_init.o
    0x08003716   0x08003716   0x00000020   Code   RO         1014    i.NVIC_SetPriority  foc_init.o
    0x08003736   0x08003736   0x00000002   PAD
    0x08003738   0x08003738   0x0000011c   Code   RO         3229    i.NotifyRxTxStatus  lin_api.lib(lin_api.o)
    0x08003854   0x08003854   0x00000064   Code   RO         2739    i.PARAM_ID_Init     foclib_init.o
    0x080038b8   0x080038b8   0x00000050   Code   RO         2667    i.PMU_IRQHandler    fault_handler.o
    0x08003908   0x08003908   0x0000003c   Code   RO          333    i.PWMIO_CheckTimeout  pwm_appl.o
    0x08003944   0x08003944   0x00000034   Code   RO          334    i.PWMIO_ConfirmDutyCycle  pwm_appl.o
    0x08003978   0x08003978   0x000000ac   Code   RO          339    i.PWMIO_IRQHandler  pwm_appl.o
    0x08003a24   0x08003a24   0x0000000e   Code   RO          342    i.PWMIO_Task10ms    pwm_appl.o
    0x08003a32   0x08003a32   0x00000002   PAD
    0x08003a34   0x08003a34   0x00000038   Code   RO          343    i.PWMOUT_Set        pwm_appl.o
    0x08003a6c   0x08003a6c   0x0000002c   Code   RO          344    i.PWMOUT_SetEnable  pwm_appl.o
    0x08003a98   0x08003a98   0x00000002   Code   RO          667    i.PendSVHandler     handler.o
    0x08003a9a   0x08003a9a   0x00000002   PAD
    0x08003a9c   0x08003a9c   0x00000018   Code   RO          260    i.PowerEnableForward  lin_appl.o
    0x08003ab4   0x08003ab4   0x0000007c   Code   RO          261    i.PowerEnableGPIO_Init  lin_appl.o
    0x08003b30   0x08003b30   0x00000018   Code   RO          262    i.PowerEnableReverse  lin_appl.o
    0x08003b48   0x08003b48   0x00000002   Code   RO         2419    i.PrepareToWakeup   lin_init.o
    0x08003b4a   0x08003b4a   0x00000002   PAD
    0x08003b4c   0x08003b4c   0x000000b4   Code   RO         4123    i.QPR_FXP_TestLite_ReinitIfNeeded  FOCLIB_VOLV_251209.lib(qpr_fixed.o)
    0x08003c00   0x08003c00   0x0000007c   Code   RO         4124    i.QPR_FXP_TestLite_Step  FOCLIB_VOLV_251209.lib(qpr_fixed.o)
    0x08003c7c   0x08003c7c   0x00000024   Code   RO         2362    i.ReadNADFromNVR    lin_nvr.o
    0x08003ca0   0x08003ca0   0x0000003c   Code   RO         2363    i.ReadPIDFromNVR    lin_nvr.o
    0x08003cdc   0x08003cdc   0x00000034   Code   RO         2420    i.ResetLINResponseErrorForUser  lin_init.o
    0x08003d10   0x08003d10   0x00000034   Code   RO         2421    i.ResetProtocolState  lin_init.o
    0x08003d44   0x08003d44   0x00000002   Code   RO          668    i.SVCHandler        handler.o
    0x08003d46   0x08003d46   0x00000002   PAD
    0x08003d48   0x08003d48   0x00000048   Code   RO         3230    i.SetLINResponseError  lin_api.lib(lin_api.o)
    0x08003d90   0x08003d90   0x00000040   Code   RO         2422    i.SetLINResponseErrorForUser  lin_init.o
    0x08003dd0   0x08003dd0   0x000001f4   Code   RO         1093    i.SetPwmDutyAIWIN   nvsns_foc.o
    0x08003fc4   0x08003fc4   0x00000064   Code   RO         2364    i.SetRequestEnterBootloader  lin_nvr.o
    0x08004028   0x08004028   0x00000014   Code   RO         3187    i.SmartAlgnInit     NSUC1602_Motor_Math.lib(smart_align.o)
    0x0800403c   0x0800403c   0x00000154   Code   RO         1094    i.StateAlign        nvsns_foc.o
    0x08004190   0x08004190   0x0000008c   Code   RO         1095    i.StateCalib        nvsns_foc.o
    0x0800421c   0x0800421c   0x00000040   Code   RO         1096    i.StateFault        nvsns_foc.o
    0x0800425c   0x0800425c   0x00000058   Code   RO         1097    i.StateInit         nvsns_foc.o
    0x080042b4   0x080042b4   0x00000010   Code   RO         1098    i.StateReady        nvsns_foc.o
    0x080042c4   0x080042c4   0x0000001c   Code   RO         1099    i.StateReset        nvsns_foc.o
    0x080042e0   0x080042e0   0x0000013c   Code   RO         1100    i.StateRun          nvsns_foc.o
    0x0800441c   0x0800441c   0x0000001c   Code   RO          955    i.SysTickHandler    systick_isr.o
    0x08004438   0x08004438   0x00000044   Code   RO          844    i.SysTick_Init      systick.o
    0x0800447c   0x0800447c   0x00000010   Code   RO          812    i.SystemInit        system.o
    0x0800448c   0x0800448c   0x00000038   Code   RO           14    i.Task1000msProcess  main.o
    0x080044c4   0x080044c4   0x00000002   Code   RO           15    i.Task100msProcess  main.o
    0x080044c6   0x080044c6   0x00000002   Code   RO           16    i.Task10msCanE2promProcess  main.o
    0x080044c8   0x080044c8   0x00000012   Code   RO           17    i.Task10msProcess   main.o
    0x080044da   0x080044da   0x00000002   PAD
    0x080044dc   0x080044dc   0x00000030   Code   RO           18    i.Task1msProcess    main.o
    0x0800450c   0x0800450c   0x00000024   Code   RO          845    i.Timer_GetFASTTime  systick.o
    0x08004530   0x08004530   0x00000014   Code   RO          846    i.Timer_Start       systick.o
    0x08004544   0x08004544   0x00000020   Code   RO          263    i.UpdateLinATCPFault  lin_appl.o
    0x08004564   0x08004564   0x000000a4   Code   RO          264    i.UpdateLinATCPStatus  lin_appl.o
    0x08004608   0x08004608   0x00000002   Code   RO          669    i.UsageFaultHandler  handler.o
    0x0800460a   0x0800460a   0x00000022   Code   RO          980    i.WM_Init           mtr_adv_init.o
    0x0800462c   0x0800462c   0x0000013c   Code   RO         3092    i.WM_WindDetection  NSUC1602_Motor_Math.lib(windmilling.o)
    0x08004768   0x08004768   0x00000024   Code   RO         4052    i.WrapAngleQ15      FOCLIB_VOLV_251209.lib(transform.o)
    0x0800478c   0x0800478c   0x00000008   Code   RO         4053    i.WrapAngleSumQ15   FOCLIB_VOLV_251209.lib(transform.o)
    0x08004794   0x08004794   0x00000024   Code   RO         2423    i.WriteResponseError  lin_init.o
    0x080047b8   0x080047b8   0x0000002a   Code   RO         3824    i._IQadd            FOCLIB_VOLV_251209.lib(iq_filter.o)
    0x080047e2   0x080047e2   0x0000000e   Code   RO         4382    i.__scatterload_copy  mc_w.l(handlers.o)
    0x080047f0   0x080047f0   0x00000002   Code   RO         4383    i.__scatterload_null  mc_w.l(handlers.o)
    0x080047f2   0x080047f2   0x0000000e   Code   RO         4384    i.__scatterload_zeroinit  mc_w.l(handlers.o)
    0x08004800   0x08004800   0x0000000c   Code   RO           19    i.confirmComType    main.o
    0x0800480c   0x0800480c   0x0000010c   Code   RO         2536    i.getCurrentMaxMin  fault_diagnose.o
    0x08004918   0x08004918   0x00000026   Code   RO         2069    i.l_atcp_struct_trans_data_buffer  lin_api_appl.o
    0x0800493e   0x0800493e   0x00000026   Code   RO         2074    i.l_fault_trans_data_buffer  lin_api_appl.o
    0x08004964   0x08004964   0x00000028   Code   RO         2075    i.l_flg_set_update_flags  lin_api_appl.o
    0x0800498c   0x0800498c   0x00000024   Code   RO         3233    i.l_ifc_connect_MyLinIfc  lin_api.lib(lin_api.o)
    0x080049b0   0x080049b0   0x00000014   Code   RO         3235    i.l_ifc_init_MyLinIfc  lin_api.lib(lin_api.o)
    0x080049c4   0x080049c4   0x000001c0   Code   RO         3238    i.l_ifc_rx_MyLinIfc  lin_api.lib(lin_api.o)
    0x08004b84   0x08004b84   0x00000030   Code   RO         2425    i.l_sys_init        lin_init.o
    0x08004bb4   0x08004bb4   0x00000026   Code   RO         2079    i.l_ver_trans_data_buffer  lin_api_appl.o
    0x08004bda   0x08004bda   0x00000020   Code   RO         4125    i.mHzToAngleIncQ15  FOCLIB_VOLV_251209.lib(qpr_fixed.o)
    0x08004bfa   0x08004bfa   0x00000002   PAD
    0x08004bfc   0x08004bfc   0x00000028   Code   RO           20    i.main              main.o
    0x08004c24   0x08004c24   0x00000052   Code   RO         3883    i.motorInitCalculations  FOCLIB_VOLV_251209.lib(motor_data_calc.o)
    0x08004c76   0x08004c76   0x00000048   Code   RO         4126    i.qprFxpInit        FOCLIB_VOLV_251209.lib(qpr_fixed.o)
    0x08004cbe   0x08004cbe   0x0000001a   Code   RO         4127    i.qprFxpSetWcByAlphamhz  FOCLIB_VOLV_251209.lib(qpr_fixed.o)
    0x08004cd8   0x08004cd8   0x00000022   Code   RO         4128    i.qprFxpSetWcmHz    FOCLIB_VOLV_251209.lib(qpr_fixed.o)
    0x08004cfa   0x08004cfa   0x000000ba   Code   RO         4129    i.qprFxpUpdate      FOCLIB_VOLV_251209.lib(qpr_fixed.o)
    0x08004db4   0x08004db4   0x0000000e   Code   RO         4130    i.qpr_sin_q15_local  FOCLIB_VOLV_251209.lib(qpr_fixed.o)
    0x08004dc2   0x08004dc2   0x00000104   Code   RO         4131    i.qpr_update_coefs_q15  FOCLIB_VOLV_251209.lib(qpr_fixed.o)
    0x08004ec6   0x08004ec6   0x00000002   PAD
    0x08004ec8   0x08004ec8   0x00000020   Code   RO         1101    i.saturate_16       nvsns_foc.o
    0x08004ee8   0x08004ee8   0x0000001a   Code   RO         4132    i.sincos_q15        FOCLIB_VOLV_251209.lib(qpr_fixed.o)
    0x08004f02   0x08004f02   0x0000004e   Code   RO         2742    i.stallDetectionInit  foclib_init.o
    0x08004f50   0x08004f50   0x00000012   Data   RO          512    .constdata          derating_control.o
    0x08004f62   0x08004f62   0x00000006   Data   RO          513    .constdata          derating_control.o
    0x08004f68   0x08004f68   0x00000010   Data   RO          514    .constdata          derating_control.o
    0x08004f78   0x08004f78   0x000001e2   Data   RO          566    .constdata          ntcdrive.o
    0x0800515a   0x0800515a   0x00000002   PAD
    0x0800515c   0x0800515c   0x00000188   Data   RO         1396    .constdata          state_machine.o
    0x080052e4   0x080052e4   0x00000004   Data   RO         2159    .constdata          lin_config.o
    0x080052e8   0x080052e8   0x00000006   Data   RO         2160    .constdata          lin_config.o
    0x080052ee   0x080052ee   0x00000002   PAD
    0x080052f0   0x080052f0   0x00000048   Data   RO         2161    .constdata          lin_config.o
    0x08005338   0x08005338   0x00000038   Data   RO         2217    .constdata          lin_identification_and_configuration.o
    0x08005370   0x08005370   0x00000020   Data   RO         4380    Region$$Table       anon$$obj.o


    Execution Region RW_IRAM1 (Exec base: 0x20000000, Load base: 0x08005390, Size: 0x00000f48, Max: 0x00001000, ABSOLUTE, COMPRESSED[0x0000010c])

    Exec Addr    Load Addr    Size         Type   Attr      Idx    E Section Name        Object

    0x20000000   COMPRESSED   0x0000003c   Data   RW           23    .data               main.o
    0x2000003c   COMPRESSED   0x00000001   Data   RW          265    .data               lin_appl.o
    0x2000003d   COMPRESSED   0x00000003   PAD
    0x20000040   COMPRESSED   0x0000003c   Data   RW          346    .data               pwm_appl.o
    0x2000007c   COMPRESSED   0x00000016   Data   RW          442    .data               motor_state_ctrl.o
    0x20000092   COMPRESSED   0x00000002   PAD
    0x20000094   COMPRESSED   0x00000004   Data   RW          813    .data               system.o
    0x20000098   COMPRESSED   0x00000004   Data   RW          850    .data               systick.o
    0x2000009c   COMPRESSED   0x00000004   Data   RW          956    .data               systick_isr.o
    0x200000a0   COMPRESSED   0x00000008   Data   RW          957    .data               systick_isr.o
    0x200000a8   COMPRESSED   0x00000094   Data   RW         1057    .data               foc_paras.o
    0x2000013c   COMPRESSED   0x0000002e   Data   RW         1104    .data               nvsns_foc.o
    0x2000016a   COMPRESSED   0x00000002   Data   RW         2080    .data               lin_api_appl.o
    0x2000016c   COMPRESSED   0x00000004   PAD
    0x20000170   COMPRESSED   0x00000008   Data   RW         2081    .data               lin_api_appl.o
    0x20000178   COMPRESSED   0x00000008   Data   RW         2082    .data               lin_api_appl.o
    0x20000180   COMPRESSED   0x00000008   Data   RW         2084    .data               lin_api_appl.o
    0x20000188   COMPRESSED   0x00000008   Data   RW         2162    .data               lin_config.o
    0x20000190   COMPRESSED   0x00000008   Data   RW         2163    .data               lin_config.o
    0x20000198   COMPRESSED   0x00000008   Data   RW         2164    .data               lin_config.o
    0x200001a0   COMPRESSED   0x00000008   Data   RW         2165    .data               lin_config.o
    0x200001a8   COMPRESSED   0x00000008   Data   RW         2166    .data               lin_config.o
    0x200001b0   COMPRESSED   0x00000009   Data   RW         2167    .data               lin_config.o
    0x200001b9   COMPRESSED   0x00000002   Data   RW         2168    .data               lin_config.o
    0x200001bb   COMPRESSED   0x00000002   Data   RW         2169    .data               lin_config.o
    0x200001bd   COMPRESSED   0x00000008   Data   RW         2170    .data               lin_config.o
    0x200001c5   COMPRESSED   0x00000008   Data   RW         2171    .data               lin_config.o
    0x200001cd   COMPRESSED   0x00000003   PAD
    0x200001d0   COMPRESSED   0x00000018   Data   RW         2218    .data               lin_identification_and_configuration.o
    0x200001e8   COMPRESSED   0x00000008   Data   RW         2426    .data               lin_init.o
    0x200001f0   COMPRESSED   0x0000006c   Data   RW         2537    .data               fault_diagnose.o
    0x2000025c   COMPRESSED   0x0000000c   Data   RW         2939    .data               NSUC1602_Motor_Math.lib(mm_lib.o)
    0x20000268   COMPRESSED   0x00000002   Data   RW         2982    .data               NSUC1602_Motor_Math.lib(amc_lib.o)
    0x2000026a   COMPRESSED   0x00000002   Data   RW         3093    .data               NSUC1602_Motor_Math.lib(windmilling.o)
    0x2000026c   COMPRESSED   0x0000000a   Data   RW         3190    .data               NSUC1602_Motor_Math.lib(smart_align.o)
    0x20000276   COMPRESSED   0x00000002   PAD
    0x20000278   COMPRESSED   0x0000000d   Data   RW         3244    .data               lin_api.lib(lin_api.o)
    0x20000285   COMPRESSED   0x00000003   PAD
    0x20000288   COMPRESSED   0x00000010   Data   RW         3400    .data               FOCLIB_VOLV_251209.lib(curr_sample_1rps_aiwin.o)
    0x20000298   COMPRESSED   0x0000000a   Data   RW         3515    .data               FOCLIB_VOLV_251209.lib(dq_dual_space_switch.o)
    0x200002a2   COMPRESSED   0x00000002   PAD
    0x200002a4   COMPRESSED   0x00000004   Data   RW         4054    .data               FOCLIB_VOLV_251209.lib(transform.o)
    0x200002a8   COMPRESSED   0x0000002c   Data   RW         4134    .data               FOCLIB_VOLV_251209.lib(qpr_fixed.o)
    0x200002d4        -       0x00000030   Zero   RW          511    .bss                derating_control.o
    0x20000304        -       0x00000434   Zero   RW         1102    .bss                nvsns_foc.o
    0x20000738        -       0x00000009   Zero   RW         2158    .bss                lin_config.o
    0x20000741   COMPRESSED   0x00000003   PAD
    0x20000744        -       0x00000034   Zero   RW         2216    .bss                lin_identification_and_configuration.o
    0x20000778        -       0x00000080   Zero   RW         2367    .bss                lin_nvr.o
    0x200007f8        -       0x00000018   Zero   RW         2708    .bss                fault_init.o
    0x20000810        -       0x00000070   Zero   RW         3021    .bss                NSUC1602_Motor_Math.lib(curr_sample_1rps.o)
    0x20000880        -       0x0000001c   Zero   RW         3133    .bss                NSUC1602_Motor_Math.lib(deadtime_comp.o)
    0x2000089c        -       0x0000000a   Zero   RW         3243    .bss                lin_api.lib(lin_api.o)
    0x200008a6        -       0x00000016   Zero   RW         3399    .bss                FOCLIB_VOLV_251209.lib(curr_sample_1rps_aiwin.o)
    0x200008bc        -       0x00000158   Zero   RW         3647    .bss                FOCLIB_VOLV_251209.lib(hfi_lib.o)
    0x20000a14        -       0x000000c0   Zero   RW         3950    .bss                FOCLIB_VOLV_251209.lib(motor_param_id.o)
    0x20000ad4        -       0x0000001c   Zero   RW         4133    .bss                FOCLIB_VOLV_251209.lib(qpr_fixed.o)
    0x20000af0        -       0x00000054   Zero   RW         4224    .bss                FOCLIB_VOLV_251209.lib(stalldetection.o)
    0x20000b44   COMPRESSED   0x00000004   PAD
    0x20000b48        -       0x00000400   Zero   RW            1    STACK               startup_nsuc1602.o


==============================================================================

Image component sizes


      Code (inc. data)   RO Data    RW Data    ZI Data      Debug   Object Name

       172          0         40          0         48       5867   derating_control.o
       536         24          0        108          0      12475   fault_diagnose.o
       188         22          0          0          0       1603   fault_handler.o
       192         14          0          0         24       2366   fault_init.o
      1226         28          0          0          0      26742   foc_init.o
         0          0          0        148          0       9580   foc_paras.o
       178          4          0          0          0      16997   foclib_init.o
        18          0          0          0          0       4167   handler.o
       154         10          0         26          0       4771   lin_api_appl.o
       842        108          0          1          0      28868   lin_appl.o
         0          0         82         69          9       2637   lin_config.o
      1864        232         56         24         52      39578   lin_identification_and_configuration.o
       910        152          0          8          0       8045   lin_init.o
       196         36          0          0        128       2935   lin_nvr.o
       250         40          0         60          0      50231   main.o
       232         20          0         22          0       2189   motor_state_ctrl.o
        82          0          0          0          0       2515   mtr_adv_init.o
       164          8        482          0          0       2159   ntcdrive.o
      4500        270          0         46       1076      35908   nvsns_foc.o
       398         34          0         60          0      29547   pwm_appl.o
         2          0          0          0          0        467   sleep_control.o
        92         10        132          0       1024        900   startup_nsuc1602.o
         0          0        392          0          0       1394   state_machine.o
        16          8          0          4          0        731   system.o
       124         20          0          4          0      25736   systick.o
        28          4          0         12          0       1367   systick_isr.o

    ----------------------------------------------------------------------
     12388       1044       1220        604       2364     319775   Object Totals
         0          0         32          0          0          0   (incl. Generated)
        24          0          4         12          3          0   (incl. Padding)

    ----------------------------------------------------------------------

      Code (inc. data)   RO Data    RW Data    ZI Data      Debug   Library Member Name

         0          0          0         16         22       8191   curr_sample_1rps_aiwin.o
        28         10          0         10          0       3150   dq_dual_space_switch.o
       164         26          0          0        344      10149   hfi_lib.o
       536         26          0          0          0       5465   iq_filter.o
        82          0          0          0          0       5234   motor_data_calc.o
         0          0          0          0        192       7190   motor_param_id.o
       248          0          0          0          0       2239   pi.o
       964         20          0         44         28      13847   qpr_fixed.o
         0          0          0          0         84       1370   stalldetection.o
       140         16          0          4          0       3639   transform.o
       526          6          0          2          0       3410   amc_lib.o
         0          0          0          0        112       1738   curr_sample_1rps.o
        28          0          0          0         28       2013   deadtime_comp.o
       522          0          0          0          0       7485   gcf_lib.o
       546          0          0          0          0       1572   gmc_lib.o
       546         30          0         12          0       4779   mm_lib.o
        20          6          0         10          0       1009   smart_align.o
       316         10          0          2          0       8564   windmilling.o
       936        106          0         13         10      10701   lin_api.o
        58          0          0          0          0          0   __dczerorl.o
         0          0          0          0          0          0   entry.o
         0          0          0          0          0          0   entry10a.o
         0          0          0          0          0          0   entry11a.o
         8          4          0          0          0          0   entry2.o
         4          0          0          0          0          0   entry5.o
         0          0          0          0          0          0   entry7b.o
         0          0          0          0          0          0   entry8b.o
         8          4          0          0          0          0   entry9a.o
        30          0          0          0          0          0   handlers.o
        36          8          0          0          0         68   init.o
         0          0          0          0          0          0   iusefp.o
        30          0          0          0          0         68   llshl.o
        36          0          0          0          0         68   llsshr.o
        32          0          0          0          0         68   llushr.o
        36          0          0          0          0         68   memcpya.o
        36          0          0          0          0        108   memseta.o
        98          0          0          0          0         92   uldiv.o
        48          0          0          0          0         68   cdcmple.o
        48          0          0          0          0         68   cdrcmple.o
        20          0          0          0          0         68   cfcmple.o
        56          0          0          0          0         88   d2f.o
       334          0          0          0          0        148   dadd.o
       222          0          0          0          0        100   ddiv.o
       186          0          0          0          0        176   depilogue.o
        62          0          0          0          0         80   dfixi.o
       228          0          0          0          0         96   dmul.o
        46          0          0          0          0         80   dscalb.o
        38          0          0          0          0         68   f2d.o
       124          0          0          0          0         88   fdiv.o
       110          0          0          0          0        168   fepilogue.o
        50          0          0          0          0         68   ffixi.o
        40          0          0          0          0         68   ffixui.o
        18          0          0          0          0         68   fflti.o
       100          0          0          0          0         76   fmul.o
        24          0          0          0          0         68   fscalb.o

    ----------------------------------------------------------------------
      7784        272          0        120        824     103929   Library Totals
        16          0          0          7          4          0   (incl. Padding)

    ----------------------------------------------------------------------

      Code (inc. data)   RO Data    RW Data    ZI Data      Debug   Library Name

      2162         98          0         74        670      60474   FOCLIB_VOLV_251209.lib
      2504         52          0         26        140      30570   NSUC1602_Motor_Math.lib
       936        106          0         13         10      10701   lin_api.lib
       412         16          0          0          0        540   mc_w.l
      1754          0          0          0          0       1644   mf_w.l

    ----------------------------------------------------------------------
      7784        272          0        120        824     103929   Library Totals

    ----------------------------------------------------------------------

==============================================================================


      Code (inc. data)   RO Data    RW Data    ZI Data      Debug   

     20172       1316       1220        724       3188     413796   Grand Totals
     20172       1316       1220        268       3188     413796   ELF Image Totals (compressed)
     20172       1316       1220        268          0          0   ROM Totals

==============================================================================

    Total RO  Size (Code + RO Data)                21392 (  20.89kB)
    Total RW  Size (RW Data + ZI Data)              3912 (   3.82kB)
    Total ROM Size (Code + RO Data + RW Data)      21660 (  21.15kB)

==============================================================================

