C251 COMPILER V5.60.0,  int_user                                                           22/11/25  23:09:30  PAGE 1   


C251 COMPILER V5.60.0, COMPILATION OF MODULE int_user
OBJECT MODULE PLACED IN .\out_file\int_user.obj
COMPILER INVOKED BY: D:\keil_5\C251\BIN\C251.EXE ..\user\int_user.c LARGE NOALIAS FLOAT64 WARNINGLEVEL(3) OPTIMIZE(0,SIZ
                    -E) BROWSE INCDIR(..\..\libraries\zf_common;..\..\libraries\zf_components;..\..\libraries\zf_device;..\..\libraries\zf_dr
                    -iver;..\user;..\code) DEBUG PRINT(.\out_file\int_user.lst) OBJECT(.\out_file\int_user.obj) 

stmt  level    source

    1          #include "zf_common_headfile.h"
    2          #define TIME_0 5  // ?????0?§Ø????
    3          #define TIME_1 20 // ?????1?§Ø????
    4          void int_user(void)
    5          {
    6   1              // ?????§Õ??????? ?????????????????
    7   1              imu660ra_init(); // ????? IMU660RA
    8   1              eeprom_init();
    9   1              pit_ms_init(TIM0_PIT, TIME_0);
   10   1              pit_ms_init(TIM1_PIT, TIME_1);
   11   1              encoder_dir_init(TIM3_ENCOEDER, IO_P46, TIM3_ENCOEDER_P04); // ????????????
   12   1              encoder_dir_init(TIM4_ENCOEDER, IO_P42, TIM4_ENCOEDER_P06); // ????????????
   13   1              adc_init(ADC_CH13_P05, ADC_8BIT);
   14   1              adc_init(ADC_CH0_P10, ADC_12BIT);
   15   1              adc_init(ADC_CH1_P11, ADC_12BIT);
   16   1              adc_init(ADC_CH8_P00, ADC_12BIT);
   17   1              adc_init(ADC_CH9_P01, ADC_12BIT);
   18   1              motor_Init();             // ????????
   19   1              fuya_Init();              // ???????????
   20   1              wireless_uart_init(); // ???????????
   21   1                                                        //    pwm_init(PWMA_CH4N_P07, 3800, 1);       // ???????????
   22   1              // ???????????????????????????
   23   1              pid_speed_init(&PID.left_speed, 100, 40, 0, 8000, 8000); // ?????????????
   24   1              pid_speed_init(&PID.right_speed, 100, 40, 0, 8000, 8000);
   25   1              // ¦Ë????????????????????? Kp, Kd, kd_gyro
   26   1              // ?????? (kp_Err, kd_gyro, kd_Err, 45,45)?????? kd_gyro ?????????kd_Err ???????
   27   1              pid_steer_init(&PID.steer, kp_Err, kd_Err, kd_gyro, 45, 45); // ???????
   28   1              ips114_init();
   29   1      }
   30          
   31          /*********************************************
   32           *????????????????
   33           *????????offset_init()
   34           *?????????????????
   35           *?????2024/11/26
   36           *????????
   37           *********************************************/
   38          float Gyrox = 0;
   39          float Gyroy = 0;
   40          float Gyroz = 0;
   41          float acc_x = 0;
   42          float acc_y = 0;
   43          float acc_z = 0;
   44          float Gyro_offset_x = 0;
   45          float Gyro_offset_y = 0;
   46          float Gyro_offset_z = 0;
   47          float acc_offset_x = 0;
   48          float acc_offset_y = 0;
   49          float acc_offset_z = 0;
   50          void offset_init(void)
   51          {
   52   1              int rt = 50;
   53   1              int i;
   54   1              imu660ra_init();         // ??????
   55   1              system_delay_init(); // ???
   56   1              for (i = 0; i < rt; i++)
   57   1              {
C251 COMPILER V5.60.0,  int_user                                                           22/11/25  23:09:30  PAGE 2   

   58   2                      imu660ra_get_gyro();
   59   2                      imu660ra_get_acc();
   60   2                      Gyro_offset_x += imu660ra_gyro_transition(imu660ra_gyro_x);
   61   2                      Gyro_offset_y += imu660ra_gyro_transition(imu660ra_gyro_y);
   62   2                      Gyro_offset_z += imu660ra_gyro_transition(imu660ra_gyro_z);
   63   2                      acc_offset_x += (imu660ra_acc_transition(imu660ra_acc_x));
   64   2                      acc_offset_y += (imu660ra_acc_transition(imu660ra_acc_y));
   65   2                      acc_offset_z += (imu660ra_acc_transition(imu660ra_acc_z));
   66   2                      system_delay_ms(5);
   67   2              }
   68   1              Gyro_offset_x = Gyro_offset_x / rt;
   69   1              Gyro_offset_y = Gyro_offset_y / rt;
   70   1              Gyro_offset_z = Gyro_offset_z / rt;
   71   1              acc_offset_x = acc_offset_x / rt;
   72   1              acc_offset_y = acc_offset_y / rt;
   73   1              acc_offset_z = acc_offset_z / rt;
   74   1      }


Module Information          Static   Overlayable
------------------------------------------------
  code size            =       980     ------
  ecode size           =    ------     ------
  data size            =    ------     ------
  idata size           =    ------     ------
  pdata size           =    ------     ------
  xdata size           =        52     ------
  xdata-const size     =    ------     ------
  edata size           =    ------     ------
  bit size             =    ------     ------
  ebit size            =    ------     ------
  bitaddressable size  =    ------     ------
  ebitaddressable size =    ------     ------
  far data size        =    ------     ------
  huge data size       =    ------     ------
  const size           =    ------     ------
  hconst size          =       108     ------
End of Module Information.


C251 COMPILATION COMPLETE.  0 WARNING(S),  0 ERROR(S)
